###############################################################################
#
# IAR ELF Linker V3.10.1.201 for STM8                     29/Apr/2021  21:43:37
# Copyright 2010-2017 IAR Systems AB.
#
#    Output file  =  
#        E:\01_WorkSpace\software\VSCODE\Lotus-main\Lotus-main\Project\Debug\Exe\lotus.out
#    Map file     =  
#        E:\01_WorkSpace\software\VSCODE\Lotus-main\Lotus-main\Project\Debug\List\lotus.map
#    Command line =  
#        -f C:\Users\sheol\AppData\Local\Temp\EW73C2.tmp
#        (E:\01_WorkSpace\software\VSCODE\Lotus-main\Lotus-main\Project\Debug\Obj\ColorConvert.o
#        E:\01_WorkSpace\software\VSCODE\Lotus-main\Lotus-main\Project\Debug\Obj\extendkeys.o
#        E:\01_WorkSpace\software\VSCODE\Lotus-main\Lotus-main\Project\Debug\Obj\iwdg.o
#        E:\01_WorkSpace\software\VSCODE\Lotus-main\Lotus-main\Project\Debug\Obj\key.o
#        E:\01_WorkSpace\software\VSCODE\Lotus-main\Lotus-main\Project\Debug\Obj\LedSync.o
#        E:\01_WorkSpace\software\VSCODE\Lotus-main\Lotus-main\Project\Debug\Obj\main.o
#        E:\01_WorkSpace\software\VSCODE\Lotus-main\Lotus-main\Project\Debug\Obj\Mp3Module.o
#        E:\01_WorkSpace\software\VSCODE\Lotus-main\Lotus-main\Project\Debug\Obj\mylib.o
#        E:\01_WorkSpace\software\VSCODE\Lotus-main\Lotus-main\Project\Debug\Obj\stm8s_clk.o
#        E:\01_WorkSpace\software\VSCODE\Lotus-main\Lotus-main\Project\Debug\Obj\stm8s_gpio.o
#        E:\01_WorkSpace\software\VSCODE\Lotus-main\Lotus-main\Project\Debug\Obj\stm8s_it.o
#        E:\01_WorkSpace\software\VSCODE\Lotus-main\Lotus-main\Project\Debug\Obj\stm8s_iwdg.o
#        E:\01_WorkSpace\software\VSCODE\Lotus-main\Lotus-main\Project\Debug\Obj\stm8s_tim4.o
#        E:\01_WorkSpace\software\VSCODE\Lotus-main\Lotus-main\Project\Debug\Obj\stm8s_uart2.o
#        E:\01_WorkSpace\software\VSCODE\Lotus-main\Lotus-main\Project\Debug\Obj\SystemInit.o
#        E:\01_WorkSpace\software\VSCODE\Lotus-main\Lotus-main\Project\Debug\Obj\timebase.o
#        E:\01_WorkSpace\software\VSCODE\Lotus-main\Lotus-main\Project\Debug\Obj\uart.o
#        E:\01_WorkSpace\software\VSCODE\Lotus-main\Lotus-main\Project\Debug\Obj\WS2812B.o
#        --redirect _Printf=_PrintfFullNoMb --redirect _Scanf=_ScanfFullNoMb -o
#        E:\01_WorkSpace\software\VSCODE\Lotus-main\Lotus-main\Project\Debug\Exe\lotus.out
#        --map
#        E:\01_WorkSpace\software\VSCODE\Lotus-main\Lotus-main\Project\Debug\List\lotus.map
#        --config "D:\Program Files (x86)\IAR Systems\Embedded Workbench
#        8.0\stm8\config\lnkstm8s105k4.icf" --config_def _CSTACK_SIZE=0x100
#        --config_def _HEAP_SIZE=0x100 --entry __iar_program_start --debug_lib)
#
###############################################################################

*******************************************************************************
*** RUNTIME MODEL ATTRIBUTES
***

__SystemLibrary            = DLib
__code_model               = medium_or_large
__core                     = stm8
__data_model               = medium
__dlib_file_descriptor     = 0
__dlib_full_locale_support = 0
__rt_version               = 4


*******************************************************************************
*** PLACEMENT SUMMARY
***

"A0":  place at start of [0x000000-0x0000ff] { rw section .vregs };
"A1":  place at end of [0x000000-0x0007ff] { block CSTACK };
"P2":  place in [from 0x000000 to 0x0007ff] {
          block HEAP, rw section __DLIB_PERTHREAD, rw section .far.bss,
          rw section .far.data, rw section .far.noinit,
          rw section .far_func.textrw, rw section .huge.bss,
          rw section .huge.data, rw section .huge.noinit,
          rw section .huge_func.textrw, rw section .iar.dynexit,
          rw section .near.bss, rw section .near.data, rw section .near.noinit,
          rw section .near_func.textrw };
"A2":  place at start of [0x008000-0x00bfff] { block INTVEC };
"P3":  place in [from 0x008000 to 0x00bfff] {
          ro section __DLIB_PERTHREAD_init, ro section .far.data_init,
          ro section .far_func.textrw_init, ro section .huge.data_init,
          ro section .huge_func.textrw_init, ro section .iar.init_table,
          ro section .init_array, ro section .near.data_init,
          ro section .near.rodata, ro section .near_func.text,
          ro section .near_func.textrw_init, ro section .tiny.data_init,
          ro section .tiny.rodata_init };
"P4":  place in [from 0x008000 to 0x00bfff] {
          ro section .far.rodata, ro section .far_func.text };
"P5":  place in [from 0x008000 to 0x00bfff] {
          ro section .huge.rodata, ro section .huge_func.text };
do not initialize {
   rw section .eeprom.noinit, rw section .far.noinit, rw section .huge.noinit,
   rw section .near.noinit, rw section .tiny.noinit, rw section .vregs };
initialize by copy {
   rw section .far.bss, rw section .far.data, rw section .far_func.textrw,
   rw section .huge.bss, rw section .huge.data, rw section .huge_func.textrw,
   rw section .iar.dynexit, rw section .near.bss, rw section .near.data,
   rw section .near_func.textrw, rw section .tiny.bss, rw section .tiny.data,
   ro section .tiny.rodata };

  Section            Kind      Address    Size  Object
  -------            ----      -------    ----  ------
"A0":                                     0x10
  .vregs             uninit   0x000000    0x10  vregs.o [4]
                            - 0x000010    0x10

"P2", part 1 of 2:                        0x10
  P2-1                        0x000010    0x10  <Init block>
    .near.data       inited   0x000010     0x1  key.o [1]
    .near.data       inited   0x000011     0x1  key.o [1]
    .near.data       inited   0x000012     0x1  key.o [1]
    .near.data       inited   0x000013     0x1  key.o [1]
    .near.data       inited   0x000014     0x4  LedSync.o [1]
    .near.data       inited   0x000018     0x4  LedSync.o [1]
    .near.data       inited   0x00001c     0x4  LedSync.o [1]
                            - 0x000020    0x10

"P2", part 2 of 2:                       0x187
  .near.bss          zero     0x000020    0xfa  LedSync.o [1]
  .near.bss          zero     0x00011a     0xc  LedSync.o [1]
  .near.bss          zero     0x000126     0xc  LedSync.o [1]
  .near.bss          zero     0x000132     0xc  LedSync.o [1]
  .near.bss          zero     0x00013e     0xa  Mp3Module.o [1]
  .near.bss          zero     0x000148     0xa  Mp3Module.o [1]
  .near.bss          zero     0x000152     0x5  mylib.o [1]
  .near.bss          zero     0x000157     0x4  LedSync.o [1]
  .near.bss          zero     0x00015b     0x3  LedSync.o [1]
  .near.bss          zero     0x00015e     0x2  key.o [1]
  .near.bss          zero     0x000160     0x2  key.o [1]
  .near.bss          zero     0x000162     0x2  key.o [1]
  .near.bss          zero     0x000164     0x2  key.o [1]
  .near.bss          zero     0x000166     0x2  key.o [1]
  .near.bss          zero     0x000168     0x2  key.o [1]
  .near.bss          zero     0x00016a     0x2  key.o [1]
  .near.bss          zero     0x00016c     0x2  key.o [1]
  .near.bss          zero     0x00016e     0x2  key.o [1]
  .near.bss          zero     0x000170     0x2  LedSync.o [1]
  .near.bss          zero     0x000172     0x2  timebase.o [1]
  .near.bss          zero     0x000174     0x2  timebase.o [1]
  .near.bss          zero     0x000176     0x1  key.o [1]
  .near.bss          zero     0x000177     0x1  key.o [1]
  .near.bss          zero     0x000178     0x1  key.o [1]
  .near.bss          zero     0x000179     0x1  key.o [1]
  .near.bss          zero     0x00017a     0x1  key.o [1]
  .near.bss          zero     0x00017b     0x1  key.o [1]
  .near.bss          zero     0x00017c     0x1  key.o [1]
  .near.bss          zero     0x00017d     0x1  key.o [1]
  .near.bss          zero     0x00017e     0x1  key.o [1]
  .near.bss          zero     0x00017f     0x1  key.o [1]
  .near.bss          zero     0x000180     0x1  key.o [1]
  .near.bss          zero     0x000181     0x1  key.o [1]
  .near.bss          zero     0x000182     0x1  key.o [1]
  .near.bss          zero     0x000183     0x1  key.o [1]
  .near.bss          zero     0x000184     0x1  key.o [1]
  .near.bss          zero     0x000185     0x1  key.o [1]
  .near.bss          zero     0x000186     0x1  key.o [1]
  .near.bss          zero     0x000187     0x1  key.o [1]
  .near.bss          zero     0x000188     0x1  key.o [1]
  .near.bss          zero     0x000189     0x1  key.o [1]
  .near.bss          zero     0x00018a     0x1  key.o [1]
  .near.bss          zero     0x00018b     0x1  key.o [1]
  .near.bss          zero     0x00018c     0x1  key.o [1]
  .near.bss          zero     0x00018d     0x1  key.o [1]
  .near.bss          zero     0x00018e     0x1  key.o [1]
  .near.bss          zero     0x00018f     0x1  key.o [1]
  .near.bss          zero     0x000190     0x1  key.o [1]
  .near.bss          zero     0x000191     0x1  key.o [1]
  .near.bss          zero     0x000192     0x1  key.o [1]
  .near.bss          zero     0x000193     0x1  LedSync.o [1]
  .near.bss          zero     0x000194     0x1  LedSync.o [1]
  .near.bss          zero     0x000195     0x1  LedSync.o [1]
  .near.bss          zero     0x000196     0x1  LedSync.o [1]
  .near.bss          zero     0x000197     0x1  LedSync.o [1]
  .near.bss          zero     0x000198     0x1  main.o [1]
  .near.bss          zero     0x000199     0x1  Mp3Module.o [1]
  .near.bss          zero     0x00019a     0x1  Mp3Module.o [1]
  .near.bss          zero     0x00019b     0x1  mylib.o [1]
  .near.bss          zero     0x00019c     0x1  mylib.o [1]
  .near.bss          zero     0x00019d     0x1  mylib.o [1]
  .near.bss          zero     0x00019e     0x1  mylib.o [1]
  .near.bss          zero     0x00019f     0x1  mylib.o [1]
  .near.bss          zero     0x0001a0     0x1  timebase.o [1]
  .near.bss          zero     0x0001a1     0x1  timebase.o [1]
  .near.bss          zero     0x0001a2     0x1  timebase.o [1]
  .near.bss          zero     0x0001a3     0x1  timebase.o [1]
  .near.bss          zero     0x0001a4     0x1  timebase.o [1]
  .near.bss          zero     0x0001a5     0x1  timebase.o [1]
  .near.bss          zero     0x0001a6     0x1  timebase.o [1]
                            - 0x0001a7   0x187

"A1":                                    0x100
  CSTACK                      0x000700   0x100  <Block>
    CSTACK           uninit   0x000700   0x100  <Block tail>
                            - 0x000800   0x100

"A2":                                     0x80
  INTVEC                      0x008000    0x80  <Block>
    .intvec          const    0x008000    0x80  interrupt.o [4]
                            - 0x008080    0x80

"P3-P5":                                0x3861
  .far_func.text     ro code  0x008080   0x72c  key.o [1]
  .far_func.text     ro code  0x0087ac   0x574  WS2812B.o [1]
  .far_func.text     ro code  0x008d20   0x440  float.o [4]
  .far_func.text     ro code  0x009160   0x2c0  ColorConvert.o [1]
  .far_func.text     ro code  0x009420   0x248  stm8s_uart2.o [1]
  .far_func.text     ro code  0x009668   0x1e8  ColorConvert.o [1]
  .far_func.text     ro code  0x009850   0x19a  Mp3Module.o [1]
  .far_func.text     ro code  0x0099ea   0x18d  LedSync.o [1]
  .far_func.text     ro code  0x009b77   0x157  long.o [4]
  .far_func.text     ro code  0x009cce   0x14f  vreg_util.o [4]
  .far_func.text     ro code  0x009e1d   0x115  stm8s_gpio.o [1]
  .far_func.text     ro code  0x009f32    0xfe  stm8s_uart2.o [1]
  .near.rodata       const    0x00a030    0xfa  LedSync.o [1]
  .far_func.text     ro code  0x00a12a    0xe7  LedSync.o [1]
  .far_func.text     ro code  0x00a211    0xe4  LedSync.o [1]
  .far_func.text     ro code  0x00a2f5    0xe1  LedSync.o [1]
  .far_func.text     ro code  0x00a3d6    0xdd  Mp3Module.o [1]
  .far_func.text     ro code  0x00a4b3    0xd6  stm8s_uart2.o [1]
  .far_func.text     ro code  0x00a589    0xc2  Mp3Module.o [1]
  .far_func.text     ro code  0x00a64b    0xc0  key.o [1]
  .far_func.text     ro code  0x00a70b    0xb7  LedSync.o [1]
  .far_func.text     ro code  0x00a7c2    0xb5  LedSync.o [1]
  .far_func.text     ro code  0x00a877    0x94  LedSync.o [1]
  .far_func.text     ro code  0x00a90b    0x7f  timebase.o [1]
  .far_func.text     ro code  0x00a98a    0x72  long_util.o [4]
  .far_func.text     ro code  0x00a9fc    0x6b  Mp3Module.o [1]
  .near.rodata       const    0x00aa67    0x5f  stm8s_uart2.o [1]
  .near.rodata       const    0x00aac6    0x5e  stm8s_gpio.o [1]
  .near.rodata       const    0x00ab24    0x5e  stm8s_iwdg.o [1]
  .near.rodata       const    0x00ab82    0x5e  stm8s_tim4.o [1]
  .near.rodata       const    0x00abe0    0x5d  stm8s_clk.o [1]
  .far_func.text     ro code  0x00ac3d    0x5c  main.o [1]
  .far_func.text     ro code  0x00ac99    0x5b  Mp3Module.o [1]
  .far_func.text     ro code  0x00acf4    0x58  stm8s_clk.o [1]
  .far_func.text     ro code  0x00ad4c    0x58  dc_util.o [4]
  .far_func.text     ro code  0x00ada4    0x55  stm8s_tim4.o [1]
  .far_func.text     ro code  0x00adf9    0x54  stm8s_tim4.o [1]
  .far_func.text     ro code  0x00ae4d    0x50  stm8s_uart2.o [1]
  .far_func.text     ro code  0x00ae9d    0x4f  LedSync.o [1]
  .far_func.text     ro code  0x00aeec    0x4f  short.o [4]
  .far_func.text     ro code  0x00af3b    0x4e  Mp3Module.o [1]
  .far_func.text     ro code  0x00af89    0x4e  mylib.o [1]
  .far_func.text     ro code  0x00afd7    0x4b  LedSync.o [1]
  .far_func.text     ro code  0x00b022    0x45  stm8s_iwdg.o [1]
  .far_func.text     ro code  0x00b067    0x45  SystemInit.o [1]
  .far_func.text     ro code  0x00b0ac    0x42  extendkeys.o [1]
  .far_func.text     ro code  0x00b0ee    0x42  Mp3Module.o [1]
  .far_func.text     ro code  0x00b130    0x3e  stm8s_clk.o [1]
  .far_func.text     ro code  0x00b16e    0x3c  Mp3Module.o [1]
  .far_func.text     ro code  0x00b1aa    0x3b  Mp3Module.o [1]
  .far_func.text     ro code  0x00b1e5    0x3b  mylib.o [1]
  .far_func.text     ro code  0x00b220    0x39  ColorConvert.o [1]
  .far_func.text     ro code  0x00b259    0x39  WS2812B.o [1]
  .far_func.text     ro code  0x00b292    0x37  LedSync.o [1]
  .far_func.text     ro code  0x00b2c9    0x32  mylib.o [1]
  .far_func.text     ro code  0x00b2fb    0x30  stm8s_tim4.o [1]
  .far_func.text     ro code  0x00b32b    0x30  stm8s_uart2.o [1]
  .far_func.text     ro code  0x00b35b    0x30  stm8s_uart2.o [1]
  .far_func.text     ro code  0x00b38b    0x30  stm8s_uart2.o [1]
  .far_func.text     ro code  0x00b3bb    0x30  stm8s_uart2.o [1]
  .near.rodata       const    0x00b3eb    0x30  key.o [1]
  .far_func.text     ro code  0x00b41b    0x2f  LedSync.o [1]
  .far_func.text     ro code  0x00b44a    0x2f  mylib.o [1]
  .far_func.text     ro code  0x00b479    0x2e  mylib.o [1]
  .far_func.text     ro code  0x00b4a7    0x29  stm8s_uart2.o [1]
  .far_func.text     ro code  0x00b4d0    0x28  timebase.o [1]
  .far_func.text     ro code  0x00b4f8    0x28  init_small.o [4]
  .far_func.text     ro code  0x00b520    0x27  extendkeys.o [1]
  .far_func.text     ro code  0x00b547    0x27  stm8s_iwdg.o [1]
  .far_func.text     ro code  0x00b56e    0x27  stm8s_uart2.o [1]
  .far_func.text     ro code  0x00b595    0x25  stm8s_tim4.o [1]
  .far_func.text     ro code  0x00b5ba    0x25  stm8s_tim4.o [1]
  .far_func.text     ro code  0x00b5df    0x21  mylib.o [1]
  .far_func.text     ro code  0x00b600    0x21  stm8s_it.o [1]
  .far_func.text     ro code  0x00b621    0x21  SystemInit.o [1]
  .iar.init_table    const    0x00b642    0x14  - Linker created -
  .far_func.text     ro code  0x00b656    0x20  memcpy.o [4]
  .far_func.text     ro code  0x00b676    0x1e  init.o [4]
  .far_func.text     ro code  0x00b694    0x1e  init_small.o [4]
  .far_func.text     ro code  0x00b6b2    0x1b  stm8s_it.o [1]
  .far_func.text     ro code  0x00b6cd    0x1a  ColorConvert.o [1]
  .far_func.text     ro code  0x00b6e7    0x1a  iwdg.o [1]
  .far_func.text     ro code  0x00b701    0x1a  Mp3Module.o [1]
  .far_func.text     ro code  0x00b71b    0x19  stm8s_tim4.o [1]
  .far_func.text     ro code  0x00b734    0x18  uart.o [1]
  .near.rodata       const    0x00b74c    0x18  LedSync.o [1]
  .far_func.text     ro code  0x00b764    0x17  mylib.o [1]
  .far_func.text     ro code  0x00b77b    0x17  cstartup.o [4]
  .far_func.text     ro code  0x00b792    0x16  __dbg_xxexit.o [3]
  .far_func.text     ro code  0x00b7a8    0x12  WS2812B.o [1]
  .far_func.text     ro code  0x00b7ba    0x11  mylib.o [1]
  .far_func.text     ro code  0x00b7cb    0x10  Mp3Module.o [1]
  .far_func.text     ro code  0x00b7db    0x10  Mp3Module.o [1]
  Initializer bytes  const    0x00b7eb    0x10  <for P2-1>
  .far_func.text     ro code  0x00b7fb     0xe  far_util.o [4]
  .far_func.text     ro code  0x00b809     0xd  LedSync.o [1]
  .far_func.text     ro code  0x00b816     0xd  stm8s_uart2.o [1]
  .far_func.text     ro code  0x00b823     0xd  move.o [4]
  .near.rodata       const    0x00b830     0xc  key.o [1]
  .far_func.text     ro code  0x00b83c     0xb  LedSync.o [1]
  .near.rodata       const    0x00b847     0xb  mylib.o [1]
  .far_func.text     ro code  0x00b852     0x9  Mp3Module.o [1]
  .far_func.text     ro code  0x00b85b     0x8  timebase.o [1]
  .far_func.text     ro code  0x00b863     0x7  stm8s_gpio.o [1]
  .far_func.text     ro code  0x00b86a     0x6  char.o [4]
  .far_func.text     ro code  0x00b870     0x6  cexit.o [4]
  .far_func.text     ro code  0x00b876     0x5  LedSync.o [1]
  .far_func.text     ro code  0x00b87b     0x5  main.o [1]
  .far_func.text     ro code  0x00b880     0x5  stm8s_iwdg.o [1]
  .far_func.text     ro code  0x00b885     0x5  stm8s_iwdg.o [1]
  .far_func.text     ro code  0x00b88a     0x4  key.o [1]
  .far_func.text     ro code  0x00b88e     0x4  main.o [1]
  .far_func.text     ro code  0x00b892     0x4  stm8s_iwdg.o [1]
  .far_func.text     ro code  0x00b896     0x4  stm8s_uart2.o [1]
  .far_func.text     ro code  0x00b89a     0x4  timebase.o [1]
  .far_func.text     ro code  0x00b89e     0x4  timebase.o [1]
  .far_func.text     ro code  0x00b8a2     0x4  timebase.o [1]
  .far_func.text     ro code  0x00b8a6     0x4  uart.o [1]
  .far_func.text     ro code  0x00b8aa     0x4  uart.o [1]
  .far_func.text     ro code  0x00b8ae     0x4  uart.o [1]
  .far_func.text     ro code  0x00b8b2     0x4  interrupt.o [4]
  .far_func.text     ro code  0x00b8b6     0x4  exit.o [4]
  .near.rodata       const    0x00b8ba     0x4  LedSync.o [1]
  .near.rodata       const    0x00b8be     0x4  stm8s_clk.o [1]
  .far_func.text     ro code  0x00b8c2     0x3  low_level_init.o [4]
  .far_func.text     ro code  0x00b8c5     0x3  unhandled_exception.o [4]
  .far_func.text     ro code  0x00b8c8     0x2  main.o [1]
  .far_func.text     ro code  0x00b8ca     0x1  stm8s_it.o [1]
  .far_func.text     ro code  0x00b8cb     0x1  stm8s_it.o [1]
  .far_func.text     ro code  0x00b8cc     0x1  stm8s_it.o [1]
  .far_func.text     ro code  0x00b8cd     0x1  stm8s_it.o [1]
  .far_func.text     ro code  0x00b8ce     0x1  stm8s_it.o [1]
  .far_func.text     ro code  0x00b8cf     0x1  stm8s_it.o [1]
  .far_func.text     ro code  0x00b8d0     0x1  stm8s_it.o [1]
  .far_func.text     ro code  0x00b8d1     0x1  stm8s_it.o [1]
  .far_func.text     ro code  0x00b8d2     0x1  stm8s_it.o [1]
  .far_func.text     ro code  0x00b8d3     0x1  stm8s_it.o [1]
  .far_func.text     ro code  0x00b8d4     0x1  stm8s_it.o [1]
  .far_func.text     ro code  0x00b8d5     0x1  stm8s_it.o [1]
  .far_func.text     ro code  0x00b8d6     0x1  stm8s_it.o [1]
  .far_func.text     ro code  0x00b8d7     0x1  stm8s_it.o [1]
  .far_func.text     ro code  0x00b8d8     0x1  stm8s_it.o [1]
  .far_func.text     ro code  0x00b8d9     0x1  stm8s_it.o [1]
  .far_func.text     ro code  0x00b8da     0x1  stm8s_it.o [1]
  .far_func.text     ro code  0x00b8db     0x1  stm8s_it.o [1]
  .far_func.text     ro code  0x00b8dc     0x1  stm8s_it.o [1]
  .far_func.text     ro code  0x00b8dd     0x1  stm8s_it.o [1]
  .far_func.text     ro code  0x00b8de     0x1  SystemInit.o [1]
  .far_func.text     ro code  0x00b8df     0x1  SystemInit.o [1]
  .far_func.text     ro code  0x00b8e0     0x1  __dbg_break.o [3]
                            - 0x00b8e1  0x3861


*******************************************************************************
*** INIT TABLE
***

          Address   Size
          -------   ----
Zero (__iar_zero_init2)
    1 destination range, total size 0x187:
          0x000020  0x187

Copy (__iar_copy_init2)
    1 source range, total size 0x10:
          0x00b7eb   0x10
    1 destination range, total size 0x10:
          0x000010   0x10



*******************************************************************************
*** MODULE SUMMARY
***

    Module                 ro code  ro data  rw data
    ------                 -------  -------  -------
E:\01_WorkSpace\software\VSCODE\Lotus-main\Lotus-main\Project\Debug\Obj: [1]
    ColorConvert.o           1 275
    LedSync.o                1 878      290      312
    Mp3Module.o              1 353                22
    SystemInit.o               104
    WS2812B.o                1 471
    extendkeys.o               105
    iwdg.o                      26
    key.o                    2 032       64       51
    main.o                     103                 1
    mylib.o                    353       11       10
    stm8s_clk.o                150       97
    stm8s_gpio.o               284       94
    stm8s_it.o                  80
    stm8s_iwdg.o               122       94
    stm8s_tim4.o               316       94
    stm8s_uart2.o            1 421       95
    timebase.o                 187                11
    uart.o                      36
    ------------------------------------------------
    Total:                  11 296      839      407

command line: [2]
    ------------------------------------------------
    Total:

dbgstm8mmd.a: [3]
    __dbg_break.o                1
    __dbg_xxexit.o              22
    ------------------------------------------------
    Total:                      23

dlstm8mmn.a: [4]
    cexit.o                      6
    char.o                       6
    cstartup.o                  23
    dc_util.o                   88
    exit.o                       4
    far_util.o                  14
    float.o                  1 088
    init.o                      30
    init_small.o                70
    interrupt.o                  4      128
    long.o                     343
    long_util.o                114
    low_level_init.o             3
    memcpy.o                    32
    move.o                      13
    short.o                     79
    unhandled_exception.o        3
    vreg_util.o                335
    vregs.o                                       16
    ------------------------------------------------
    Total:                   2 255      128       16

    Linker created                       20      256
----------------------------------------------------
    Grand Total:            13 574      987      679


*******************************************************************************
*** ENTRY LIST
***

Entry                    Address   Size  Type      Object
-----                    -------   ----  ----      ------
.iar.init_table$$Base   0x00b642          --   Gb  - Linker created -
.iar.init_table$$Limit  0x00b656          --   Gb  - Linker created -
?and32_l0_l0_0x         0x009c8a         Code  Gb  long.o [4]
?and32_l0_l0_l1         0x009c87         Code  Gb  long.o [4]
?b0                     0x000000         Data  Gb  vregs.o [4]
?b1                     0x000001         Data  Gb  vregs.o [4]
?b10                    0x00000a         Data  Gb  vregs.o [4]
?b11                    0x00000b         Data  Gb  vregs.o [4]
?b12                    0x00000c         Data  Gb  vregs.o [4]
?b13                    0x00000d         Data  Gb  vregs.o [4]
?b14                    0x00000e         Data  Gb  vregs.o [4]
?b15                    0x00000f         Data  Gb  vregs.o [4]
?b2                     0x000002         Data  Gb  vregs.o [4]
?b3                     0x000003         Data  Gb  vregs.o [4]
?b4                     0x000004         Data  Gb  vregs.o [4]
?b5                     0x000005         Data  Gb  vregs.o [4]
?b6                     0x000006         Data  Gb  vregs.o [4]
?b7                     0x000007         Data  Gb  vregs.o [4]
?b8                     0x000008         Data  Gb  vregs.o [4]
?b9                     0x000009         Data  Gb  vregs.o [4]
?dc32_l0                0x00ad4c         Code  Gb  dc_util.o [4]
?dc32_l1                0x00ad78         Code  Gb  dc_util.o [4]
?e0                     0x000001         Data  Gb  vregs.o [4]
?e1                     0x000005         Data  Gb  vregs.o [4]
?e2                     0x000009         Data  Gb  vregs.o [4]
?e3                     0x00000d         Data  Gb  vregs.o [4]
?epilogue_l2            0x009d7a         Code  Gb  vreg_util.o [4]
?epilogue_l2_l3         0x009d76         Code  Gb  vreg_util.o [4]
?epilogue_l2_w6         0x009d7f         Code  Gb  vreg_util.o [4]
?epilogue_w4            0x009d88         Code  Gb  vreg_util.o [4]
?fadd32_l0_l0_0x        0x008d50         Code  Gb  float.o [4]
?fadd32_l0_l0_dc32      0x008d4a         Code  Gb  float.o [4]
?fadd32_l0_l0_l1        0x008d53         Code  Gb  float.o [4]
?fcastf32s16_l0_x       0x00900c         Code  Gb  float.o [4]
?fcastf32u16_l0_x       0x009013         Code  Gb  float.o [4]
?fcasts16f32_x_l0       0x009031         Code  Gb  float.o [4]
?fcmpeq32_c_0x_fzero    0x008f7c         Code  Gb  float.o [4]
?fcmpeq32_c_l0_0x       0x008f87         Code  Gb  float.o [4]
?fcmpeq32_c_l0_fzero    0x008f79         Code  Gb  float.o [4]
?fcmpeq32_c_l0_l1       0x008f84         Code  Gb  float.o [4]
?fcmpge32_c_l0_0x       0x008faf         Code  Gb  float.o [4]
?fcmpge32_c_l0_l1       0x008fac         Code  Gb  float.o [4]
?fcmplt32_c_l0_0x       0x008fb6         Code  Gb  float.o [4]
?fcmplt32_c_l0_l1       0x008fb3         Code  Gb  float.o [4]
?fdiv32_l0_l0_dc32      0x008ec5         Code  Gb  float.o [4]
?fdiv32_l0_l0_l1        0x008ecb         Code  Gb  float.o [4]
?fmul32_l0_l0_0x        0x008e27         Code  Gb  float.o [4]
?fmul32_l0_l0_dc32      0x008e21         Code  Gb  float.o [4]
?fmul32_l0_l0_l1        0x008e2a         Code  Gb  float.o [4]
?fsub32_l0_dc32_l1      0x008d3e         Code  Gb  float.o [4]
?fsub32_l0_l0_l1        0x008d44         Code  Gb  float.o [4]
?l0                     0x000000         Data  Gb  vregs.o [4]
?l1                     0x000004         Data  Gb  vregs.o [4]
?l2                     0x000008         Data  Gb  vregs.o [4]
?l3                     0x00000c         Data  Gb  vregs.o [4]
?load24_e1_0x           0x00b7fb         Code  Gb  far_util.o [4]
?load32_0x_l0           0x00a9e0         Code  Gb  long_util.o [4]
?load32_0x_l3           0x00a9ee         Code  Gb  long_util.o [4]
?load32_l0_0x           0x00a9a4         Code  Gb  long_util.o [4]
?load32_l0_asp          0x00a998         Code  Gb  long_util.o [4]
?load32_l0_dbsp         0x00a98a         Code  Gb  long_util.o [4]
?load32_l0_xsp          0x00a99a         Code  Gb  long_util.o [4]
?load32_l1_0x           0x00a9ca         Code  Gb  long_util.o [4]
?load32_l1_asp          0x00a9be         Code  Gb  long_util.o [4]
?load32_l1_dbsp         0x00a9b0         Code  Gb  long_util.o [4]
?load32_l1_xsp          0x00a9c0         Code  Gb  long_util.o [4]
?load32_xsp_l0          0x00a9d6         Code  Gb  long_util.o [4]
?mov_e0_e1              0x009d9e         Code  Gb  vreg_util.o [4]
?mov_e0_e2              0x009dab         Code  Gb  vreg_util.o [4]
?mov_e0_e3              0x009db8         Code  Gb  vreg_util.o [4]
?mov_e1_e0              0x009dc5         Code  Gb  vreg_util.o [4]
?mov_e1_e2              0x009dd2         Code  Gb  vreg_util.o [4]
?mov_e1_e3              0x009ddf         Code  Gb  vreg_util.o [4]
?mov_e2_e0              0x009dec         Code  Gb  vreg_util.o [4]
?mov_e3_e0              0x009df9         Code  Gb  vreg_util.o [4]
?mov_e3_e1              0x009e06         Code  Gb  vreg_util.o [4]
?mov_e3_e2              0x009e13         Code  Gb  vreg_util.o [4]
?mov_l0_l1              0x009d9b         Code  Gb  vreg_util.o [4]
?mov_l0_l2              0x009da8         Code  Gb  vreg_util.o [4]
?mov_l0_l3              0x009db5         Code  Gb  vreg_util.o [4]
?mov_l1_l0              0x009dc2         Code  Gb  vreg_util.o [4]
?mov_l1_l2              0x009dcf         Code  Gb  vreg_util.o [4]
?mov_l1_l3              0x009ddc         Code  Gb  vreg_util.o [4]
?mov_l2_l0              0x009de9         Code  Gb  vreg_util.o [4]
?mov_l3_l0              0x009df6         Code  Gb  vreg_util.o [4]
?mov_l3_l1              0x009e03         Code  Gb  vreg_util.o [4]
?mov_l3_l2              0x009e10         Code  Gb  vreg_util.o [4]
?mov_w1_w3              0x009da1         Code  Gb  vreg_util.o [4]
?mov_w1_w5              0x009dae         Code  Gb  vreg_util.o [4]
?mov_w1_w7              0x009dbb         Code  Gb  vreg_util.o [4]
?mov_w2_w1              0x009d8d         Code  Gb  vreg_util.o [4]
?mov_w3_w1              0x009dc8         Code  Gb  vreg_util.o [4]
?mov_w3_w5              0x009dd5         Code  Gb  vreg_util.o [4]
?mov_w3_w7              0x009de2         Code  Gb  vreg_util.o [4]
?mov_w5_w1              0x009def         Code  Gb  vreg_util.o [4]
?mov_w5_w6              0x009d94         Code  Gb  vreg_util.o [4]
?mov_w7_w1              0x009dfc         Code  Gb  vreg_util.o [4]
?mov_w7_w3              0x009e09         Code  Gb  vreg_util.o [4]
?mov_w7_w5              0x009e16         Code  Gb  vreg_util.o [4]
?move1616_v_x_y_a       0x00b823         Code  Gb  move.o [4]
?mul16_x_x_w0           0x00aeec         Code  Gb  short.o [4]
?mul32_l0_l0_l1         0x009b92         Code  Gb  long.o [4]
?or32_l0_l0_0x          0x009ca5         Code  Gb  long.o [4]
?or32_l0_l0_l1          0x009ca2         Code  Gb  long.o [4]
?pop_l0                 0x009d3e         Code  Gb  vreg_util.o [4]
?pop_l1                 0x009d49         Code  Gb  vreg_util.o [4]
?pop_l2                 0x009d54         Code  Gb  vreg_util.o [4]
?pop_l3                 0x009d5f         Code  Gb  vreg_util.o [4]
?pop_w4                 0x009cef         Code  Gb  vreg_util.o [4]
?pop_w6                 0x009cf6         Code  Gb  vreg_util.o [4]
?push_l0                0x009d09         Code  Gb  vreg_util.o [4]
?push_l1                0x009d0e         Code  Gb  vreg_util.o [4]
?push_l2                0x009d13         Code  Gb  vreg_util.o [4]
?push_l3                0x009d18         Code  Gb  vreg_util.o [4]
?push_w4                0x009cce         Code  Gb  vreg_util.o [4]
?push_w6                0x009cd3         Code  Gb  vreg_util.o [4]
?sdiv16_x_x_y           0x00af0a         Code  Gb  short.o [4]
?sll16_x_x_a            0x00af33         Code  Gb  short.o [4]
?sll32_0x_0x_a          0x009cc0         Code  Gb  long.o [4]
?sll32_l0_l0_a          0x009cbd         Code  Gb  long.o [4]
?smod16_y_x_y           0x00af23         Code  Gb  short.o [4]
?srl8_a_a_5             0x00b86b         Code  Gb  char.o [4]
?srl8_a_a_6             0x00b86a         Code  Gb  char.o [4]
?sub32_l0_l0_0x         0x009b7a         Code  Gb  long.o [4]
?sub32_l0_l0_l1         0x009b77         Code  Gb  long.o [4]
?udiv32_l0_dl_l1        0x009c10         Code  Gb  long.o [4]
?udiv32_l0_l0_dl        0x009c16         Code  Gb  long.o [4]
?udiv32_l0_l0_l1        0x009c1a         Code  Gb  long.o [4]
?umod32_l1_l0_l1        0x009c1a         Code  Gb  long.o [4]
?w0                     0x000000         Data  Gb  vregs.o [4]
?w1                     0x000002         Data  Gb  vregs.o [4]
?w2                     0x000004         Data  Gb  vregs.o [4]
?w3                     0x000006         Data  Gb  vregs.o [4]
?w4                     0x000008         Data  Gb  vregs.o [4]
?w5                     0x00000a         Data  Gb  vregs.o [4]
?w6                     0x00000c         Data  Gb  vregs.o [4]
?w7                     0x00000e         Data  Gb  vregs.o [4]
ADC1_IRQHandler         0x00b8dc    0x1  Code  Gb  stm8s_it.o [1]
AWU_IRQHandler          0x00b8cc    0x1  Code  Gb  stm8s_it.o [1]
Brightcal               0x00001c    0x4  Data  Lc  LedSync.o [1]
BrightnessLevel         0x00b74c   0x18  Data  Gb  LedSync.o [1]
BuddistColor_Handler    0x00afd7   0x4b  Code  Gb  LedSync.o [1]
BuddistcolorCal         0x000020   0xfa  Data  Lc  LedSync.o [1]
Buddistcolor_bk         0x00a030   0xfa  Data  Gb  LedSync.o [1]
CLK_Config              0x00b87b    0x5  Code  Lc  main.o [1]
CLK_GetClockFreq        0x00acf4   0x58  Code  Gb  stm8s_clk.o [1]
CLK_HSIPrescalerConfig  0x00b130   0x3e  Code  Gb  stm8s_clk.o [1]
CLK_IRQHandler          0x00b8cd    0x1  Code  Gb  stm8s_it.o [1]
CSTACK$$Base            0x000700          --   Gb  - Linker created -
CSTACK$$Limit           0x000800          --   Gb  - Linker created -
ChangeDevice            0x00a9fc   0x6b  Code  Gb  Mp3Module.o [1]
Change_Brightness       0x00a70b   0xb7  Code  Gb  LedSync.o [1]
ColorChange             0x00ae9d   0x4f  Code  Gb  LedSync.o [1]
ColorLightStart         0x00a86f    0x8  Code  Gb  LedSync.o [1]
ColorLightoff           0x00b876    0x5  Code  Gb  LedSync.o [1]
ColorWave               0x0099ea  0x18d  Code  Gb  LedSync.o [1]
CurDevNUM               0x000168    0x2  Data  Gb  key.o [1]
CurDevTotal             0x000160    0x2  Data  Gb  key.o [1]
CurrentEQ               0x000185    0x1  Data  Gb  key.o [1]
DS100MS_CNT             0x00b44a   0x2f  Code  Gb  mylib.o [1]
DS100MS_CNT::counter100ms
                        0x00019f    0x1  Data  Lc  mylib.o [1]
DS10MS_CNT              0x00b479   0x2e  Code  Gb  mylib.o [1]
DS10MS_CNT::counter10ms
                        0x00019e    0x1  Data  Lc  mylib.o [1]
DS2MS_CNT               0x00b5df   0x21  Code  Gb  mylib.o [1]
DS2MS_CNT::counter2ms   0x00019d    0x1  Data  Lc  mylib.o [1]
DS500MS_CNT             0x00b7ba   0x11  Code  Gb  mylib.o [1]
DelayTime               0x000189    0x1  Data  Gb  key.o [1]
DispModlueError         0x008240   0x14  Code  Gb  key.o [1]
DoSum                   0x00b0ee   0x42  Code  Gb  Mp3Module.o [1]
Do_StepRunTime          0x00b41b   0x2f  Code  Gb  LedSync.o [1]
Do_increaseLight        0x00b809    0xd  Code  Gb  LedSync.o [1]
EEPROM_EEC_IRQHandler   0x00b8dd    0x1  Code  Gb  stm8s_it.o [1]
EXTI_PORTA_IRQHandler   0x00b8ce    0x1  Code  Gb  stm8s_it.o [1]
EXTI_PORTB_IRQHandler   0x00b8cf    0x1  Code  Gb  stm8s_it.o [1]
EXTI_PORTC_IRQHandler   0x00b8d0    0x1  Code  Gb  stm8s_it.o [1]
EXTI_PORTD_IRQHandler   0x00b8d1    0x1  Code  Gb  stm8s_it.o [1]
EXTI_PORTE_IRQHandler   0x00b8d2    0x1  Code  Gb  stm8s_it.o [1]
ExtendKey_Init          0x00b520   0x27  Code  Gb  extendkeys.o [1]
FEEDBACK                0x00017b    0x1  Data  Gb  key.o [1]
FileNum                 0x000178    0x1  Data  Lc  key.o [1]
FlashCurFile            0x00016e    0x2  Data  Gb  key.o [1]
FlashTotal              0x000166    0x2  Data  Gb  key.o [1]
FolderNum               0x000177    0x1  Data  Lc  key.o [1]
GPIO_Config             0x00b88e    0x4  Code  Lc  main.o [1]
GPIO_Init               0x009e1d  0x115  Code  Gb  stm8s_gpio.o [1]
GPIO_ReadInputPin       0x00b863    0x7  Code  Gb  stm8s_gpio.o [1]
GoInitDevice            0x00b1aa   0x3b  Code  Gb  Mp3Module.o [1]
HSIDivFactor            0x00b8be    0x4  Data  Gb  stm8s_clk.o [1]
I2C_IRQHandler          0x00b8da    0x1  Code  Gb  stm8s_it.o [1]
INTVEC$$Base            0x008000          --   Gb  - Linker created -
INTVEC$$Limit           0x008080          --   Gb  - Linker created -
IWDG_Enable             0x00b885    0x5  Code  Gb  stm8s_iwdg.o [1]
IWDG_Initializes        0x00b6e7   0x1a  Code  Gb  iwdg.o [1]
IWDG_ReloadCounter      0x00b880    0x5  Code  Gb  stm8s_iwdg.o [1]
IWDG_SetPrescaler       0x00b022   0x45  Code  Gb  stm8s_iwdg.o [1]
IWDG_SetReload          0x00b892    0x4  Code  Gb  stm8s_iwdg.o [1]
IWDG_WriteAccessCmd     0x00b547   0x27  Code  Gb  stm8s_iwdg.o [1]
InputNumCnt             0x000176    0x1  Data  Lc  key.o [1]
KeyScan                 0x0080ba   0x66  Code  Lc  key.o [1]
KeyScan::g_key_value    0x00018d    0x1  Data  Lc  key.o [1]
Key_Init                0x00b88a    0x4  Code  Gb  key.o [1]
LS_Calculat_k           0x00b292   0x37  Code  Lc  LedSync.o [1]
LS_Init                 0x00a7c2   0xad  Code  Gb  LedSync.o [1]
LS_LedOff               0x00b83c    0xb  Code  Lc  LedSync.o [1]
MP3_HWCONTROL_COUNT     0x00019a    0x1  Data  Lc  Mp3Module.o [1]
MP3_HWNextMusic_handle  0x00b7cb   0x10  Code  Gb  Mp3Module.o [1]
MP3_HW_NextMusic        0x00b852    0x9  Code  Gb  Mp3Module.o [1]
MP3_Init                0x00af3b   0x4e  Code  Gb  Mp3Module.o [1]
MP3_MUTE_INIT           0x00b701   0x1a  Code  Gb  Mp3Module.o [1]
MSG_FIFO                0x000010    0x1  Data  Lc  key.o [1]
MSG_Task                0x008254  0x558  Code  Gb  key.o [1]
MSG_Task::msg           0x000191    0x1  Data  Lc  key.o [1]
Maxtime_bk              0x000197    0x1  Data  Lc  LedSync.o [1]
OnlineDevice            0x000188    0x1  Data  Gb  key.o [1]
OutTimeCnt              0x000180    0x1  Data  Gb  key.o [1]
PlayDevice              0x000187    0x1  Data  Gb  key.o [1]
PlayMode                0x000186    0x1  Data  Gb  key.o [1]
PlayledCnt              0x000183    0x1  Data  Gb  key.o [1]
PlayledStatus           0x000184    0x1  Data  Gb  key.o [1]
PointFunc               0x00018b    0x1  Data  Gb  key.o [1]
PointPlayFolderNum      0x0081db   0x65  Code  Gb  key.o [1]
PointPlayFolderNum::InputCnt
                        0x000192    0x1  Data  Lc  key.o [1]
PointPlayNum            0x0081a7   0x34  Code  Gb  key.o [1]
QueryACKTime            0x000181    0x1  Data  Gb  key.o [1]
RAM_Init                0x00b621   0x21  Code  Gb  SystemInit.o [1]
RGB_Refresh             0x00b259   0x2a  Code  Gb  WS2812B.o [1]
Read_Extend_Key         0x00b0ac   0x42  Code  Gb  extendkeys.o [1]
Recv_buf                0x000148    0xa  Data  Lc  Mp3Module.o [1]
Region$$Table$$Base     0x00b642          --   Gb  - Linker created -
Region$$Table$$Limit    0x00b656          --   Gb  - Linker created -
ResendCount             0x000011    0x1  Data  Gb  key.o [1]
SPI_IRQHandler          0x00b8d3    0x1  Code  Gb  stm8s_it.o [1]
SendCmd                 0x00ac99   0x5b  Code  Gb  Mp3Module.o [1]
SendDataLen             0x000199    0x1  Data  Lc  Mp3Module.o [1]
Send_buf                0x00013e    0xa  Data  Lc  Mp3Module.o [1]
Serial_init             0x00b8df    0x1  Code  Gb  SystemInit.o [1]
Status0                 0x00019b    0x1  Data  Gb  mylib.o [1]
Status1                 0x00019c    0x1  Data  Gb  mylib.o [1]
SysReturnTime           0x000182    0x1  Data  Gb  key.o [1]
System_Init             0x00b067   0x45  Code  Gb  SystemInit.o [1]
System_Status           0x00017f    0x1  Data  Gb  key.o [1]
TFCurFile               0x00016c    0x2  Data  Gb  key.o [1]
TFTotal                 0x000164    0x2  Data  Gb  key.o [1]
TIM1_CAP_COM_IRQHandler
                        0x00b8d5    0x1  Code  Gb  stm8s_it.o [1]
TIM1_UPD_OVF_TRG_BRK_IRQHandler
                        0x00b8d4    0x1  Code  Gb  stm8s_it.o [1]
TIM2_CAP_COM_IRQHandler
                        0x00b8d7    0x1  Code  Gb  stm8s_it.o [1]
TIM2_UPD_OVF_BRK_IRQHandler
                        0x00b8d6    0x1  Code  Gb  stm8s_it.o [1]
TIM3_CAP_COM_IRQHandler
                        0x00b8d9    0x1  Code  Gb  stm8s_it.o [1]
TIM3_UPD_OVF_BRK_IRQHandler
                        0x00b8d8    0x1  Code  Gb  stm8s_it.o [1]
TIM4_ClearFlag          0x00b595   0x25  Code  Gb  stm8s_tim4.o [1]
TIM4_ClearITPendingBit  0x00b5ba   0x25  Code  Gb  stm8s_tim4.o [1]
TIM4_Cmd                0x00b2fb   0x30  Code  Gb  stm8s_tim4.o [1]
TIM4_DeInit             0x00b71b   0x19  Code  Gb  stm8s_tim4.o [1]
TIM4_ITConfig           0x00ada4   0x55  Code  Gb  stm8s_tim4.o [1]
TIM4_TimeBaseInit       0x00adf9   0x54  Code  Gb  stm8s_tim4.o [1]
TIM4_UPD_OVF_IRQHandler
                        0x00b600   0x21  Code  Gb  stm8s_it.o [1]
TLI_IRQHandler          0x00b8cb    0x1  Code  Gb  stm8s_it.o [1]
TRAP_IRQHandler         0x00b8ca    0x1  Code  Gb  stm8s_it.o [1]
TimeBase_Config         0x00b4d0   0x20  Code  Lc  timebase.o [1]
TimeBase_Get100msSystemTimeDelta
                        0x00b8a2    0x4  Code  Gb  timebase.o [1]
TimeBase_Get10msSystemTimeDelta
                        0x00b89e    0x4  Code  Gb  timebase.o [1]
TimeBase_Get1msSystemTimeDelta
                        0x00b89a    0x4  Code  Gb  timebase.o [1]
TimeBase_HandleTimeBaseCouter
                        0x00a90b   0x7f  Code  Gb  timebase.o [1]
TimeBase_HandleTimeBaseCouter::uc10msBaseTime
                        0x0001a6    0x1  Data  Lc  timebase.o [1]
TimeBase_HandleTimeBaseCouter::uc1msBaseTime
                        0x0001a5    0x1  Data  Lc  timebase.o [1]
TimeBase_HandleTimeBaseCouter::ui100msBaseTime
                        0x000172    0x2  Data  Lc  timebase.o [1]
TimeBase_HandleTimeBaseCouter::ui1sBaseTime
                        0x000174    0x2  Data  Lc  timebase.o [1]
TimeBase_IncerementCounter_UPD_IRQ
                        0x00b85b    0x8  Code  Gb  timebase.o [1]
TimeBase_Init           0x00b4f0    0x8  Code  Gb  timebase.o [1]
Time_Task               0x00a64b   0xc0  Code  Gb  key.o [1]
Timer0_Init             0x00b8de    0x1  Code  Gb  SystemInit.o [1]
UART2_ClearITPendingBit
                        0x00ae4d   0x50  Code  Gb  stm8s_uart2.o [1]
UART2_Cmd               0x00b816    0xd  Code  Gb  stm8s_uart2.o [1]
UART2_DeInit            0x00b4a7   0x29  Code  Gb  stm8s_uart2.o [1]
UART2_GetFlagStatus     0x00a4b3   0xd6  Code  Gb  stm8s_uart2.o [1]
UART2_ITConfig          0x009f32   0xfe  Code  Gb  stm8s_uart2.o [1]
UART2_Init              0x009420  0x248  Code  Gb  stm8s_uart2.o [1]
UART2_IrDACmd           0x00b32b   0x30  Code  Gb  stm8s_uart2.o [1]
UART2_LINCmd            0x00b35b   0x30  Code  Gb  stm8s_uart2.o [1]
UART2_RX_IRQHandler     0x00b6b2   0x1b  Code  Gb  stm8s_it.o [1]
UART2_ReceiveData9      0x00b56e   0x27  Code  Gb  stm8s_uart2.o [1]
UART2_SendData8         0x00b896    0x4  Code  Gb  stm8s_uart2.o [1]
UART2_SmartCardCmd      0x00b38b   0x30  Code  Gb  stm8s_uart2.o [1]
UART2_SmartCardNACKCmd  0x00b3bb   0x30  Code  Gb  stm8s_uart2.o [1]
UART2_TX_IRQHandler     0x00b8db    0x1  Code  Gb  stm8s_it.o [1]
UDiskCurFile            0x00016a    0x2  Data  Gb  key.o [1]
UDiskTotal              0x000162    0x2  Data  Gb  key.o [1]
UartRecvACK             0x00017d    0x1  Data  Gb  key.o [1]
UartRecvStatus          0x00017c    0x1  Data  Gb  key.o [1]
UartRecv_100Ms          0x00017e    0x1  Data  Gb  key.o [1]
UartSend_Collide_Task   0x00b16e   0x3c  Code  Gb  Mp3Module.o [1]
Uart_Enable             0x00b8aa    0x4  Code  Gb  uart.o [1]
Uart_Init               0x00b734   0x18  Code  Gb  uart.o [1]
Uart_ParameterConfig    0x00b8a6    0x4  Code  Gb  uart.o [1]
Uart_PutByte            0x00b7db   0x10  Code  Gb  Mp3Module.o [1]
Uart_ReadByte_RX_IRQ    0x00a3d6   0xdd  Code  Gb  Mp3Module.o [1]
Uart_SendCMD            0x00a589   0x34  Code  Gb  Mp3Module.o [1]
Uart_SendData           0x00b8ae    0x4  Code  Gb  uart.o [1]
Uart_Task               0x009850  0x19a  Code  Gb  Mp3Module.o [1]
Uart_communication      0x00a5bd   0x8e  Code  Gb  Mp3Module.o [1]
Ws2812b_Configuration   0x00b7a8   0x12  Code  Gb  WS2812B.o [1]
Ws2812b_Init            0x00b283    0xf  Code  Gb  WS2812B.o [1]
Ws2812b_Write           0x0087ac  0x574  Code  Gb  WS2812B.o [1]
__DebugBreak            0x00b8e0    0x1  Code  Gb  __dbg_break.o [3]
__exit                  0x00b792   0x16  Code  Gb  __dbg_xxexit.o [3]
__iar_copy_init2        0x00b4f8         Code  Gb  init_small.o [4]
__iar_data_init2        0x00b676   0x1e  Code  Gb  init.o [4]
__iar_program_start     0x00b77b         Code  Gb  cstartup.o [4]
__iar_unhandled_exception
                        0x00b8c5         Code  Gb  unhandled_exception.o [4]
__iar_zero_init2        0x00b694         Code  Gb  init_small.o [4]
__intvec                0x008000         Data  Gb  interrupt.o [4]
__low_level_init        0x00b8c2    0x3  Code  Gb  low_level_init.o [4]
_exit                   0x00b870         Code  Gb  cexit.o [4]
_interrupt_1            0x00b8ca         Code  Gb  stm8s_it.o [1]
_interrupt_12           0x00b8d3         Code  Gb  stm8s_it.o [1]
_interrupt_13           0x00b8d4         Code  Gb  stm8s_it.o [1]
_interrupt_14           0x00b8d5         Code  Gb  stm8s_it.o [1]
_interrupt_15           0x00b8d6         Code  Gb  stm8s_it.o [1]
_interrupt_16           0x00b8d7         Code  Gb  stm8s_it.o [1]
_interrupt_17           0x00b8d8         Code  Gb  stm8s_it.o [1]
_interrupt_18           0x00b8d9         Code  Gb  stm8s_it.o [1]
_interrupt_2            0x00b8cb         Code  Gb  stm8s_it.o [1]
_interrupt_21           0x00b8da         Code  Gb  stm8s_it.o [1]
_interrupt_22           0x00b8db         Code  Gb  stm8s_it.o [1]
_interrupt_23           0x00b6b2         Code  Gb  stm8s_it.o [1]
_interrupt_24           0x00b8dc         Code  Gb  stm8s_it.o [1]
_interrupt_25           0x00b600         Code  Gb  stm8s_it.o [1]
_interrupt_26           0x00b8dd         Code  Gb  stm8s_it.o [1]
_interrupt_3            0x00b8cc         Code  Gb  stm8s_it.o [1]
_interrupt_4            0x00b8cd         Code  Gb  stm8s_it.o [1]
_interrupt_5            0x00b8ce         Code  Gb  stm8s_it.o [1]
_interrupt_6            0x00b8cf         Code  Gb  stm8s_it.o [1]
_interrupt_7            0x00b8d0         Code  Gb  stm8s_it.o [1]
_interrupt_8            0x00b8d1         Code  Gb  stm8s_it.o [1]
_interrupt_9            0x00b8d2         Code  Gb  stm8s_it.o [1]
adkey_msg_16key_table   0x00b3eb   0x30  Data  Gb  key.o [1]
app_get_msg             0x008084   0x17  Code  Gb  key.o [1]
app_get_msg::msg        0x00018c    0x1  Data  Lc  key.o [1]
asc_number              0x00b847    0xb  Data  Gb  mylib.o [1]
assert_failed           0x00b8c8    0x2  Code  Gb  main.o [1]
bLightBreathStart       0x000194    0x1  Data  Lc  LedSync.o [1]
bLightDecrease          0x000196    0x1  Data  Lc  LedSync.o [1]
bLightIncrease          0x000195    0x1  Data  Lc  LedSync.o [1]
bPaused                 0x000179    0x1  Data  Lc  key.o [1]
bcd_number              0x000152    0x5  Data  Gb  mylib.o [1]
blightOn                0x000193    0x1  Data  Lc  LedSync.o [1]
count_breath            0x000170    0x2  Data  Lc  LedSync.o [1]
counter1ms              0x000198    0x1  Data  Lc  main.o [1]
do_2x4_amituofo         0x00a211   0xe4  Code  Gb  LedSync.o [1]
do_4_amituofo           0x00a12a   0xe7  Code  Gb  LedSync.o [1]
do_amituofo             0x00a2f5   0xe1  Code  Gb  LedSync.o [1]
do_colorcycle           0x00a877   0x94  Code  Gb  LedSync.o [1]
exit                    0x00b8b6    0x4  Code  Gb  exit.o [4]
hsv2rgb                 0x009160  0x2c0  Code  Gb  ColorConvert.o [1]
input_number            0x00015e    0x2  Data  Gb  key.o [1]
input_vol               0x00018a    0x1  Data  Gb  key.o [1]
itoa1                   0x00b764   0x17  Code  Gb  mylib.o [1]
itoa2                   0x00b2c9   0x32  Code  Gb  mylib.o [1]
itoa3                   0x00b1e5   0x3b  Code  Gb  mylib.o [1]
itoa4                   0x00af89   0x4e  Code  Gb  mylib.o [1]
k                       0x000157    0x4  Data  Lc  LedSync.o [1]
key_filter              0x008120   0x28  Code  Lc  key.o [1]
key_filter::key_counter
                        0x00018f    0x1  Data  Lc  key.o [1]
key_filter::old_key     0x00018e    0x1  Data  Lc  key.o [1]
key_filter::used_key    0x000012    0x1  Data  Lc  key.o [1]
key_scan                0x008148   0x5f  Code  Gb  key.o [1]
key_scan::key_press_counter
                        0x000190    0x1  Data  Lc  key.o [1]
key_scan::last_key      0x000013    0x1  Data  Lc  key.o [1]
key_table               0x00b830    0xc  Data  Gb  key.o [1]
main                    0x00ac3d   0x5c  Code  Gb  main.o [1]
max                     0x00b220   0x39  Code  Lc  ColorConvert.o [1]
memcpy                  0x00b656   0x20  Code  Gb  memcpy.o [4]
min                     0x00b6cd   0x1a  Code  Lc  ColorConvert.o [1]
music_msg_filter        0x00809b   0x1f  Code  Gb  key.o [1]
put_msg_lifo            0x008080    0x4  Code  Gb  key.o [1]
rgb2hsv                 0x009668  0x1e8  Code  Gb  ColorConvert.o [1]
s_hsv                   0x00011a    0xc  Data  Lc  LedSync.o [1]
s_hsv_bak               0x000126    0xc  Data  Lc  LedSync.o [1]
s_hsv_save              0x000132    0xc  Data  Lc  LedSync.o [1]
s_rgb                   0x00015b    0x3  Data  Lc  LedSync.o [1]
uc100msSystemTimeDelta  0x0001a3    0x1  Data  Lc  timebase.o [1]
uc10msSystemTimeDelta   0x0001a2    0x1  Data  Lc  timebase.o [1]
uc1msSystemTimeDelta    0x0001a1    0x1  Data  Lc  timebase.o [1]
uc1sSystemTimeDelta     0x0001a4    0x1  Data  Lc  timebase.o [1]
ucAMiTuoFoTimeStore     0x000018    0x4  Data  Lc  LedSync.o [1]
ucAMiTuoFoTime_bk       0x00b8ba    0x4  Data  Gb  LedSync.o [1]
ucErrorStatus           0x00017a    0x1  Data  Gb  key.o [1]
ucStepRunTime           0x000014    0x4  Data  Lc  LedSync.o [1]
ucSystemTime            0x0001a0    0x1  Data  Lc  timebase.o [1]


[1] = E:\01_WorkSpace\software\VSCODE\Lotus-main\Lotus-main\Project\Debug\Obj
[2] = command line
[3] = dbgstm8mmd.a
[4] = dlstm8mmn.a

  13 574 bytes of readonly  code memory
     987 bytes of readonly  data memory
     679 bytes of readwrite data memory

Errors: none
Warnings: none
