###############################################################################
#
# IAR ELF Linker V3.10.1.201 for STM8                     18/Apr/2021  22:08:10
# Copyright 2010-2017 IAR Systems AB.
#
#    Output file  =  
#        E:\01_WorkSpace\software\VSCODE\Lotus-main\Lotus-main\Project\Debug\Exe\lotus.out
#    Map file     =  
#        E:\01_WorkSpace\software\VSCODE\Lotus-main\Lotus-main\Project\Debug\List\lotus.map
#    Command line =  
#        -f C:\Users\sheol\AppData\Local\Temp\EW1FE5.tmp
#        (E:\01_WorkSpace\software\VSCODE\Lotus-main\Lotus-main\Project\Debug\Obj\iwdg.o
#        E:\01_WorkSpace\software\VSCODE\Lotus-main\Lotus-main\Project\Debug\Obj\key.o
#        E:\01_WorkSpace\software\VSCODE\Lotus-main\Lotus-main\Project\Debug\Obj\main.o
#        E:\01_WorkSpace\software\VSCODE\Lotus-main\Lotus-main\Project\Debug\Obj\Mp3Module.o
#        E:\01_WorkSpace\software\VSCODE\Lotus-main\Lotus-main\Project\Debug\Obj\mylib.o
#        E:\01_WorkSpace\software\VSCODE\Lotus-main\Lotus-main\Project\Debug\Obj\stm8s_clk.o
#        E:\01_WorkSpace\software\VSCODE\Lotus-main\Lotus-main\Project\Debug\Obj\stm8s_gpio.o
#        E:\01_WorkSpace\software\VSCODE\Lotus-main\Lotus-main\Project\Debug\Obj\stm8s_it.o
#        E:\01_WorkSpace\software\VSCODE\Lotus-main\Lotus-main\Project\Debug\Obj\stm8s_iwdg.o
#        E:\01_WorkSpace\software\VSCODE\Lotus-main\Lotus-main\Project\Debug\Obj\stm8s_tim4.o
#        E:\01_WorkSpace\software\VSCODE\Lotus-main\Lotus-main\Project\Debug\Obj\stm8s_uart1.o
#        E:\01_WorkSpace\software\VSCODE\Lotus-main\Lotus-main\Project\Debug\Obj\SystemInit.o
#        E:\01_WorkSpace\software\VSCODE\Lotus-main\Lotus-main\Project\Debug\Obj\timebase.o
#        E:\01_WorkSpace\software\VSCODE\Lotus-main\Lotus-main\Project\Debug\Obj\uart.o
#        E:\01_WorkSpace\software\VSCODE\Lotus-main\Lotus-main\Project\Debug\Obj\WS2812B.o
#        --redirect _Printf=_PrintfFullNoMb --redirect _Scanf=_ScanfFullNoMb -o
#        E:\01_WorkSpace\software\VSCODE\Lotus-main\Lotus-main\Project\Debug\Exe\lotus.out
#        --map
#        E:\01_WorkSpace\software\VSCODE\Lotus-main\Lotus-main\Project\Debug\List\lotus.map
#        --config "D:\Program Files (x86)\IAR Systems\Embedded Workbench
#        8.0\stm8\config\lnkstm8s103f3.icf" --config_def _CSTACK_SIZE=0x100
#        --config_def _HEAP_SIZE=0x100 --entry __iar_program_start --debug_lib)
#
###############################################################################

*******************************************************************************
*** RUNTIME MODEL ATTRIBUTES
***

__SystemLibrary            = DLib
__code_model               = medium_or_large
__core                     = stm8
__data_model               = medium
__dlib_file_descriptor     = 0
__dlib_full_locale_support = 0
__rt_version               = 4


*******************************************************************************
*** PLACEMENT SUMMARY
***

"A0":  place at start of [0x000000-0x0000ff] { rw section .vregs };
"A1":  place at end of [0x000000-0x0003ff] { block CSTACK };
"P2":  place in [from 0x000000 to 0x0003ff] {
          block HEAP, rw section __DLIB_PERTHREAD, rw section .far.bss,
          rw section .far.data, rw section .far.noinit,
          rw section .far_func.textrw, rw section .huge.bss,
          rw section .huge.data, rw section .huge.noinit,
          rw section .huge_func.textrw, rw section .iar.dynexit,
          rw section .near.bss, rw section .near.data, rw section .near.noinit,
          rw section .near_func.textrw };
"A2":  place at start of [0x008000-0x009fff] { block INTVEC };
"P3":  place in [from 0x008000 to 0x009fff] {
          ro section __DLIB_PERTHREAD_init, ro section .far.data_init,
          ro section .far_func.textrw_init, ro section .huge.data_init,
          ro section .huge_func.textrw_init, ro section .iar.init_table,
          ro section .init_array, ro section .near.data_init,
          ro section .near.rodata, ro section .near_func.text,
          ro section .near_func.textrw_init, ro section .tiny.data_init,
          ro section .tiny.rodata_init };
"P4":  place in [from 0x008000 to 0x009fff] {
          ro section .far.rodata, ro section .far_func.text };
"P5":  place in [from 0x008000 to 0x009fff] {
          ro section .huge.rodata, ro section .huge_func.text };
do not initialize {
   rw section .eeprom.noinit, rw section .far.noinit, rw section .huge.noinit,
   rw section .near.noinit, rw section .tiny.noinit, rw section .vregs };
initialize by copy {
   rw section .far.bss, rw section .far.data, rw section .far_func.textrw,
   rw section .huge.bss, rw section .huge.data, rw section .huge_func.textrw,
   rw section .iar.dynexit, rw section .near.bss, rw section .near.data,
   rw section .near_func.textrw, rw section .tiny.bss, rw section .tiny.data,
   ro section .tiny.rodata };

  Section            Kind      Address    Size  Object
  -------            ----      -------    ----  ------
"A0":                                     0x10
  .vregs             uninit   0x000000    0x10  vregs.o [4]
                            - 0x000010    0x10

"P2", part 1 of 2:                         0x4
  P2-1                        0x000010     0x4  <Init block>
    .near.data       inited   0x000010     0x1  key.o [1]
    .near.data       inited   0x000011     0x1  key.o [1]
    .near.data       inited   0x000012     0x1  key.o [1]
    .near.data       inited   0x000013     0x1  key.o [1]
                            - 0x000014     0x4

"P2", part 2 of 2:                        0x4a
  .near.bss          zero     0x000014     0xa  Mp3Module.o [1]
  .near.bss          zero     0x00001e     0x5  mylib.o [1]
  .near.bss          zero     0x000023     0x2  key.o [1]
  .near.bss          zero     0x000025     0x2  key.o [1]
  .near.bss          zero     0x000027     0x2  key.o [1]
  .near.bss          zero     0x000029     0x2  key.o [1]
  .near.bss          zero     0x00002b     0x2  key.o [1]
  .near.bss          zero     0x00002d     0x2  key.o [1]
  .near.bss          zero     0x00002f     0x2  key.o [1]
  .near.bss          zero     0x000031     0x2  key.o [1]
  .near.bss          zero     0x000033     0x2  key.o [1]
  .near.bss          zero     0x000035     0x2  timebase.o [1]
  .near.bss          zero     0x000037     0x2  timebase.o [1]
  .near.bss          zero     0x000039     0x1  key.o [1]
  .near.bss          zero     0x00003a     0x1  key.o [1]
  .near.bss          zero     0x00003b     0x1  key.o [1]
  .near.bss          zero     0x00003c     0x1  key.o [1]
  .near.bss          zero     0x00003d     0x1  key.o [1]
  .near.bss          zero     0x00003e     0x1  key.o [1]
  .near.bss          zero     0x00003f     0x1  key.o [1]
  .near.bss          zero     0x000040     0x1  key.o [1]
  .near.bss          zero     0x000041     0x1  key.o [1]
  .near.bss          zero     0x000042     0x1  key.o [1]
  .near.bss          zero     0x000043     0x1  key.o [1]
  .near.bss          zero     0x000044     0x1  key.o [1]
  .near.bss          zero     0x000045     0x1  key.o [1]
  .near.bss          zero     0x000046     0x1  key.o [1]
  .near.bss          zero     0x000047     0x1  key.o [1]
  .near.bss          zero     0x000048     0x1  key.o [1]
  .near.bss          zero     0x000049     0x1  key.o [1]
  .near.bss          zero     0x00004a     0x1  key.o [1]
  .near.bss          zero     0x00004b     0x1  key.o [1]
  .near.bss          zero     0x00004c     0x1  key.o [1]
  .near.bss          zero     0x00004d     0x1  key.o [1]
  .near.bss          zero     0x00004e     0x1  key.o [1]
  .near.bss          zero     0x00004f     0x1  key.o [1]
  .near.bss          zero     0x000050     0x1  main.o [1]
  .near.bss          zero     0x000051     0x1  Mp3Module.o [1]
  .near.bss          zero     0x000052     0x1  mylib.o [1]
  .near.bss          zero     0x000053     0x1  mylib.o [1]
  .near.bss          zero     0x000054     0x1  mylib.o [1]
  .near.bss          zero     0x000055     0x1  mylib.o [1]
  .near.bss          zero     0x000056     0x1  mylib.o [1]
  .near.bss          zero     0x000057     0x1  timebase.o [1]
  .near.bss          zero     0x000058     0x1  timebase.o [1]
  .near.bss          zero     0x000059     0x1  timebase.o [1]
  .near.bss          zero     0x00005a     0x1  timebase.o [1]
  .near.bss          zero     0x00005b     0x1  timebase.o [1]
  .near.bss          zero     0x00005c     0x1  timebase.o [1]
  .near.bss          zero     0x00005d     0x1  timebase.o [1]
                            - 0x00005e    0x4a

"A1":                                    0x100
  CSTACK                      0x000300   0x100  <Block>
    CSTACK           uninit   0x000300   0x100  <Block tail>
                            - 0x000400   0x100

"A2":                                     0x80
  INTVEC                      0x008000    0x80  <Block>
    .intvec          const    0x008000    0x80  interrupt.o [4]
                            - 0x008080    0x80

"P3-P5":                                0x1c5c
  .far_func.text     ro code  0x008080   0x635  key.o [1]
  .far_func.text     ro code  0x0086b5   0x519  WS2812B.o [1]
  .far_func.text     ro code  0x008bce   0x21a  stm8s_uart1.o [1]
  .far_func.text     ro code  0x008de8   0x13c  long.o [4]
  .far_func.text     ro code  0x008f24    0xf8  vreg_util.o [4]
  .far_func.text     ro code  0x00901c    0xce  stm8s_gpio.o [1]
  .far_func.text     ro code  0x0090ea    0xbf  stm8s_uart1.o [1]
  .far_func.text     ro code  0x0091a9    0x7d  timebase.o [1]
  .far_func.text     ro code  0x009226    0x7a  stm8s_uart1.o [1]
  .near.rodata       const    0x0092a0    0x5f  stm8s_uart1.o [1]
  .near.rodata       const    0x0092ff    0x5e  stm8s_gpio.o [1]
  .near.rodata       const    0x00935d    0x5e  stm8s_tim4.o [1]
  .near.rodata       const    0x0093bb    0x5d  stm8s_clk.o [1]
  .far_func.text     ro code  0x009418    0x58  dc_util.o [4]
  .far_func.text     ro code  0x009470    0x57  Mp3Module.o [1]
  .far_func.text     ro code  0x0094c7    0x53  Mp3Module.o [1]
  .far_func.text     ro code  0x00951a    0x51  stm8s_tim4.o [1]
  .far_func.text     ro code  0x00956b    0x50  SystemInit.o [1]
  .far_func.text     ro code  0x0095bb    0x4d  Mp3Module.o [1]
  .far_func.text     ro code  0x009608    0x4c  mylib.o [1]
  .far_func.text     ro code  0x009654    0x49  main.o [1]
  .far_func.text     ro code  0x00969d    0x45  stm8s_tim4.o [1]
  .far_func.text     ro code  0x0096e2    0x3c  stm8s_clk.o [1]
  .far_func.text     ro code  0x00971e    0x39  mylib.o [1]
  .far_func.text     ro code  0x009757    0x36  stm8s_clk.o [1]
  .far_func.text     ro code  0x00978d    0x34  Mp3Module.o [1]
  .far_func.text     ro code  0x0097c1    0x33  Mp3Module.o [1]
  .far_func.text     ro code  0x0097f4    0x32  mylib.o [1]
  .near.rodata       const    0x009826    0x30  key.o [1]
  .far_func.text     ro code  0x009856    0x2f  Mp3Module.o [1]
  .far_func.text     ro code  0x009885    0x2b  stm8s_tim4.o [1]
  .far_func.text     ro code  0x0098b0    0x2b  stm8s_uart1.o [1]
  .far_func.text     ro code  0x0098db    0x2b  stm8s_uart1.o [1]
  .far_func.text     ro code  0x009906    0x2b  stm8s_uart1.o [1]
  .far_func.text     ro code  0x009931    0x2b  stm8s_uart1.o [1]
  .far_func.text     ro code  0x00995c    0x2b  stm8s_uart1.o [1]
  .far_func.text     ro code  0x009987    0x2b  stm8s_uart1.o [1]
  .far_func.text     ro code  0x0099b2    0x28  timebase.o [1]
  .far_func.text     ro code  0x0099da    0x28  WS2812B.o [1]
  .far_func.text     ro code  0x009a02    0x28  init_small.o [4]
  .far_func.text     ro code  0x009a2a    0x27  key.o [1]
  .far_func.text     ro code  0x009a51    0x26  short.o [4]
  .far_func.text     ro code  0x009a77    0x22  stm8s_tim4.o [1]
  .far_func.text     ro code  0x009a99    0x22  stm8s_tim4.o [1]
  .far_func.text     ro code  0x009abb    0x21  mylib.o [1]
  .far_func.text     ro code  0x009adc    0x21  mylib.o [1]
  .far_func.text     ro code  0x009afd    0x21  mylib.o [1]
  .far_func.text     ro code  0x009b1e    0x21  stm8s_it.o [1]
  .iar.init_table    const    0x009b3f    0x14  - Linker created -
  .far_func.text     ro code  0x009b53    0x1e  init.o [4]
  .far_func.text     ro code  0x009b71    0x1e  init_small.o [4]
  .far_func.text     ro code  0x009b8f    0x1d  uart.o [1]
  .far_func.text     ro code  0x009bac    0x19  stm8s_tim4.o [1]
  .far_func.text     ro code  0x009bc5    0x17  mylib.o [1]
  .far_func.text     ro code  0x009bdc    0x17  cstartup.o [4]
  .far_func.text     ro code  0x009bf3    0x16  __dbg_xxexit.o [3]
  .far_func.text     ro code  0x009c09    0x12  WS2812B.o [1]
  .far_func.text     ro code  0x009c1b    0x11  SystemInit.o [1]
  .far_func.text     ro code  0x009c2c    0x10  Mp3Module.o [1]
  .far_func.text     ro code  0x009c3c     0xe  far_util.o [4]
  .far_func.text     ro code  0x009c4a     0xd  main.o [1]
  .far_func.text     ro code  0x009c57     0xd  stm8s_uart1.o [1]
  .near.rodata       const    0x009c64     0xb  mylib.o [1]
  .far_func.text     ro code  0x009c6f     0xa  mylib.o [1]
  .far_func.text     ro code  0x009c79     0x8  timebase.o [1]
  .far_func.text     ro code  0x009c81     0x6  char.o [4]
  .far_func.text     ro code  0x009c87     0x6  cexit.o [4]
  .far_func.text     ro code  0x009c8d     0x5  main.o [1]
  .far_func.text     ro code  0x009c92     0x5  stm8s_iwdg.o [1]
  .far_func.text     ro code  0x009c97     0x4  stm8s_uart1.o [1]
  .far_func.text     ro code  0x009c9b     0x4  timebase.o [1]
  .far_func.text     ro code  0x009c9f     0x4  uart.o [1]
  .far_func.text     ro code  0x009ca3     0x4  uart.o [1]
  .far_func.text     ro code  0x009ca7     0x4  uart.o [1]
  .far_func.text     ro code  0x009cab     0x4  interrupt.o [4]
  .far_func.text     ro code  0x009caf     0x4  exit.o [4]
  .near.rodata       const    0x009cb3     0x4  stm8s_clk.o [1]
  Initializer bytes  const    0x009cb7     0x4  <for P2-1>
  .far_func.text     ro code  0x009cbb     0x3  stm8s_gpio.o [1]
  .far_func.text     ro code  0x009cbe     0x3  low_level_init.o [4]
  .far_func.text     ro code  0x009cc1     0x3  unhandled_exception.o [4]
  .far_func.text     ro code  0x009cc4     0x2  main.o [1]
  .far_func.text     ro code  0x009cc6     0x1  stm8s_it.o [1]
  .far_func.text     ro code  0x009cc7     0x1  stm8s_it.o [1]
  .far_func.text     ro code  0x009cc8     0x1  stm8s_it.o [1]
  .far_func.text     ro code  0x009cc9     0x1  stm8s_it.o [1]
  .far_func.text     ro code  0x009cca     0x1  stm8s_it.o [1]
  .far_func.text     ro code  0x009ccb     0x1  stm8s_it.o [1]
  .far_func.text     ro code  0x009ccc     0x1  stm8s_it.o [1]
  .far_func.text     ro code  0x009ccd     0x1  stm8s_it.o [1]
  .far_func.text     ro code  0x009cce     0x1  stm8s_it.o [1]
  .far_func.text     ro code  0x009ccf     0x1  stm8s_it.o [1]
  .far_func.text     ro code  0x009cd0     0x1  stm8s_it.o [1]
  .far_func.text     ro code  0x009cd1     0x1  stm8s_it.o [1]
  .far_func.text     ro code  0x009cd2     0x1  stm8s_it.o [1]
  .far_func.text     ro code  0x009cd3     0x1  stm8s_it.o [1]
  .far_func.text     ro code  0x009cd4     0x1  stm8s_it.o [1]
  .far_func.text     ro code  0x009cd5     0x1  stm8s_it.o [1]
  .far_func.text     ro code  0x009cd6     0x1  stm8s_it.o [1]
  .far_func.text     ro code  0x009cd7     0x1  stm8s_it.o [1]
  .far_func.text     ro code  0x009cd8     0x1  stm8s_it.o [1]
  .far_func.text     ro code  0x009cd9     0x1  SystemInit.o [1]
  .far_func.text     ro code  0x009cda     0x1  SystemInit.o [1]
  .far_func.text     ro code  0x009cdb     0x1  __dbg_break.o [3]
                            - 0x009cdc  0x1c5c


*******************************************************************************
*** INIT TABLE
***

          Address   Size
          -------   ----
Zero (__iar_zero_init2)
    1 destination range, total size 0x4a:
          0x000014  0x4a

Copy (__iar_copy_init2)
    1 source range, total size 0x4:
          0x009cb7   0x4
    1 destination range, total size 0x4:
          0x000010   0x4



*******************************************************************************
*** MODULE SUMMARY
***

    Module                 ro code  ro data  rw data
    ------                 -------  -------  -------
E:\01_WorkSpace\software\VSCODE\Lotus-main\Lotus-main\Project\Debug\Obj: [1]
    Mp3Module.o                413                11
    SystemInit.o                99
    WS2812B.o                1 363
    key.o                    1 628       52       45
    main.o                      93                 1
    mylib.o                    315       11       10
    stm8s_clk.o                114       97
    stm8s_gpio.o               209       94
    stm8s_it.o                  52
    stm8s_iwdg.o                 5
    stm8s_tim4.o               286       94
    stm8s_uart1.o            1 126       95
    timebase.o                 177                11
    uart.o                      41
    ------------------------------------------------
    Total:                   5 921      443       78

command line: [2]
    ------------------------------------------------
    Total:

dbgstm8mmd.a: [3]
    __dbg_break.o                1
    __dbg_xxexit.o              22
    ------------------------------------------------
    Total:                      23

dlstm8mmn.a: [4]
    cexit.o                      6
    char.o                       6
    cstartup.o                  23
    dc_util.o                   88
    exit.o                       4
    far_util.o                  14
    init.o                      30
    init_small.o                70
    interrupt.o                  4      128
    long.o                     316
    low_level_init.o             3
    short.o                     38
    unhandled_exception.o        3
    vreg_util.o                248
    vregs.o                                       16
    ------------------------------------------------
    Total:                     853      128       16

    Linker created                       20      256
----------------------------------------------------
    Grand Total:             6 797      591      350


*******************************************************************************
*** ENTRY LIST
***

Entry                    Address   Size  Type      Object
-----                    -------   ----  ----      ------
.iar.init_table$$Base   0x009b3f          --   Gb  - Linker created -
.iar.init_table$$Limit  0x009b53          --   Gb  - Linker created -
?and32_l0_l0_0x         0x008efb         Code  Gb  long.o [4]
?and32_l0_l0_l1         0x008ef8         Code  Gb  long.o [4]
?b0                     0x000000         Data  Gb  vregs.o [4]
?b1                     0x000001         Data  Gb  vregs.o [4]
?b10                    0x00000a         Data  Gb  vregs.o [4]
?b11                    0x00000b         Data  Gb  vregs.o [4]
?b12                    0x00000c         Data  Gb  vregs.o [4]
?b13                    0x00000d         Data  Gb  vregs.o [4]
?b14                    0x00000e         Data  Gb  vregs.o [4]
?b15                    0x00000f         Data  Gb  vregs.o [4]
?b2                     0x000002         Data  Gb  vregs.o [4]
?b3                     0x000003         Data  Gb  vregs.o [4]
?b4                     0x000004         Data  Gb  vregs.o [4]
?b5                     0x000005         Data  Gb  vregs.o [4]
?b6                     0x000006         Data  Gb  vregs.o [4]
?b7                     0x000007         Data  Gb  vregs.o [4]
?b8                     0x000008         Data  Gb  vregs.o [4]
?b9                     0x000009         Data  Gb  vregs.o [4]
?dc32_l0                0x009418         Code  Gb  dc_util.o [4]
?dc32_l1                0x009444         Code  Gb  dc_util.o [4]
?e0                     0x000001         Data  Gb  vregs.o [4]
?e1                     0x000005         Data  Gb  vregs.o [4]
?e2                     0x000009         Data  Gb  vregs.o [4]
?e3                     0x00000d         Data  Gb  vregs.o [4]
?epilogue_l2            0x008fc4         Code  Gb  vreg_util.o [4]
?epilogue_l2_l3         0x008fc0         Code  Gb  vreg_util.o [4]
?epilogue_w4            0x008fc9         Code  Gb  vreg_util.o [4]
?l0                     0x000000         Data  Gb  vregs.o [4]
?l1                     0x000004         Data  Gb  vregs.o [4]
?l2                     0x000008         Data  Gb  vregs.o [4]
?l3                     0x00000c         Data  Gb  vregs.o [4]
?load24_e1_0x           0x009c3c         Code  Gb  far_util.o [4]
?mov_e0_e2              0x008fd1         Code  Gb  vreg_util.o [4]
?mov_e0_e3              0x008fde         Code  Gb  vreg_util.o [4]
?mov_e1_e0              0x008feb         Code  Gb  vreg_util.o [4]
?mov_e1_e2              0x008ff8         Code  Gb  vreg_util.o [4]
?mov_e2_e0              0x009005         Code  Gb  vreg_util.o [4]
?mov_e3_e0              0x009012         Code  Gb  vreg_util.o [4]
?mov_l0_l2              0x008fce         Code  Gb  vreg_util.o [4]
?mov_l0_l3              0x008fdb         Code  Gb  vreg_util.o [4]
?mov_l1_l0              0x008fe8         Code  Gb  vreg_util.o [4]
?mov_l1_l2              0x008ff5         Code  Gb  vreg_util.o [4]
?mov_l2_l0              0x009002         Code  Gb  vreg_util.o [4]
?mov_l3_l0              0x00900f         Code  Gb  vreg_util.o [4]
?mov_w1_w5              0x008fd4         Code  Gb  vreg_util.o [4]
?mov_w1_w7              0x008fe1         Code  Gb  vreg_util.o [4]
?mov_w3_w1              0x008fee         Code  Gb  vreg_util.o [4]
?mov_w3_w5              0x008ffb         Code  Gb  vreg_util.o [4]
?mov_w5_w1              0x009008         Code  Gb  vreg_util.o [4]
?mov_w7_w1              0x009015         Code  Gb  vreg_util.o [4]
?mul16_x_x_w0           0x009a51         Code  Gb  short.o [4]
?mul32_l0_l0_l1         0x008e03         Code  Gb  long.o [4]
?pop_l0                 0x008f88         Code  Gb  vreg_util.o [4]
?pop_l1                 0x008f93         Code  Gb  vreg_util.o [4]
?pop_l2                 0x008f9e         Code  Gb  vreg_util.o [4]
?pop_l3                 0x008fa9         Code  Gb  vreg_util.o [4]
?pop_w4                 0x008f40         Code  Gb  vreg_util.o [4]
?push_l0                0x008f53         Code  Gb  vreg_util.o [4]
?push_l1                0x008f58         Code  Gb  vreg_util.o [4]
?push_l2                0x008f5d         Code  Gb  vreg_util.o [4]
?push_l3                0x008f62         Code  Gb  vreg_util.o [4]
?push_w4                0x008f24         Code  Gb  vreg_util.o [4]
?sll16_x_x_a            0x009a6f         Code  Gb  short.o [4]
?sll32_0x_0x_a          0x008f16         Code  Gb  long.o [4]
?sll32_l0_l0_a          0x008f13         Code  Gb  long.o [4]
?srl8_a_a_5             0x009c82         Code  Gb  char.o [4]
?srl8_a_a_6             0x009c81         Code  Gb  char.o [4]
?sub32_l0_l0_0x         0x008deb         Code  Gb  long.o [4]
?sub32_l0_l0_l1         0x008de8         Code  Gb  long.o [4]
?udiv32_l0_dl_l1        0x008e81         Code  Gb  long.o [4]
?udiv32_l0_l0_dl        0x008e87         Code  Gb  long.o [4]
?udiv32_l0_l0_l1        0x008e8b         Code  Gb  long.o [4]
?umod32_l1_l0_l1        0x008e8b         Code  Gb  long.o [4]
?w0                     0x000000         Data  Gb  vregs.o [4]
?w1                     0x000002         Data  Gb  vregs.o [4]
?w2                     0x000004         Data  Gb  vregs.o [4]
?w3                     0x000006         Data  Gb  vregs.o [4]
?w4                     0x000008         Data  Gb  vregs.o [4]
?w5                     0x00000a         Data  Gb  vregs.o [4]
?w6                     0x00000c         Data  Gb  vregs.o [4]
?w7                     0x00000e         Data  Gb  vregs.o [4]
ADC1_IRQHandler         0x009cd7    0x1  Code  Gb  stm8s_it.o [1]
AWU_IRQHandler          0x009cc8    0x1  Code  Gb  stm8s_it.o [1]
CLK_Config              0x009c8d    0x5  Code  Lc  main.o [1]
CLK_GetClockFreq        0x0096e2   0x3c  Code  Gb  stm8s_clk.o [1]
CLK_HSIPrescalerConfig  0x009757   0x36  Code  Gb  stm8s_clk.o [1]
CLK_IRQHandler          0x009cc9    0x1  Code  Gb  stm8s_it.o [1]
CSTACK$$Base            0x000300          --   Gb  - Linker created -
CSTACK$$Limit           0x000400          --   Gb  - Linker created -
ChangeDevice            0x009470   0x57  Code  Gb  Mp3Module.o [1]
CurDevNUM               0x00002d    0x2  Data  Gb  key.o [1]
CurDevTotal             0x000025    0x2  Data  Gb  key.o [1]
CurrentEQ               0x000043    0x1  Data  Gb  key.o [1]
DS100MS_CNT             0x009afd   0x21  Code  Gb  mylib.o [1]
DS100MS_CNT::counter100ms
                        0x000056    0x1  Data  Lc  mylib.o [1]
DS10MS_CNT              0x009adc   0x21  Code  Gb  mylib.o [1]
DS10MS_CNT::counter10ms
                        0x000055    0x1  Data  Lc  mylib.o [1]
DS2MS_CNT               0x009abb   0x21  Code  Gb  mylib.o [1]
DS2MS_CNT::counter2ms   0x000054    0x1  Data  Lc  mylib.o [1]
DS500MS_CNT             0x009c6f    0xa  Code  Gb  mylib.o [1]
DelayTime               0x000046    0x1  Data  Gb  key.o [1]
DispModlueError         0x0081fe    0x1  Code  Gb  key.o [1]
DoSum                   0x009856   0x2f  Code  Gb  Mp3Module.o [1]
EEPROM_EEC_IRQHandler   0x009cd8    0x1  Code  Gb  stm8s_it.o [1]
EXTI_PORTA_IRQHandler   0x009cca    0x1  Code  Gb  stm8s_it.o [1]
EXTI_PORTB_IRQHandler   0x009ccb    0x1  Code  Gb  stm8s_it.o [1]
EXTI_PORTC_IRQHandler   0x009ccc    0x1  Code  Gb  stm8s_it.o [1]
EXTI_PORTD_IRQHandler   0x009ccd    0x1  Code  Gb  stm8s_it.o [1]
EXTI_PORTE_IRQHandler   0x009cce    0x1  Code  Gb  stm8s_it.o [1]
FEEDBACK                0x00003d    0x1  Data  Gb  key.o [1]
FileNum                 0x00003b    0x1  Data  Lc  key.o [1]
FlashCurFile            0x000033    0x2  Data  Gb  key.o [1]
FlashTotal              0x00002b    0x2  Data  Gb  key.o [1]
FolderNum               0x00003a    0x1  Data  Lc  key.o [1]
GPIO_Config             0x009c4a    0xd  Code  Lc  main.o [1]
GPIO_Init               0x00901c   0xce  Code  Gb  stm8s_gpio.o [1]
GPIO_ReadInputData      0x009cbb    0x3  Code  Gb  stm8s_gpio.o [1]
GoInitDevice            0x0097c1   0x33  Code  Gb  Mp3Module.o [1]
HSIDivFactor            0x009cb3    0x4  Data  Gb  stm8s_clk.o [1]
I2C_IRQHandler          0x009cd6    0x1  Code  Gb  stm8s_it.o [1]
INTVEC$$Base            0x008000          --   Gb  - Linker created -
INTVEC$$Limit           0x008080          --   Gb  - Linker created -
IWDG_ReloadCounter      0x009c92    0x5  Code  Gb  stm8s_iwdg.o [1]
InputNumCnt             0x000039    0x1  Data  Lc  key.o [1]
KeyScan                 0x0080b8   0x34  Code  Lc  key.o [1]
KeyScan::g_key_value    0x00004a    0x1  Data  Lc  key.o [1]
Key_Init                0x009a2a   0x27  Code  Gb  key.o [1]
MP3_Init                0x0095bb   0x4d  Code  Gb  Mp3Module.o [1]
MSG_FIFO                0x000010    0x1  Data  Lc  key.o [1]
MSG_Task                0x0081ff  0x4b6  Code  Gb  key.o [1]
MSG_Task::msg           0x00004e    0x1  Data  Lc  key.o [1]
OnlineDevice            0x000045    0x1  Data  Gb  key.o [1]
OutTimeCnt              0x000040    0x1  Data  Gb  key.o [1]
PlayDevice              0x000044    0x1  Data  Gb  key.o [1]
PointFunc               0x000048    0x1  Data  Gb  key.o [1]
PointPlayFolderNum      0x00819f   0x5f  Code  Gb  key.o [1]
PointPlayFolderNum::InputCnt
                        0x00004f    0x1  Data  Lc  key.o [1]
PointPlayNum            0x00816d   0x32  Code  Gb  key.o [1]
QueryACKTime            0x000041    0x1  Data  Gb  key.o [1]
RAM_Init                0x009c1b   0x11  Code  Gb  SystemInit.o [1]
RGB_Refresh             0x0099da   0x28  Code  Gb  WS2812B.o [1]
Region$$Table$$Base     0x009b3f          --   Gb  - Linker created -
Region$$Table$$Limit    0x009b53          --   Gb  - Linker created -
ResendCount             0x000011    0x1  Data  Gb  key.o [1]
SPI_IRQHandler          0x009ccf    0x1  Code  Gb  stm8s_it.o [1]
SendCmd                 0x0094c7   0x53  Code  Gb  Mp3Module.o [1]
SendDataLen             0x000051    0x1  Data  Lc  Mp3Module.o [1]
Send_buf                0x000014    0xa  Data  Lc  Mp3Module.o [1]
Serial_init             0x009cda    0x1  Code  Gb  SystemInit.o [1]
Status0                 0x000052    0x1  Data  Gb  mylib.o [1]
Status1                 0x000053    0x1  Data  Gb  mylib.o [1]
SysReturnTime           0x000042    0x1  Data  Gb  key.o [1]
System_Init             0x00956b   0x50  Code  Gb  SystemInit.o [1]
System_Status           0x00003f    0x1  Data  Gb  key.o [1]
TFCurFile               0x000031    0x2  Data  Gb  key.o [1]
TFTotal                 0x000029    0x2  Data  Gb  key.o [1]
TIM1_CAP_COM_IRQHandler
                        0x009cd1    0x1  Code  Gb  stm8s_it.o [1]
TIM1_UPD_OVF_TRG_BRK_IRQHandler
                        0x009cd0    0x1  Code  Gb  stm8s_it.o [1]
TIM2_CAP_COM_IRQHandler
                        0x009cd3    0x1  Code  Gb  stm8s_it.o [1]
TIM2_UPD_OVF_BRK_IRQHandler
                        0x009cd2    0x1  Code  Gb  stm8s_it.o [1]
TIM4_ClearFlag          0x009a77   0x22  Code  Gb  stm8s_tim4.o [1]
TIM4_ClearITPendingBit  0x009a99   0x22  Code  Gb  stm8s_tim4.o [1]
TIM4_Cmd                0x009885   0x2b  Code  Gb  stm8s_tim4.o [1]
TIM4_DeInit             0x009bac   0x19  Code  Gb  stm8s_tim4.o [1]
TIM4_ITConfig           0x00951a   0x51  Code  Gb  stm8s_tim4.o [1]
TIM4_TimeBaseInit       0x00969d   0x45  Code  Gb  stm8s_tim4.o [1]
TIM4_UPD_OVF_IRQHandler
                        0x009b1e   0x21  Code  Gb  stm8s_it.o [1]
TLI_IRQHandler          0x009cc7    0x1  Code  Gb  stm8s_it.o [1]
TRAP_IRQHandler         0x009cc6    0x1  Code  Gb  stm8s_it.o [1]
TimeBase_Config         0x0099b2   0x20  Code  Lc  timebase.o [1]
TimeBase_Get1msSystemTimeDelta
                        0x009c9b    0x4  Code  Gb  timebase.o [1]
TimeBase_HandleTimeBaseCouter
                        0x0091a9   0x7d  Code  Gb  timebase.o [1]
TimeBase_HandleTimeBaseCouter::uc10msBaseTime
                        0x00005d    0x1  Data  Lc  timebase.o [1]
TimeBase_HandleTimeBaseCouter::uc1msBaseTime
                        0x00005c    0x1  Data  Lc  timebase.o [1]
TimeBase_HandleTimeBaseCouter::ui1sBaseTime
                        0x000037    0x2  Data  Lc  timebase.o [1]
TimeBase_HandleTimeBaseCouter::ui250msBaseTime
                        0x000035    0x2  Data  Lc  timebase.o [1]
TimeBase_IncerementCounter_UPD_IRQ
                        0x009c79    0x8  Code  Gb  timebase.o [1]
TimeBase_Init           0x0099d2    0x8  Code  Gb  timebase.o [1]
Timer0_Init             0x009cd9    0x1  Code  Gb  SystemInit.o [1]
UART1_Cmd               0x009c57    0xd  Code  Gb  stm8s_uart1.o [1]
UART1_DeInit            0x0098b0   0x2b  Code  Gb  stm8s_uart1.o [1]
UART1_GetFlagStatus     0x009226   0x7a  Code  Gb  stm8s_uart1.o [1]
UART1_HalfDuplexCmd     0x0098db   0x2b  Code  Gb  stm8s_uart1.o [1]
UART1_ITConfig          0x0090ea   0xbf  Code  Gb  stm8s_uart1.o [1]
UART1_Init              0x008bce  0x21a  Code  Gb  stm8s_uart1.o [1]
UART1_IrDACmd           0x009906   0x2b  Code  Gb  stm8s_uart1.o [1]
UART1_LINCmd            0x009931   0x2b  Code  Gb  stm8s_uart1.o [1]
UART1_RX_IRQHandler     0x009cd5    0x1  Code  Gb  stm8s_it.o [1]
UART1_SendData8         0x009c97    0x4  Code  Gb  stm8s_uart1.o [1]
UART1_SmartCardCmd      0x00995c   0x2b  Code  Gb  stm8s_uart1.o [1]
UART1_SmartCardNACKCmd  0x009987   0x2b  Code  Gb  stm8s_uart1.o [1]
UART1_TX_IRQHandler     0x009cd4    0x1  Code  Gb  stm8s_it.o [1]
UDiskCurFile            0x00002f    0x2  Data  Gb  key.o [1]
UDiskTotal              0x000027    0x2  Data  Gb  key.o [1]
UartRecvACK             0x00003e    0x1  Data  Gb  key.o [1]
Uart_Enable             0x009ca3    0x4  Code  Gb  uart.o [1]
Uart_Init               0x009b8f   0x1d  Code  Gb  uart.o [1]
Uart_ParameterConfig    0x009c9f    0x4  Code  Gb  uart.o [1]
Uart_PutByte            0x009c2c   0x10  Code  Gb  Mp3Module.o [1]
Uart_SendCMD            0x00978d   0x34  Code  Gb  Mp3Module.o [1]
Uart_SendData           0x009ca7    0x4  Code  Gb  uart.o [1]
Ws2812b_Configuration   0x009c09   0x12  Code  Gb  WS2812B.o [1]
Ws2812b_Write           0x0086b5  0x519  Code  Gb  WS2812B.o [1]
__DebugBreak            0x009cdb    0x1  Code  Gb  __dbg_break.o [3]
__exit                  0x009bf3   0x16  Code  Gb  __dbg_xxexit.o [3]
__iar_copy_init2        0x009a02         Code  Gb  init_small.o [4]
__iar_data_init2        0x009b53   0x1e  Code  Gb  init.o [4]
__iar_program_start     0x009bdc         Code  Gb  cstartup.o [4]
__iar_unhandled_exception
                        0x009cc1         Code  Gb  unhandled_exception.o [4]
__iar_zero_init2        0x009b71         Code  Gb  init_small.o [4]
__intvec                0x008000         Data  Gb  interrupt.o [4]
__low_level_init        0x009cbe    0x3  Code  Gb  low_level_init.o [4]
_exit                   0x009c87         Code  Gb  cexit.o [4]
_interrupt_1            0x009cc6         Code  Gb  stm8s_it.o [1]
_interrupt_12           0x009ccf         Code  Gb  stm8s_it.o [1]
_interrupt_13           0x009cd0         Code  Gb  stm8s_it.o [1]
_interrupt_14           0x009cd1         Code  Gb  stm8s_it.o [1]
_interrupt_15           0x009cd2         Code  Gb  stm8s_it.o [1]
_interrupt_16           0x009cd3         Code  Gb  stm8s_it.o [1]
_interrupt_19           0x009cd4         Code  Gb  stm8s_it.o [1]
_interrupt_2            0x009cc7         Code  Gb  stm8s_it.o [1]
_interrupt_20           0x009cd5         Code  Gb  stm8s_it.o [1]
_interrupt_21           0x009cd6         Code  Gb  stm8s_it.o [1]
_interrupt_24           0x009cd7         Code  Gb  stm8s_it.o [1]
_interrupt_25           0x009b1e         Code  Gb  stm8s_it.o [1]
_interrupt_26           0x009cd8         Code  Gb  stm8s_it.o [1]
_interrupt_3            0x009cc8         Code  Gb  stm8s_it.o [1]
_interrupt_4            0x009cc9         Code  Gb  stm8s_it.o [1]
_interrupt_5            0x009cca         Code  Gb  stm8s_it.o [1]
_interrupt_6            0x009ccb         Code  Gb  stm8s_it.o [1]
_interrupt_7            0x009ccc         Code  Gb  stm8s_it.o [1]
_interrupt_8            0x009ccd         Code  Gb  stm8s_it.o [1]
_interrupt_9            0x009cce         Code  Gb  stm8s_it.o [1]
adkey_msg_16key_table   0x009826   0x30  Data  Gb  key.o [1]
app_get_msg             0x008084   0x16  Code  Gb  key.o [1]
app_get_msg::msg        0x000049    0x1  Data  Lc  key.o [1]
asc_number              0x009c64    0xb  Data  Gb  mylib.o [1]
assert_failed           0x009cc4    0x2  Code  Gb  main.o [1]
bcd_number              0x00001e    0x5  Data  Gb  mylib.o [1]
counter1ms              0x000050    0x1  Data  Lc  main.o [1]
exit                    0x009caf    0x4  Code  Gb  exit.o [4]
input_number            0x000023    0x2  Data  Gb  key.o [1]
input_vol               0x000047    0x1  Data  Gb  key.o [1]
itoa1                   0x009bc5   0x17  Code  Gb  mylib.o [1]
itoa2                   0x0097f4   0x32  Code  Gb  mylib.o [1]
itoa3                   0x00971e   0x39  Code  Gb  mylib.o [1]
itoa4                   0x009608   0x4c  Code  Gb  mylib.o [1]
key_filter              0x0080ec   0x28  Code  Lc  key.o [1]
key_filter::key_counter
                        0x00004c    0x1  Data  Lc  key.o [1]
key_filter::old_key     0x00004b    0x1  Data  Lc  key.o [1]
key_filter::used_key    0x000012    0x1  Data  Lc  key.o [1]
key_scan                0x008114   0x59  Code  Gb  key.o [1]
key_scan::key_press_counter
                        0x00004d    0x1  Data  Lc  key.o [1]
key_scan::last_key      0x000013    0x1  Data  Lc  key.o [1]
main                    0x009654   0x49  Code  Gb  main.o [1]
music_msg_filter        0x00809a   0x1e  Code  Gb  key.o [1]
put_msg_lifo            0x008080    0x4  Code  Gb  key.o [1]
uc10msSystemTimeDelta   0x000059    0x1  Data  Lc  timebase.o [1]
uc1msSystemTimeDelta    0x000058    0x1  Data  Lc  timebase.o [1]
uc1sSystemTimeDelta     0x00005b    0x1  Data  Lc  timebase.o [1]
uc250msSystemTimeDelta  0x00005a    0x1  Data  Lc  timebase.o [1]
ucErrorStatus           0x00003c    0x1  Data  Gb  key.o [1]
ucSystemTime            0x000057    0x1  Data  Lc  timebase.o [1]


[1] = E:\01_WorkSpace\software\VSCODE\Lotus-main\Lotus-main\Project\Debug\Obj
[2] = command line
[3] = dbgstm8mmd.a
[4] = dlstm8mmn.a

  6 797 bytes of readonly  code memory
    591 bytes of readonly  data memory
    350 bytes of readwrite data memory

Errors: none
Warnings: none
