###############################################################################
#
# IAR ELF Linker V3.10.1.201 for STM8                     18/Apr/2021  15:09:49
# Copyright 2010-2017 IAR Systems AB.
#
#    Output file  =  
#        E:\01_WorkSpace\software\VSCODE\Lotus-main\Lotus-main\Project\Debug\Exe\lotus.out
#    Map file     =  
#        E:\01_WorkSpace\software\VSCODE\Lotus-main\Lotus-main\Project\Debug\List\lotus.map
#    Command line =  
#        -f C:\Users\sheol\AppData\Local\Temp\EWA91A.tmp
#        (E:\01_WorkSpace\software\VSCODE\Lotus-main\Lotus-main\Project\Debug\Obj\iwdg.o
#        E:\01_WorkSpace\software\VSCODE\Lotus-main\Lotus-main\Project\Debug\Obj\key.o
#        E:\01_WorkSpace\software\VSCODE\Lotus-main\Lotus-main\Project\Debug\Obj\main.o
#        E:\01_WorkSpace\software\VSCODE\Lotus-main\Lotus-main\Project\Debug\Obj\Mp3Module.o
#        E:\01_WorkSpace\software\VSCODE\Lotus-main\Lotus-main\Project\Debug\Obj\mylib.o
#        E:\01_WorkSpace\software\VSCODE\Lotus-main\Lotus-main\Project\Debug\Obj\stm8s_clk.o
#        E:\01_WorkSpace\software\VSCODE\Lotus-main\Lotus-main\Project\Debug\Obj\stm8s_gpio.o
#        E:\01_WorkSpace\software\VSCODE\Lotus-main\Lotus-main\Project\Debug\Obj\stm8s_it.o
#        E:\01_WorkSpace\software\VSCODE\Lotus-main\Lotus-main\Project\Debug\Obj\stm8s_iwdg.o
#        E:\01_WorkSpace\software\VSCODE\Lotus-main\Lotus-main\Project\Debug\Obj\stm8s_tim4.o
#        E:\01_WorkSpace\software\VSCODE\Lotus-main\Lotus-main\Project\Debug\Obj\stm8s_uart1.o
#        E:\01_WorkSpace\software\VSCODE\Lotus-main\Lotus-main\Project\Debug\Obj\SystemInit.o
#        E:\01_WorkSpace\software\VSCODE\Lotus-main\Lotus-main\Project\Debug\Obj\timebase.o
#        E:\01_WorkSpace\software\VSCODE\Lotus-main\Lotus-main\Project\Debug\Obj\uart.o
#        E:\01_WorkSpace\software\VSCODE\Lotus-main\Lotus-main\Project\Debug\Obj\WS2812B.o
#        --redirect _Printf=_PrintfFullNoMb --redirect _Scanf=_ScanfFullNoMb -o
#        E:\01_WorkSpace\software\VSCODE\Lotus-main\Lotus-main\Project\Debug\Exe\lotus.out
#        --map
#        E:\01_WorkSpace\software\VSCODE\Lotus-main\Lotus-main\Project\Debug\List\lotus.map
#        --config "D:\Program Files (x86)\IAR Systems\Embedded Workbench
#        8.0\stm8\config\lnkstm8s103f3.icf" --config_def _CSTACK_SIZE=0x100
#        --config_def _HEAP_SIZE=0x100 --entry __iar_program_start --debug_lib)
#
###############################################################################

*******************************************************************************
*** RUNTIME MODEL ATTRIBUTES
***

__SystemLibrary            = DLib
__code_model               = medium_or_large
__core                     = stm8
__data_model               = medium
__dlib_file_descriptor     = 0
__dlib_full_locale_support = 0
__rt_version               = 4


*******************************************************************************
*** PLACEMENT SUMMARY
***

"A0":  place at start of [0x000000-0x0000ff] { rw section .vregs };
"A1":  place at end of [0x000000-0x0003ff] { block CSTACK };
"P2":  place in [from 0x000000 to 0x0003ff] {
          block HEAP, rw section __DLIB_PERTHREAD, rw section .far.bss,
          rw section .far.data, rw section .far.noinit,
          rw section .far_func.textrw, rw section .huge.bss,
          rw section .huge.data, rw section .huge.noinit,
          rw section .huge_func.textrw, rw section .iar.dynexit,
          rw section .near.bss, rw section .near.data, rw section .near.noinit,
          rw section .near_func.textrw };
"A2":  place at start of [0x008000-0x009fff] { block INTVEC };
"P3":  place in [from 0x008000 to 0x009fff] {
          ro section __DLIB_PERTHREAD_init, ro section .far.data_init,
          ro section .far_func.textrw_init, ro section .huge.data_init,
          ro section .huge_func.textrw_init, ro section .iar.init_table,
          ro section .init_array, ro section .near.data_init,
          ro section .near.rodata, ro section .near_func.text,
          ro section .near_func.textrw_init, ro section .tiny.data_init,
          ro section .tiny.rodata_init };
"P4":  place in [from 0x008000 to 0x009fff] {
          ro section .far.rodata, ro section .far_func.text };
"P5":  place in [from 0x008000 to 0x009fff] {
          ro section .huge.rodata, ro section .huge_func.text };
do not initialize {
   rw section .eeprom.noinit, rw section .far.noinit, rw section .huge.noinit,
   rw section .near.noinit, rw section .tiny.noinit, rw section .vregs };
initialize by copy {
   rw section .far.bss, rw section .far.data, rw section .far_func.textrw,
   rw section .huge.bss, rw section .huge.data, rw section .huge_func.textrw,
   rw section .iar.dynexit, rw section .near.bss, rw section .near.data,
   rw section .near_func.textrw, rw section .tiny.bss, rw section .tiny.data,
   ro section .tiny.rodata };

  Section            Kind      Address    Size  Object
  -------            ----      -------    ----  ------
"A0":                                     0x10
  .vregs             uninit   0x000000    0x10  vregs.o [4]
                            - 0x000010    0x10

"P2", part 1 of 2:                         0x4
  P2-1                        0x000010     0x4  <Init block>
    .near.data       inited   0x000010     0x1  key.o [1]
    .near.data       inited   0x000011     0x1  key.o [1]
    .near.data       inited   0x000012     0x1  key.o [1]
    .near.data       inited   0x000013     0x1  key.o [1]
                            - 0x000014     0x4

"P2", part 2 of 2:                        0x5a
  .near.bss          zero     0x000014     0xa  Mp3Module.o [1]
  .near.bss          zero     0x00001e     0xa  Mp3Module.o [1]
  .near.bss          zero     0x000028     0x5  mylib.o [1]
  .near.bss          zero     0x00002d     0x2  key.o [1]
  .near.bss          zero     0x00002f     0x2  key.o [1]
  .near.bss          zero     0x000031     0x2  key.o [1]
  .near.bss          zero     0x000033     0x2  key.o [1]
  .near.bss          zero     0x000035     0x2  key.o [1]
  .near.bss          zero     0x000037     0x2  key.o [1]
  .near.bss          zero     0x000039     0x2  key.o [1]
  .near.bss          zero     0x00003b     0x2  key.o [1]
  .near.bss          zero     0x00003d     0x2  key.o [1]
  .near.bss          zero     0x00003f     0x2  timebase.o [1]
  .near.bss          zero     0x000041     0x2  timebase.o [1]
  .near.bss          zero     0x000043     0x1  key.o [1]
  .near.bss          zero     0x000044     0x1  key.o [1]
  .near.bss          zero     0x000045     0x1  key.o [1]
  .near.bss          zero     0x000046     0x1  key.o [1]
  .near.bss          zero     0x000047     0x1  key.o [1]
  .near.bss          zero     0x000048     0x1  key.o [1]
  .near.bss          zero     0x000049     0x1  key.o [1]
  .near.bss          zero     0x00004a     0x1  key.o [1]
  .near.bss          zero     0x00004b     0x1  key.o [1]
  .near.bss          zero     0x00004c     0x1  key.o [1]
  .near.bss          zero     0x00004d     0x1  key.o [1]
  .near.bss          zero     0x00004e     0x1  key.o [1]
  .near.bss          zero     0x00004f     0x1  key.o [1]
  .near.bss          zero     0x000050     0x1  key.o [1]
  .near.bss          zero     0x000051     0x1  key.o [1]
  .near.bss          zero     0x000052     0x1  key.o [1]
  .near.bss          zero     0x000053     0x1  key.o [1]
  .near.bss          zero     0x000054     0x1  key.o [1]
  .near.bss          zero     0x000055     0x1  key.o [1]
  .near.bss          zero     0x000056     0x1  key.o [1]
  .near.bss          zero     0x000057     0x1  key.o [1]
  .near.bss          zero     0x000058     0x1  key.o [1]
  .near.bss          zero     0x000059     0x1  key.o [1]
  .near.bss          zero     0x00005a     0x1  key.o [1]
  .near.bss          zero     0x00005b     0x1  key.o [1]
  .near.bss          zero     0x00005c     0x1  key.o [1]
  .near.bss          zero     0x00005d     0x1  key.o [1]
  .near.bss          zero     0x00005e     0x1  key.o [1]
  .near.bss          zero     0x00005f     0x1  main.o [1]
  .near.bss          zero     0x000060     0x1  Mp3Module.o [1]
  .near.bss          zero     0x000061     0x1  Mp3Module.o [1]
  .near.bss          zero     0x000062     0x1  mylib.o [1]
  .near.bss          zero     0x000063     0x1  mylib.o [1]
  .near.bss          zero     0x000064     0x1  mylib.o [1]
  .near.bss          zero     0x000065     0x1  mylib.o [1]
  .near.bss          zero     0x000066     0x1  mylib.o [1]
  .near.bss          zero     0x000067     0x1  timebase.o [1]
  .near.bss          zero     0x000068     0x1  timebase.o [1]
  .near.bss          zero     0x000069     0x1  timebase.o [1]
  .near.bss          zero     0x00006a     0x1  timebase.o [1]
  .near.bss          zero     0x00006b     0x1  timebase.o [1]
  .near.bss          zero     0x00006c     0x1  timebase.o [1]
  .near.bss          zero     0x00006d     0x1  timebase.o [1]
                            - 0x00006e    0x5a

"A1":                                    0x100
  CSTACK                      0x000300   0x100  <Block>
    CSTACK           uninit   0x000300   0x100  <Block tail>
                            - 0x000400   0x100

"A2":                                     0x80
  INTVEC                      0x008000    0x80  <Block>
    .intvec          const    0x008000    0x80  interrupt.o [4]
                            - 0x008080    0x80

"P3-P5":                                0x1f21
  .far_func.text     ro code  0x008080   0x52f  key.o [1]
  .far_func.text     ro code  0x0085af   0x24d  stm8s_uart1.o [1]
  .far_func.text     ro code  0x0087fc   0x1e9  Mp3Module.o [1]
  .far_func.text     ro code  0x0089e5   0x121  long.o [4]
  .far_func.text     ro code  0x008b06   0x115  stm8s_gpio.o [1]
  .far_func.text     ro code  0x008c1b   0x10b  vreg_util.o [4]
  .far_func.text     ro code  0x008d26    0xde  Mp3Module.o [1]
  .far_func.text     ro code  0x008e04    0xdc  stm8s_uart1.o [1]
  .far_func.text     ro code  0x008ee0    0xc1  key.o [1]
  .far_func.text     ro code  0x008fa1    0xac  Mp3Module.o [1]
  .far_func.text     ro code  0x00904d    0xa6  stm8s_uart1.o [1]
  .far_func.text     ro code  0x0090f3    0x7f  timebase.o [1]
  .far_func.text     ro code  0x009172    0x7d  key.o [1]
  .far_func.text     ro code  0x0091ef    0x70  Mp3Module.o [1]
  .far_func.text     ro code  0x00925f    0x6b  key.o [1]
  .near.rodata       const    0x0092ca    0x5f  stm8s_uart1.o [1]
  .near.rodata       const    0x009329    0x5e  stm8s_gpio.o [1]
  .near.rodata       const    0x009387    0x5e  stm8s_tim4.o [1]
  .near.rodata       const    0x0093e5    0x5d  stm8s_clk.o [1]
  .far_func.text     ro code  0x009442    0x5c  key.o [1]
  .far_func.text     ro code  0x00949e    0x5b  Mp3Module.o [1]
  .far_func.text     ro code  0x0094f9    0x58  stm8s_clk.o [1]
  .far_func.text     ro code  0x009551    0x58  dc_util.o [4]
  .far_func.text     ro code  0x0095a9    0x55  stm8s_tim4.o [1]
  .far_func.text     ro code  0x0095fe    0x54  stm8s_tim4.o [1]
  .far_func.text     ro code  0x009652    0x50  main.o [1]
  .far_func.text     ro code  0x0096a2    0x4f  Mp3Module.o [1]
  .far_func.text     ro code  0x0096f1    0x4e  mylib.o [1]
  .far_func.text     ro code  0x00973f    0x4d  Mp3Module.o [1]
  .far_func.text     ro code  0x00978c    0x4b  SystemInit.o [1]
  .far_func.text     ro code  0x0097d7    0x46  Mp3Module.o [1]
  .far_func.text     ro code  0x00981d    0x42  Mp3Module.o [1]
  .far_func.text     ro code  0x00985f    0x3f  Mp3Module.o [1]
  .far_func.text     ro code  0x00989e    0x3e  stm8s_clk.o [1]
  .far_func.text     ro code  0x0098dc    0x3e  long_util.o [4]
  .far_func.text     ro code  0x00991a    0x3c  key.o [1]
  .far_func.text     ro code  0x009956    0x3b  mylib.o [1]
  .far_func.text     ro code  0x009991    0x3a  stm8s_uart1.o [1]
  .far_func.text     ro code  0x0099cb    0x32  mylib.o [1]
  .far_func.text     ro code  0x0099fd    0x30  stm8s_tim4.o [1]
  .far_func.text     ro code  0x009a2d    0x30  stm8s_uart1.o [1]
  .far_func.text     ro code  0x009a5d    0x30  stm8s_uart1.o [1]
  .far_func.text     ro code  0x009a8d    0x30  stm8s_uart1.o [1]
  .far_func.text     ro code  0x009abd    0x30  stm8s_uart1.o [1]
  .far_func.text     ro code  0x009aed    0x30  stm8s_uart1.o [1]
  .near.rodata       const    0x009b1d    0x30  key.o [1]
  .far_func.text     ro code  0x009b4d    0x2e  mylib.o [1]
  .far_func.text     ro code  0x009b7b    0x2d  stm8s_uart1.o [1]
  .far_func.text     ro code  0x009ba8    0x2b  key.o [1]
  .far_func.text     ro code  0x009bd3    0x2b  mylib.o [1]
  .far_func.text     ro code  0x009bfe    0x28  key.o [1]
  .far_func.text     ro code  0x009c26    0x28  key.o [1]
  .far_func.text     ro code  0x009c4e    0x28  key.o [1]
  .far_func.text     ro code  0x009c76    0x28  timebase.o [1]
  .far_func.text     ro code  0x009c9e    0x28  init_small.o [4]
  .far_func.text     ro code  0x009cc6    0x27  stm8s_uart1.o [1]
  .far_func.text     ro code  0x009ced    0x26  short.o [4]
  .far_func.text     ro code  0x009d13    0x25  stm8s_tim4.o [1]
  .far_func.text     ro code  0x009d38    0x25  stm8s_tim4.o [1]
  .far_func.text     ro code  0x009d5d    0x21  mylib.o [1]
  .far_func.text     ro code  0x009d7e    0x21  stm8s_it.o [1]
  .far_func.text     ro code  0x009d9f    0x21  SystemInit.o [1]
  .iar.init_table    const    0x009dc0    0x14  - Linker created -
  .far_func.text     ro code  0x009dd4    0x1e  init.o [4]
  .far_func.text     ro code  0x009df2    0x1e  init_small.o [4]
  .far_func.text     ro code  0x009e10    0x1d  uart.o [1]
  .far_func.text     ro code  0x009e2d    0x1b  stm8s_it.o [1]
  .far_func.text     ro code  0x009e48    0x1a  Mp3Module.o [1]
  .far_func.text     ro code  0x009e62    0x19  stm8s_tim4.o [1]
  .far_func.text     ro code  0x009e7b    0x18  key.o [1]
  .far_func.text     ro code  0x009e93    0x17  mylib.o [1]
  .far_func.text     ro code  0x009eaa    0x17  cstartup.o [4]
  .far_func.text     ro code  0x009ec1    0x16  __dbg_xxexit.o [3]
  .far_func.text     ro code  0x009ed7    0x12  WS2812B.o [1]
  .far_func.text     ro code  0x009ee9    0x11  mylib.o [1]
  .far_func.text     ro code  0x009efa     0xe  main.o [1]
  .far_func.text     ro code  0x009f08     0xe  far_util.o [4]
  .far_func.text     ro code  0x009f16     0xd  stm8s_uart1.o [1]
  .near.rodata       const    0x009f23     0xc  key.o [1]
  .near.rodata       const    0x009f2f     0xb  mylib.o [1]
  .far_func.text     ro code  0x009f3a     0x8  timebase.o [1]
  .far_func.text     ro code  0x009f42     0x6  main.o [1]
  .far_func.text     ro code  0x009f48     0x6  char.o [4]
  .far_func.text     ro code  0x009f4e     0x6  cexit.o [4]
  .far_func.text     ro code  0x009f54     0x5  stm8s_iwdg.o [1]
  .far_func.text     ro code  0x009f59     0x4  key.o [1]
  .far_func.text     ro code  0x009f5d     0x4  stm8s_uart1.o [1]
  .far_func.text     ro code  0x009f61     0x4  timebase.o [1]
  .far_func.text     ro code  0x009f65     0x4  uart.o [1]
  .far_func.text     ro code  0x009f69     0x4  uart.o [1]
  .far_func.text     ro code  0x009f6d     0x4  uart.o [1]
  .far_func.text     ro code  0x009f71     0x4  interrupt.o [4]
  .far_func.text     ro code  0x009f75     0x4  exit.o [4]
  .near.rodata       const    0x009f79     0x4  stm8s_clk.o [1]
  Initializer bytes  const    0x009f7d     0x4  <for P2-1>
  .far_func.text     ro code  0x009f81     0x3  stm8s_gpio.o [1]
  .far_func.text     ro code  0x009f84     0x3  low_level_init.o [4]
  .far_func.text     ro code  0x009f87     0x3  unhandled_exception.o [4]
  .far_func.text     ro code  0x009f8a     0x2  main.o [1]
  .far_func.text     ro code  0x009f8c     0x1  stm8s_it.o [1]
  .far_func.text     ro code  0x009f8d     0x1  stm8s_it.o [1]
  .far_func.text     ro code  0x009f8e     0x1  stm8s_it.o [1]
  .far_func.text     ro code  0x009f8f     0x1  stm8s_it.o [1]
  .far_func.text     ro code  0x009f90     0x1  stm8s_it.o [1]
  .far_func.text     ro code  0x009f91     0x1  stm8s_it.o [1]
  .far_func.text     ro code  0x009f92     0x1  stm8s_it.o [1]
  .far_func.text     ro code  0x009f93     0x1  stm8s_it.o [1]
  .far_func.text     ro code  0x009f94     0x1  stm8s_it.o [1]
  .far_func.text     ro code  0x009f95     0x1  stm8s_it.o [1]
  .far_func.text     ro code  0x009f96     0x1  stm8s_it.o [1]
  .far_func.text     ro code  0x009f97     0x1  stm8s_it.o [1]
  .far_func.text     ro code  0x009f98     0x1  stm8s_it.o [1]
  .far_func.text     ro code  0x009f99     0x1  stm8s_it.o [1]
  .far_func.text     ro code  0x009f9a     0x1  stm8s_it.o [1]
  .far_func.text     ro code  0x009f9b     0x1  stm8s_it.o [1]
  .far_func.text     ro code  0x009f9c     0x1  stm8s_it.o [1]
  .far_func.text     ro code  0x009f9d     0x1  stm8s_it.o [1]
  .far_func.text     ro code  0x009f9e     0x1  SystemInit.o [1]
  .far_func.text     ro code  0x009f9f     0x1  SystemInit.o [1]
  .far_func.text     ro code  0x009fa0     0x1  __dbg_break.o [3]
                            - 0x009fa1  0x1f21


*******************************************************************************
*** INIT TABLE
***

          Address   Size
          -------   ----
Zero (__iar_zero_init2)
    1 destination range, total size 0x5a:
          0x000014  0x5a

Copy (__iar_copy_init2)
    1 source range, total size 0x4:
          0x009f7d   0x4
    1 destination range, total size 0x4:
          0x000010   0x4



*******************************************************************************
*** MODULE SUMMARY
***

    Module                 ro code  ro data  rw data
    ------                 -------  -------  -------
E:\01_WorkSpace\software\VSCODE\Lotus-main\Lotus-main\Project\Debug\Obj: [1]
    Mp3Module.o              1 467                22
    SystemInit.o               110
    WS2812B.o                   18
    key.o                    2 095       64       50
    main.o                     102                 1
    mylib.o                    349       11       10
    stm8s_clk.o                150       97
    stm8s_gpio.o               280       94
    stm8s_it.o                  78
    stm8s_iwdg.o                 5
    stm8s_tim4.o               316       94
    stm8s_uart1.o            1 374       95
    timebase.o                 179                11
    uart.o                      41
    ------------------------------------------------
    Total:                   6 564      455       94

command line: [2]
    ------------------------------------------------
    Total:

dbgstm8mmd.a: [3]
    __dbg_break.o                1
    __dbg_xxexit.o              22
    ------------------------------------------------
    Total:                      23

dlstm8mmn.a: [4]
    cexit.o                      6
    char.o                       6
    cstartup.o                  23
    dc_util.o                   88
    exit.o                       4
    far_util.o                  14
    init.o                      30
    init_small.o                70
    interrupt.o                  4      128
    long.o                     289
    long_util.o                 62
    low_level_init.o             3
    short.o                     38
    unhandled_exception.o        3
    vreg_util.o                267
    vregs.o                                       16
    ------------------------------------------------
    Total:                     907      128       16

    Linker created                       20      256
----------------------------------------------------
    Grand Total:             7 494      603      366


*******************************************************************************
*** ENTRY LIST
***

Entry                    Address   Size  Type      Object
-----                    -------   ----  ----      ------
.iar.init_table$$Base   0x009dc0          --   Gb  - Linker created -
.iar.init_table$$Limit  0x009dd4          --   Gb  - Linker created -
?b0                     0x000000         Data  Gb  vregs.o [4]
?b1                     0x000001         Data  Gb  vregs.o [4]
?b10                    0x00000a         Data  Gb  vregs.o [4]
?b11                    0x00000b         Data  Gb  vregs.o [4]
?b12                    0x00000c         Data  Gb  vregs.o [4]
?b13                    0x00000d         Data  Gb  vregs.o [4]
?b14                    0x00000e         Data  Gb  vregs.o [4]
?b15                    0x00000f         Data  Gb  vregs.o [4]
?b2                     0x000002         Data  Gb  vregs.o [4]
?b3                     0x000003         Data  Gb  vregs.o [4]
?b4                     0x000004         Data  Gb  vregs.o [4]
?b5                     0x000005         Data  Gb  vregs.o [4]
?b6                     0x000006         Data  Gb  vregs.o [4]
?b7                     0x000007         Data  Gb  vregs.o [4]
?b8                     0x000008         Data  Gb  vregs.o [4]
?b9                     0x000009         Data  Gb  vregs.o [4]
?dc32_l0                0x009551         Code  Gb  dc_util.o [4]
?dc32_l1                0x00957d         Code  Gb  dc_util.o [4]
?e0                     0x000001         Data  Gb  vregs.o [4]
?e1                     0x000005         Data  Gb  vregs.o [4]
?e2                     0x000009         Data  Gb  vregs.o [4]
?e3                     0x00000d         Data  Gb  vregs.o [4]
?epilogue_l2            0x008cc7         Code  Gb  vreg_util.o [4]
?epilogue_l2_l3         0x008cc3         Code  Gb  vreg_util.o [4]
?epilogue_w4            0x008ccc         Code  Gb  vreg_util.o [4]
?l0                     0x000000         Data  Gb  vregs.o [4]
?l1                     0x000004         Data  Gb  vregs.o [4]
?l2                     0x000008         Data  Gb  vregs.o [4]
?l3                     0x00000c         Data  Gb  vregs.o [4]
?load24_e1_0x           0x009f08         Code  Gb  far_util.o [4]
?load32_0x_l0           0x00990c         Code  Gb  long_util.o [4]
?load32_l0_0x           0x0098f6         Code  Gb  long_util.o [4]
?load32_l0_asp          0x0098ea         Code  Gb  long_util.o [4]
?load32_l0_dbsp         0x0098dc         Code  Gb  long_util.o [4]
?load32_l0_xsp          0x0098ec         Code  Gb  long_util.o [4]
?load32_xsp_l0          0x009902         Code  Gb  long_util.o [4]
?mov_e0_e2              0x008cd4         Code  Gb  vreg_util.o [4]
?mov_e0_e3              0x008ce1         Code  Gb  vreg_util.o [4]
?mov_e1_e0              0x008cee         Code  Gb  vreg_util.o [4]
?mov_e1_e2              0x008cfb         Code  Gb  vreg_util.o [4]
?mov_e2_e0              0x008d08         Code  Gb  vreg_util.o [4]
?mov_e3_e0              0x008d1c         Code  Gb  vreg_util.o [4]
?mov_l0_l2              0x008cd1         Code  Gb  vreg_util.o [4]
?mov_l0_l3              0x008cde         Code  Gb  vreg_util.o [4]
?mov_l1_l0              0x008ceb         Code  Gb  vreg_util.o [4]
?mov_l1_l2              0x008cf8         Code  Gb  vreg_util.o [4]
?mov_l2_l0              0x008d05         Code  Gb  vreg_util.o [4]
?mov_l3_l0              0x008d19         Code  Gb  vreg_util.o [4]
?mov_w1_w5              0x008cd7         Code  Gb  vreg_util.o [4]
?mov_w1_w7              0x008ce4         Code  Gb  vreg_util.o [4]
?mov_w3_w1              0x008cf1         Code  Gb  vreg_util.o [4]
?mov_w3_w5              0x008cfe         Code  Gb  vreg_util.o [4]
?mov_w5_w1              0x008d0b         Code  Gb  vreg_util.o [4]
?mov_w5_w7              0x008d12         Code  Gb  vreg_util.o [4]
?mov_w7_w1              0x008d1f         Code  Gb  vreg_util.o [4]
?mul16_x_x_w0           0x009ced         Code  Gb  short.o [4]
?mul32_l0_l0_l1         0x008a00         Code  Gb  long.o [4]
?pop_l0                 0x008c8b         Code  Gb  vreg_util.o [4]
?pop_l1                 0x008c96         Code  Gb  vreg_util.o [4]
?pop_l2                 0x008ca1         Code  Gb  vreg_util.o [4]
?pop_l3                 0x008cac         Code  Gb  vreg_util.o [4]
?pop_w4                 0x008c3c         Code  Gb  vreg_util.o [4]
?pop_w7                 0x008c43         Code  Gb  vreg_util.o [4]
?push_l0                0x008c56         Code  Gb  vreg_util.o [4]
?push_l1                0x008c5b         Code  Gb  vreg_util.o [4]
?push_l2                0x008c60         Code  Gb  vreg_util.o [4]
?push_l3                0x008c65         Code  Gb  vreg_util.o [4]
?push_w4                0x008c1b         Code  Gb  vreg_util.o [4]
?push_w7                0x008c20         Code  Gb  vreg_util.o [4]
?sll16_x_x_a            0x009d0b         Code  Gb  short.o [4]
?sll32_0x_0x_a          0x008af8         Code  Gb  long.o [4]
?sll32_l0_l0_a          0x008af5         Code  Gb  long.o [4]
?srl8_a_a_5             0x009f49         Code  Gb  char.o [4]
?srl8_a_a_6             0x009f48         Code  Gb  char.o [4]
?sub32_l0_l0_0x         0x0089e8         Code  Gb  long.o [4]
?sub32_l0_l0_l1         0x0089e5         Code  Gb  long.o [4]
?udiv32_l0_dl_l1        0x008a7e         Code  Gb  long.o [4]
?udiv32_l0_l0_dl        0x008a84         Code  Gb  long.o [4]
?udiv32_l0_l0_l1        0x008a88         Code  Gb  long.o [4]
?umod32_l1_l0_l1        0x008a88         Code  Gb  long.o [4]
?w0                     0x000000         Data  Gb  vregs.o [4]
?w1                     0x000002         Data  Gb  vregs.o [4]
?w2                     0x000004         Data  Gb  vregs.o [4]
?w3                     0x000006         Data  Gb  vregs.o [4]
?w4                     0x000008         Data  Gb  vregs.o [4]
?w5                     0x00000a         Data  Gb  vregs.o [4]
?w6                     0x00000c         Data  Gb  vregs.o [4]
?w7                     0x00000e         Data  Gb  vregs.o [4]
ADC1_IRQHandler         0x009f9c    0x1  Code  Gb  stm8s_it.o [1]
AWU_IRQHandler          0x009f8e    0x1  Code  Gb  stm8s_it.o [1]
CLK_Config              0x009f42    0x6  Code  Lc  main.o [1]
CLK_GetClockFreq        0x0094f9   0x58  Code  Gb  stm8s_clk.o [1]
CLK_HSIPrescalerConfig  0x00989e   0x3e  Code  Gb  stm8s_clk.o [1]
CLK_IRQHandler          0x009f8f    0x1  Code  Gb  stm8s_it.o [1]
CSTACK$$Base            0x000300          --   Gb  - Linker created -
CSTACK$$Limit           0x000400          --   Gb  - Linker created -
ChangeDevice            0x0091ef   0x70  Code  Gb  Mp3Module.o [1]
CurDevNUM               0x000037    0x2  Data  Gb  key.o [1]
CurDevTotal             0x00002f    0x2  Data  Gb  key.o [1]
CurrentEQ               0x000051    0x1  Data  Gb  key.o [1]
DS100MS_CNT             0x009bd3   0x2b  Code  Gb  mylib.o [1]
DS100MS_CNT::counter100ms
                        0x000066    0x1  Data  Lc  mylib.o [1]
DS10MS_CNT              0x009b4d   0x2e  Code  Gb  mylib.o [1]
DS10MS_CNT::counter10ms
                        0x000065    0x1  Data  Lc  mylib.o [1]
DS2MS_CNT               0x009d5d   0x21  Code  Gb  mylib.o [1]
DS2MS_CNT::counter2ms   0x000064    0x1  Data  Lc  mylib.o [1]
DS500MS_CNT             0x009ee9   0x11  Code  Gb  mylib.o [1]
DelayTime               0x000055    0x1  Data  Gb  key.o [1]
DispModlueError         0x009c4e   0x28  Code  Gb  key.o [1]
DoSum                   0x00981d   0x42  Code  Gb  Mp3Module.o [1]
EEPROM_EEC_IRQHandler   0x009f9d    0x1  Code  Gb  stm8s_it.o [1]
EXTI_PORTA_IRQHandler   0x009f90    0x1  Code  Gb  stm8s_it.o [1]
EXTI_PORTB_IRQHandler   0x009f91    0x1  Code  Gb  stm8s_it.o [1]
EXTI_PORTC_IRQHandler   0x009f92    0x1  Code  Gb  stm8s_it.o [1]
EXTI_PORTD_IRQHandler   0x009f93    0x1  Code  Gb  stm8s_it.o [1]
EXTI_PORTE_IRQHandler   0x009f94    0x1  Code  Gb  stm8s_it.o [1]
FEEDBACK                0x000047    0x1  Data  Gb  key.o [1]
FileNum                 0x000045    0x1  Data  Lc  key.o [1]
FlashCurFile            0x00003d    0x2  Data  Gb  key.o [1]
FlashTotal              0x000035    0x2  Data  Gb  key.o [1]
FolderNum               0x000044    0x1  Data  Lc  key.o [1]
GPIO_Config             0x009efa    0xe  Code  Lc  main.o [1]
GPIO_Init               0x008b06  0x115  Code  Gb  stm8s_gpio.o [1]
GPIO_ReadInputData      0x009f81    0x3  Code  Gb  stm8s_gpio.o [1]
GoInitDevice            0x00973f   0x4d  Code  Gb  Mp3Module.o [1]
HSIDivFactor            0x009f79    0x4  Data  Gb  stm8s_clk.o [1]
I2C_IRQHandler          0x009f9b    0x1  Code  Gb  stm8s_it.o [1]
INTVEC$$Base            0x008000          --   Gb  - Linker created -
INTVEC$$Limit           0x008080          --   Gb  - Linker created -
IWDG_ReloadCounter      0x009f54    0x5  Code  Gb  stm8s_iwdg.o [1]
InputNumCnt             0x000043    0x1  Data  Lc  key.o [1]
KeyScan                 0x009442   0x5c  Code  Lc  key.o [1]
KeyScan::g_key_value    0x000059    0x1  Data  Lc  key.o [1]
Key_Init                0x009bfe   0x28  Code  Gb  key.o [1]
MP3_Init                0x0096a2   0x4f  Code  Gb  Mp3Module.o [1]
MSG_FIFO                0x000010    0x1  Data  Lc  key.o [1]
MSG_Task                0x008080  0x52f  Code  Gb  key.o [1]
MSG_Task::msg           0x00005d    0x1  Data  Lc  key.o [1]
OnlineDevice            0x000054    0x1  Data  Gb  key.o [1]
OutTimeCnt              0x00004c    0x1  Data  Gb  key.o [1]
PlayDevice              0x000053    0x1  Data  Gb  key.o [1]
PlayMode                0x000052    0x1  Data  Gb  key.o [1]
PlayledCnt              0x00004f    0x1  Data  Gb  key.o [1]
PlayledStatus           0x000050    0x1  Data  Gb  key.o [1]
PointFunc               0x000057    0x1  Data  Gb  key.o [1]
PointPlayFolderNum      0x00925f   0x6b  Code  Gb  key.o [1]
PointPlayFolderNum::InputCnt
                        0x00005e    0x1  Data  Lc  key.o [1]
PointPlayNum            0x00991a   0x3c  Code  Gb  key.o [1]
QueryACKTime            0x00004d    0x1  Data  Gb  key.o [1]
RAM_Init                0x009d9f   0x21  Code  Gb  SystemInit.o [1]
Recv_buf                0x00001e    0xa  Data  Lc  Mp3Module.o [1]
Region$$Table$$Base     0x009dc0          --   Gb  - Linker created -
Region$$Table$$Limit    0x009dd4          --   Gb  - Linker created -
ResendCount             0x000011    0x1  Data  Gb  key.o [1]
ResendDataLen           0x000061    0x1  Data  Lc  Mp3Module.o [1]
SPI_IRQHandler          0x009f95    0x1  Code  Gb  stm8s_it.o [1]
SendCmd                 0x00949e   0x5b  Code  Gb  Mp3Module.o [1]
SendDataLen             0x000060    0x1  Data  Lc  Mp3Module.o [1]
Send_buf                0x000014    0xa  Data  Lc  Mp3Module.o [1]
Serial_init             0x009f9f    0x1  Code  Gb  SystemInit.o [1]
Status0                 0x000062    0x1  Data  Gb  mylib.o [1]
Status1                 0x000063    0x1  Data  Gb  mylib.o [1]
SysReturnTime           0x00004e    0x1  Data  Gb  key.o [1]
System_Init             0x00978c   0x4b  Code  Gb  SystemInit.o [1]
System_Status           0x00004b    0x1  Data  Gb  key.o [1]
TFCurFile               0x00003b    0x2  Data  Gb  key.o [1]
TFTotal                 0x000033    0x2  Data  Gb  key.o [1]
TIM1_CAP_COM_IRQHandler
                        0x009f97    0x1  Code  Gb  stm8s_it.o [1]
TIM1_UPD_OVF_TRG_BRK_IRQHandler
                        0x009f96    0x1  Code  Gb  stm8s_it.o [1]
TIM2_CAP_COM_IRQHandler
                        0x009f99    0x1  Code  Gb  stm8s_it.o [1]
TIM2_UPD_OVF_BRK_IRQHandler
                        0x009f98    0x1  Code  Gb  stm8s_it.o [1]
TIM4_ClearFlag          0x009d13   0x25  Code  Gb  stm8s_tim4.o [1]
TIM4_ClearITPendingBit  0x009d38   0x25  Code  Gb  stm8s_tim4.o [1]
TIM4_Cmd                0x0099fd   0x30  Code  Gb  stm8s_tim4.o [1]
TIM4_DeInit             0x009e62   0x19  Code  Gb  stm8s_tim4.o [1]
TIM4_ITConfig           0x0095a9   0x55  Code  Gb  stm8s_tim4.o [1]
TIM4_TimeBaseInit       0x0095fe   0x54  Code  Gb  stm8s_tim4.o [1]
TIM4_UPD_OVF_IRQHandler
                        0x009d7e   0x21  Code  Gb  stm8s_it.o [1]
TLI_IRQHandler          0x009f8d    0x1  Code  Gb  stm8s_it.o [1]
TRAP_IRQHandler         0x009f8c    0x1  Code  Gb  stm8s_it.o [1]
TimeBase_Config         0x009c76   0x20  Code  Lc  timebase.o [1]
TimeBase_Get1msSystemTimeDelta
                        0x009f61    0x4  Code  Gb  timebase.o [1]
TimeBase_HandleTimeBaseCouter
                        0x0090f3   0x7f  Code  Gb  timebase.o [1]
TimeBase_HandleTimeBaseCouter::uc10msBaseTime
                        0x00006d    0x1  Data  Lc  timebase.o [1]
TimeBase_HandleTimeBaseCouter::uc1msBaseTime
                        0x00006c    0x1  Data  Lc  timebase.o [1]
TimeBase_HandleTimeBaseCouter::ui1sBaseTime
                        0x000041    0x2  Data  Lc  timebase.o [1]
TimeBase_HandleTimeBaseCouter::ui250msBaseTime
                        0x00003f    0x2  Data  Lc  timebase.o [1]
TimeBase_IncerementCounter_UPD_IRQ
                        0x009f3a    0x8  Code  Gb  timebase.o [1]
TimeBase_Init           0x009c96    0x8  Code  Gb  timebase.o [1]
Time_Task               0x008ee0   0xc1  Code  Gb  key.o [1]
Timer0_Init             0x009f9e    0x1  Code  Gb  SystemInit.o [1]
UART1_ClearITPendingBit
                        0x009991   0x3a  Code  Gb  stm8s_uart1.o [1]
UART1_Cmd               0x009f16    0xd  Code  Gb  stm8s_uart1.o [1]
UART1_DeInit            0x009b7b   0x2d  Code  Gb  stm8s_uart1.o [1]
UART1_GetFlagStatus     0x00904d   0xa6  Code  Gb  stm8s_uart1.o [1]
UART1_HalfDuplexCmd     0x009a2d   0x30  Code  Gb  stm8s_uart1.o [1]
UART1_ITConfig          0x008e04   0xdc  Code  Gb  stm8s_uart1.o [1]
UART1_Init              0x0085af  0x24d  Code  Gb  stm8s_uart1.o [1]
UART1_IrDACmd           0x009a5d   0x30  Code  Gb  stm8s_uart1.o [1]
UART1_LINCmd            0x009a8d   0x30  Code  Gb  stm8s_uart1.o [1]
UART1_RX_IRQHandler     0x009e2d   0x1b  Code  Gb  stm8s_it.o [1]
UART1_ReceiveData9      0x009cc6   0x27  Code  Gb  stm8s_uart1.o [1]
UART1_SendData8         0x009f5d    0x4  Code  Gb  stm8s_uart1.o [1]
UART1_SmartCardCmd      0x009abd   0x30  Code  Gb  stm8s_uart1.o [1]
UART1_SmartCardNACKCmd  0x009aed   0x30  Code  Gb  stm8s_uart1.o [1]
UART1_TX_IRQHandler     0x009f9a    0x1  Code  Gb  stm8s_it.o [1]
UDiskCurFile            0x000039    0x2  Data  Gb  key.o [1]
UDiskTotal              0x000031    0x2  Data  Gb  key.o [1]
UartRecvACK             0x000049    0x1  Data  Gb  key.o [1]
UartRecvStatus          0x000048    0x1  Data  Gb  key.o [1]
UartRecv_100Ms          0x00004a    0x1  Data  Gb  key.o [1]
UartSend_Collide_Task   0x00985f   0x3f  Code  Gb  Mp3Module.o [1]
Uart_Enable             0x009f69    0x4  Code  Gb  uart.o [1]
Uart_Init               0x009e10   0x1d  Code  Gb  uart.o [1]
Uart_ParameterConfig    0x009f65    0x4  Code  Gb  uart.o [1]
Uart_PutByte            0x009e48   0x1a  Code  Gb  Mp3Module.o [1]
Uart_ReadByte_RX_IRQ    0x008d26   0xde  Code  Gb  Mp3Module.o [1]
Uart_SendCMD            0x0097d7   0x46  Code  Gb  Mp3Module.o [1]
Uart_SendData           0x009f6d    0x4  Code  Gb  uart.o [1]
Uart_Task               0x0087fc  0x1e9  Code  Gb  Mp3Module.o [1]
Uart_communication      0x008fa1   0xac  Code  Gb  Mp3Module.o [1]
Ws2812b_Configuration   0x009ed7   0x12  Code  Gb  WS2812B.o [1]
__DebugBreak            0x009fa0    0x1  Code  Gb  __dbg_break.o [3]
__exit                  0x009ec1   0x16  Code  Gb  __dbg_xxexit.o [3]
__iar_copy_init2        0x009c9e         Code  Gb  init_small.o [4]
__iar_data_init2        0x009dd4   0x1e  Code  Gb  init.o [4]
__iar_program_start     0x009eaa         Code  Gb  cstartup.o [4]
__iar_unhandled_exception
                        0x009f87         Code  Gb  unhandled_exception.o [4]
__iar_zero_init2        0x009df2         Code  Gb  init_small.o [4]
__intvec                0x008000         Data  Gb  interrupt.o [4]
__low_level_init        0x009f84    0x3  Code  Gb  low_level_init.o [4]
_exit                   0x009f4e         Code  Gb  cexit.o [4]
_interrupt_1            0x009f8c         Code  Gb  stm8s_it.o [1]
_interrupt_12           0x009f95         Code  Gb  stm8s_it.o [1]
_interrupt_13           0x009f96         Code  Gb  stm8s_it.o [1]
_interrupt_14           0x009f97         Code  Gb  stm8s_it.o [1]
_interrupt_15           0x009f98         Code  Gb  stm8s_it.o [1]
_interrupt_16           0x009f99         Code  Gb  stm8s_it.o [1]
_interrupt_19           0x009f9a         Code  Gb  stm8s_it.o [1]
_interrupt_2            0x009f8d         Code  Gb  stm8s_it.o [1]
_interrupt_20           0x009e2d         Code  Gb  stm8s_it.o [1]
_interrupt_21           0x009f9b         Code  Gb  stm8s_it.o [1]
_interrupt_24           0x009f9c         Code  Gb  stm8s_it.o [1]
_interrupt_25           0x009d7e         Code  Gb  stm8s_it.o [1]
_interrupt_26           0x009f9d         Code  Gb  stm8s_it.o [1]
_interrupt_3            0x009f8e         Code  Gb  stm8s_it.o [1]
_interrupt_4            0x009f8f         Code  Gb  stm8s_it.o [1]
_interrupt_5            0x009f90         Code  Gb  stm8s_it.o [1]
_interrupt_6            0x009f91         Code  Gb  stm8s_it.o [1]
_interrupt_7            0x009f92         Code  Gb  stm8s_it.o [1]
_interrupt_8            0x009f93         Code  Gb  stm8s_it.o [1]
_interrupt_9            0x009f94         Code  Gb  stm8s_it.o [1]
adkey_msg_16key_table   0x009b1d   0x30  Data  Gb  key.o [1]
app_get_msg             0x009e7b   0x18  Code  Gb  key.o [1]
app_get_msg::msg        0x000058    0x1  Data  Lc  key.o [1]
asc_number              0x009f2f    0xb  Data  Gb  mylib.o [1]
assert_failed           0x009f8a    0x2  Code  Gb  main.o [1]
bcd_number              0x000028    0x5  Data  Gb  mylib.o [1]
counter1ms              0x00005f    0x1  Data  Lc  main.o [1]
exit                    0x009f75    0x4  Code  Gb  exit.o [4]
input_number            0x00002d    0x2  Data  Gb  key.o [1]
input_vol               0x000056    0x1  Data  Gb  key.o [1]
itoa1                   0x009e93   0x17  Code  Gb  mylib.o [1]
itoa2                   0x0099cb   0x32  Code  Gb  mylib.o [1]
itoa3                   0x009956   0x3b  Code  Gb  mylib.o [1]
itoa4                   0x0096f1   0x4e  Code  Gb  mylib.o [1]
key_filter              0x009c26   0x28  Code  Lc  key.o [1]
key_filter::key_counter
                        0x00005b    0x1  Data  Lc  key.o [1]
key_filter::old_key     0x00005a    0x1  Data  Lc  key.o [1]
key_filter::used_key    0x000012    0x1  Data  Lc  key.o [1]
key_scan                0x009172   0x7d  Code  Gb  key.o [1]
key_scan::key_press_counter
                        0x00005c    0x1  Data  Lc  key.o [1]
key_scan::last_key      0x000013    0x1  Data  Lc  key.o [1]
key_table               0x009f23    0xc  Data  Gb  key.o [1]
main                    0x009652   0x50  Code  Gb  main.o [1]
music_msg_filter        0x009ba8   0x2b  Code  Gb  key.o [1]
put_msg_lifo            0x009f59    0x4  Code  Gb  key.o [1]
uc10msSystemTimeDelta   0x000069    0x1  Data  Lc  timebase.o [1]
uc1msSystemTimeDelta    0x000068    0x1  Data  Lc  timebase.o [1]
uc1sSystemTimeDelta     0x00006b    0x1  Data  Lc  timebase.o [1]
uc250msSystemTimeDelta  0x00006a    0x1  Data  Lc  timebase.o [1]
ucErrorStatus           0x000046    0x1  Data  Gb  key.o [1]
ucSystemTime            0x000067    0x1  Data  Lc  timebase.o [1]


[1] = E:\01_WorkSpace\software\VSCODE\Lotus-main\Lotus-main\Project\Debug\Obj
[2] = command line
[3] = dbgstm8mmd.a
[4] = dlstm8mmn.a

  7 494 bytes of readonly  code memory
    603 bytes of readonly  data memory
    366 bytes of readwrite data memory

Errors: none
Warnings: none
