###############################################################################
#
# IAR ELF Linker V3.10.1.201 for STM8                     18/Apr/2021  21:37:28
# Copyright 2010-2017 IAR Systems AB.
#
#    Output file  =  
#        E:\01_WorkSpace\software\VSCODE\Lotus-main\Lotus-main\Project\Debug\Exe\lotus.out
#    Map file     =  
#        E:\01_WorkSpace\software\VSCODE\Lotus-main\Lotus-main\Project\Debug\List\lotus.map
#    Command line =  
#        -f C:\Users\sheol\AppData\Local\Temp\EW320.tmp
#        (E:\01_WorkSpace\software\VSCODE\Lotus-main\Lotus-main\Project\Debug\Obj\iwdg.o
#        E:\01_WorkSpace\software\VSCODE\Lotus-main\Lotus-main\Project\Debug\Obj\key.o
#        E:\01_WorkSpace\software\VSCODE\Lotus-main\Lotus-main\Project\Debug\Obj\main.o
#        E:\01_WorkSpace\software\VSCODE\Lotus-main\Lotus-main\Project\Debug\Obj\Mp3Module.o
#        E:\01_WorkSpace\software\VSCODE\Lotus-main\Lotus-main\Project\Debug\Obj\mylib.o
#        E:\01_WorkSpace\software\VSCODE\Lotus-main\Lotus-main\Project\Debug\Obj\stm8s_clk.o
#        E:\01_WorkSpace\software\VSCODE\Lotus-main\Lotus-main\Project\Debug\Obj\stm8s_gpio.o
#        E:\01_WorkSpace\software\VSCODE\Lotus-main\Lotus-main\Project\Debug\Obj\stm8s_it.o
#        E:\01_WorkSpace\software\VSCODE\Lotus-main\Lotus-main\Project\Debug\Obj\stm8s_iwdg.o
#        E:\01_WorkSpace\software\VSCODE\Lotus-main\Lotus-main\Project\Debug\Obj\stm8s_tim4.o
#        E:\01_WorkSpace\software\VSCODE\Lotus-main\Lotus-main\Project\Debug\Obj\stm8s_uart1.o
#        E:\01_WorkSpace\software\VSCODE\Lotus-main\Lotus-main\Project\Debug\Obj\SystemInit.o
#        E:\01_WorkSpace\software\VSCODE\Lotus-main\Lotus-main\Project\Debug\Obj\timebase.o
#        E:\01_WorkSpace\software\VSCODE\Lotus-main\Lotus-main\Project\Debug\Obj\uart.o
#        E:\01_WorkSpace\software\VSCODE\Lotus-main\Lotus-main\Project\Debug\Obj\WS2812B.o
#        --redirect _Printf=_PrintfFullNoMb --redirect _Scanf=_ScanfFullNoMb -o
#        E:\01_WorkSpace\software\VSCODE\Lotus-main\Lotus-main\Project\Debug\Exe\lotus.out
#        --map
#        E:\01_WorkSpace\software\VSCODE\Lotus-main\Lotus-main\Project\Debug\List\lotus.map
#        --config "D:\Program Files (x86)\IAR Systems\Embedded Workbench
#        8.0\stm8\config\lnkstm8s103f3.icf" --config_def _CSTACK_SIZE=0x100
#        --config_def _HEAP_SIZE=0x100 --entry __iar_program_start --debug_lib)
#
###############################################################################

*******************************************************************************
*** MESSAGES
***

Error[Lp011]: section placement failed
            unable to allocate space for sections/blocks with a total estimated
                      minimum size of 0x203d bytes (max align 0x1) in
                      <[0x008000-0x009fff]> (total uncommitted space 0x1f80).


*******************************************************************************
*** RUNTIME MODEL ATTRIBUTES
***

__SystemLibrary            = DLib
__code_model               = medium_or_large
__core                     = stm8
__data_model               = medium
__dlib_file_descriptor     = 0
__dlib_full_locale_support = 0
__rt_version               = 4


*******************************************************************************
*** PLACEMENT SUMMARY
***

"A0":  place at start of [0x000000-0x0000ff] { rw section .vregs };
"A1":  place at end of [0x000000-0x0003ff] { block CSTACK };
"P2":  place in [from 0x000000 to 0x0003ff] {
          block HEAP, rw section __DLIB_PERTHREAD, rw section .far.bss,
          rw section .far.data, rw section .far.noinit,
          rw section .far_func.textrw, rw section .huge.bss,
          rw section .huge.data, rw section .huge.noinit,
          rw section .huge_func.textrw, rw section .iar.dynexit,
          rw section .near.bss, rw section .near.data, rw section .near.noinit,
          rw section .near_func.textrw };
"A2":  place at start of [0x008000-0x009fff] { block INTVEC };
"P3":  place in [from 0x008000 to 0x009fff] {
          ro section __DLIB_PERTHREAD_init, ro section .far.data_init,
          ro section .far_func.textrw_init, ro section .huge.data_init,
          ro section .huge_func.textrw_init, ro section .iar.init_table,
          ro section .init_array, ro section .near.data_init,
          ro section .near.rodata, ro section .near_func.text,
          ro section .near_func.textrw_init, ro section .tiny.data_init,
          ro section .tiny.rodata_init };
"P4":  place in [from 0x008000 to 0x009fff] {
          ro section .far.rodata, ro section .far_func.text };
"P5":  place in [from 0x008000 to 0x009fff] {
          ro section .huge.rodata, ro section .huge_func.text };
do not initialize {
   rw section .eeprom.noinit, rw section .far.noinit, rw section .huge.noinit,
   rw section .near.noinit, rw section .tiny.noinit, rw section .vregs };
initialize by copy {
   rw section .far.bss, rw section .far.data, rw section .far_func.textrw,
   rw section .huge.bss, rw section .huge.data, rw section .huge_func.textrw,
   rw section .iar.dynexit, rw section .near.bss, rw section .near.data,
   rw section .near_func.textrw, rw section .tiny.bss, rw section .tiny.data,
   ro section .tiny.rodata };

  Section            Kind      Address    Size  Object
  -------            ----      -------    ----  ------
"A0":                                     0x10
  .vregs             uninit   0x000000    0x10  vregs.o [4]
                            - 0x000010    0x10

"P2", part 1 of 2:                         0x4
  P2-1                        0x000010     0x4  <Init block>
    .near.data       inited   0x000010     0x1  key.o [1]
    .near.data       inited   0x000011     0x1  key.o [1]
    .near.data       inited   0x000012     0x1  key.o [1]
    .near.data       inited   0x000013     0x1  key.o [1]
                            - 0x000014     0x4

"P2", part 2 of 2:                        0x5a
  .near.bss          zero     0x000014     0xa  Mp3Module.o [1]
  .near.bss          zero     0x00001e     0xa  Mp3Module.o [1]
  .near.bss          zero     0x000028     0x5  mylib.o [1]
  .near.bss          zero     0x00002d     0x2  key.o [1]
  .near.bss          zero     0x00002f     0x2  key.o [1]
  .near.bss          zero     0x000031     0x2  key.o [1]
  .near.bss          zero     0x000033     0x2  key.o [1]
  .near.bss          zero     0x000035     0x2  key.o [1]
  .near.bss          zero     0x000037     0x2  key.o [1]
  .near.bss          zero     0x000039     0x2  key.o [1]
  .near.bss          zero     0x00003b     0x2  key.o [1]
  .near.bss          zero     0x00003d     0x2  key.o [1]
  .near.bss          zero     0x00003f     0x2  timebase.o [1]
  .near.bss          zero     0x000041     0x2  timebase.o [1]
  .near.bss          zero     0x000043     0x1  key.o [1]
  .near.bss          zero     0x000044     0x1  key.o [1]
  .near.bss          zero     0x000045     0x1  key.o [1]
  .near.bss          zero     0x000046     0x1  key.o [1]
  .near.bss          zero     0x000047     0x1  key.o [1]
  .near.bss          zero     0x000048     0x1  key.o [1]
  .near.bss          zero     0x000049     0x1  key.o [1]
  .near.bss          zero     0x00004a     0x1  key.o [1]
  .near.bss          zero     0x00004b     0x1  key.o [1]
  .near.bss          zero     0x00004c     0x1  key.o [1]
  .near.bss          zero     0x00004d     0x1  key.o [1]
  .near.bss          zero     0x00004e     0x1  key.o [1]
  .near.bss          zero     0x00004f     0x1  key.o [1]
  .near.bss          zero     0x000050     0x1  key.o [1]
  .near.bss          zero     0x000051     0x1  key.o [1]
  .near.bss          zero     0x000052     0x1  key.o [1]
  .near.bss          zero     0x000053     0x1  key.o [1]
  .near.bss          zero     0x000054     0x1  key.o [1]
  .near.bss          zero     0x000055     0x1  key.o [1]
  .near.bss          zero     0x000056     0x1  key.o [1]
  .near.bss          zero     0x000057     0x1  key.o [1]
  .near.bss          zero     0x000058     0x1  key.o [1]
  .near.bss          zero     0x000059     0x1  key.o [1]
  .near.bss          zero     0x00005a     0x1  key.o [1]
  .near.bss          zero     0x00005b     0x1  key.o [1]
  .near.bss          zero     0x00005c     0x1  key.o [1]
  .near.bss          zero     0x00005d     0x1  key.o [1]
  .near.bss          zero     0x00005e     0x1  key.o [1]
  .near.bss          zero     0x00005f     0x1  main.o [1]
  .near.bss          zero     0x000060     0x1  Mp3Module.o [1]
  .near.bss          zero     0x000061     0x1  Mp3Module.o [1]
  .near.bss          zero     0x000062     0x1  mylib.o [1]
  .near.bss          zero     0x000063     0x1  mylib.o [1]
  .near.bss          zero     0x000064     0x1  mylib.o [1]
  .near.bss          zero     0x000065     0x1  mylib.o [1]
  .near.bss          zero     0x000066     0x1  mylib.o [1]
  .near.bss          zero     0x000067     0x1  timebase.o [1]
  .near.bss          zero     0x000068     0x1  timebase.o [1]
  .near.bss          zero     0x000069     0x1  timebase.o [1]
  .near.bss          zero     0x00006a     0x1  timebase.o [1]
  .near.bss          zero     0x00006b     0x1  timebase.o [1]
  .near.bss          zero     0x00006c     0x1  timebase.o [1]
  .near.bss          zero     0x00006d     0x1  timebase.o [1]
                            - 0x00006e    0x5a

"A1":                                    0x100
  CSTACK                      0x000300   0x100  <Block>
    CSTACK           uninit   0x000300   0x100  <Block tail>
                            - 0x000400   0x100

"A2":                                     0x80
  INTVEC                      0x008000    0x80  <Block>
    .intvec          const    0x008000    0x80  interrupt.o [4]
                            - 0x008080    0x80

"P3-P5" (*** FAILED ***):               0x203d
  .far_func.text     ro code             0x635  key.o [1]
  .far_func.text     ro code             0x519  WS2812B.o [1]
  .far_func.text     ro code             0x21a  stm8s_uart1.o [1]
  .far_func.text     ro code             0x16d  Mp3Module.o [1]
  .far_func.text     ro code             0x13c  long.o [4]
  .far_func.text     ro code              0xf8  vreg_util.o [4]
  .far_func.text     ro code              0xce  stm8s_gpio.o [1]
  .far_func.text     ro code              0xc1  Mp3Module.o [1]
  .far_func.text     ro code              0xbf  stm8s_uart1.o [1]
  .far_func.text     ro code              0xa7  key.o [1]
  .far_func.text     ro code              0x9d  Mp3Module.o [1]
  .far_func.text     ro code              0x7d  timebase.o [1]
  .far_func.text     ro code              0x7a  stm8s_uart1.o [1]
  .near.rodata       const                0x5f  stm8s_uart1.o [1]
  .near.rodata       const                0x5e  stm8s_gpio.o [1]
  .near.rodata       const                0x5e  stm8s_tim4.o [1]
  .near.rodata       const                0x5d  stm8s_clk.o [1]
  .far_func.text     ro code              0x58  dc_util.o [4]
  .far_func.text     ro code              0x57  Mp3Module.o [1]
  .far_func.text     ro code              0x53  Mp3Module.o [1]
  .far_func.text     ro code              0x51  stm8s_tim4.o [1]
  .far_func.text     ro code              0x50  SystemInit.o [1]
  .far_func.text     ro code              0x4e  Mp3Module.o [1]
  .far_func.text     ro code              0x4c  mylib.o [1]
  .far_func.text     ro code              0x49  main.o [1]
  .far_func.text     ro code              0x45  stm8s_tim4.o [1]
  .far_func.text     ro code              0x3c  stm8s_clk.o [1]
  .far_func.text     ro code              0x39  mylib.o [1]
  .far_func.text     ro code              0x36  stm8s_clk.o [1]
  .far_func.text     ro code              0x36  stm8s_uart1.o [1]
  .far_func.text     ro code              0x33  Mp3Module.o [1]
  .far_func.text     ro code              0x32  mylib.o [1]
  .near.rodata       const                0x30  key.o [1]
  .far_func.text     ro code              0x2f  Mp3Module.o [1]
  .far_func.text     ro code              0x2e  Mp3Module.o [1]
  .far_func.text     ro code              0x2b  stm8s_tim4.o [1]
  .far_func.text     ro code              0x2b  stm8s_uart1.o [1]
  .far_func.text     ro code              0x2b  stm8s_uart1.o [1]
  .far_func.text     ro code              0x2b  stm8s_uart1.o [1]
  .far_func.text     ro code              0x2b  stm8s_uart1.o [1]
  .far_func.text     ro code              0x2b  stm8s_uart1.o [1]
  .far_func.text     ro code              0x2b  stm8s_uart1.o [1]
  .far_func.text     ro code              0x29  mylib.o [1]
  .far_func.text     ro code              0x28  timebase.o [1]
  .far_func.text     ro code              0x28  WS2812B.o [1]
  .far_func.text     ro code              0x28  init_small.o [4]
  .far_func.text     ro code              0x27  key.o [1]
  .far_func.text     ro code              0x26  short.o [4]
  .far_func.text     ro code              0x25  mylib.o [1]
  .far_func.text     ro code              0x22  stm8s_tim4.o [1]
  .far_func.text     ro code              0x22  stm8s_tim4.o [1]
  .far_func.text     ro code              0x21  mylib.o [1]
  .far_func.text     ro code              0x21  stm8s_it.o [1]
  .iar.init_table    const                0x14  - Linker created -
  .far_func.text     ro code              0x1e  init.o [4]
  .far_func.text     ro code              0x1e  init_small.o [4]
  .far_func.text     ro code              0x1d  uart.o [1]
  .far_func.text     ro code              0x1b  stm8s_it.o [1]
  .far_func.text     ro code              0x19  stm8s_tim4.o [1]
  .far_func.text     ro code              0x18  stm8s_uart1.o [1]
  .far_func.text     ro code              0x17  mylib.o [1]
  .far_func.text     ro code              0x17  cstartup.o [4]
  .far_func.text     ro code              0x16  __dbg_xxexit.o [3]
  .far_func.text     ro code              0x12  WS2812B.o [1]
  .far_func.text     ro code              0x11  SystemInit.o [1]
  .far_func.text     ro code              0x10  Mp3Module.o [1]
  .far_func.text     ro code               0xe  far_util.o [4]
  .far_func.text     ro code               0xd  main.o [1]
  .far_func.text     ro code               0xd  stm8s_uart1.o [1]
  .near.rodata       const                 0xb  mylib.o [1]
  .far_func.text     ro code               0xa  mylib.o [1]
  .far_func.text     ro code               0x8  timebase.o [1]
  .far_func.text     ro code               0x6  char.o [4]
  .far_func.text     ro code               0x6  cexit.o [4]
  .far_func.text     ro code               0x5  main.o [1]
  .far_func.text     ro code               0x5  stm8s_iwdg.o [1]
  .far_func.text     ro code               0x4  stm8s_uart1.o [1]
  .far_func.text     ro code               0x4  timebase.o [1]
  .far_func.text     ro code               0x4  uart.o [1]
  .far_func.text     ro code               0x4  uart.o [1]
  .far_func.text     ro code               0x4  uart.o [1]
  .far_func.text     ro code               0x4  interrupt.o [4]
  .far_func.text     ro code               0x4  exit.o [4]
  .near.rodata       const                 0x4  stm8s_clk.o [1]
  Initializer bytes  const                 0x4  <for P2-1> (used: 0x0)
  .far_func.text     ro code               0x3  stm8s_gpio.o [1]
  .far_func.text     ro code               0x3  low_level_init.o [4]
  .far_func.text     ro code               0x3  unhandled_exception.o [4]
  .far_func.text     ro code               0x2  main.o [1]
  .far_func.text     ro code               0x1  stm8s_it.o [1]
  .far_func.text     ro code               0x1  stm8s_it.o [1]
  .far_func.text     ro code               0x1  stm8s_it.o [1]
  .far_func.text     ro code               0x1  stm8s_it.o [1]
  .far_func.text     ro code               0x1  stm8s_it.o [1]
  .far_func.text     ro code               0x1  stm8s_it.o [1]
  .far_func.text     ro code               0x1  stm8s_it.o [1]
  .far_func.text     ro code               0x1  stm8s_it.o [1]
  .far_func.text     ro code               0x1  stm8s_it.o [1]
  .far_func.text     ro code               0x1  stm8s_it.o [1]
  .far_func.text     ro code               0x1  stm8s_it.o [1]
  .far_func.text     ro code               0x1  stm8s_it.o [1]
  .far_func.text     ro code               0x1  stm8s_it.o [1]
  .far_func.text     ro code               0x1  stm8s_it.o [1]
  .far_func.text     ro code               0x1  stm8s_it.o [1]
  .far_func.text     ro code               0x1  stm8s_it.o [1]
  .far_func.text     ro code               0x1  stm8s_it.o [1]
  .far_func.text     ro code               0x1  stm8s_it.o [1]
  .far_func.text     ro code               0x1  SystemInit.o [1]
  .far_func.text     ro code               0x1  SystemInit.o [1]
  .far_func.text     ro code               0x1  __dbg_break.o [3]
                                        0x203d


*******************************************************************************
*** INIT TABLE
***

          Address     Size
          -------     ----
Zero (__iar_zero_init2)
    1 destination range, total size 0x5a:
            0x000014  0x5a

Copy (__iar_copy_init2)
    1 source range, total size 0x4:
          0x00002019   0x4
    1 destination range, total size 0x4:
            0x000010   0x4



*******************************************************************************
*** MODULE SUMMARY
***

    Module                 ro code  ro data  rw data
    ------                 -------  -------  -------
E:\01_WorkSpace\software\VSCODE\Lotus-main\Lotus-main\Project\Debug\Obj: [1]
    Mp3Module.o              1 123                22
    SystemInit.o                99
    WS2812B.o                1 363
    key.o                    1 795       52       50
    main.o                      93                 1
    mylib.o                    327       11       10
    stm8s_clk.o                114       97
    stm8s_gpio.o               209       94
    stm8s_it.o                  78
    stm8s_iwdg.o                 5
    stm8s_tim4.o               286       94
    stm8s_uart1.o            1 204       95
    timebase.o                 177                11
    uart.o                      41
    ------------------------------------------------
    Total:                   6 914      443       94

command line: [2]
    ------------------------------------------------
    Total:

dbgstm8mmd.a: [3]
    __dbg_break.o                1
    __dbg_xxexit.o              22
    ------------------------------------------------
    Total:                      23

dlstm8mmn.a: [4]
    cexit.o                      6
    char.o                       6
    cstartup.o                  23
    dc_util.o                   88
    exit.o                       4
    far_util.o                  14
    init.o                      30
    init_small.o                70
    interrupt.o                  4      128
    long.o                     316
    low_level_init.o             3
    short.o                     38
    unhandled_exception.o        3
    vreg_util.o                248
    vregs.o                                       16
    ------------------------------------------------
    Total:                     853      128       16

    Linker created                       20      256
----------------------------------------------------
    Grand Total:             7 790      591      366


*******************************************************************************
*** ENTRY LIST
***

Entry                      Address   Size  Type      Object
-----                      -------   ----  ----      ------
.iar.init_table$$Base   0x00001e6e          --   Gb  - Linker created -
.iar.init_table$$Limit  0x00001e82          --   Gb  - Linker created -
?and32_l0_l0_0x         0x00000fe8         Code  Gb  long.o [4]
?and32_l0_l0_l1         0x00000fe5         Code  Gb  long.o [4]
?b0                       0x000000         Data  Gb  vregs.o [4]
?b1                       0x000001         Data  Gb  vregs.o [4]
?b10                      0x00000a         Data  Gb  vregs.o [4]
?b11                      0x00000b         Data  Gb  vregs.o [4]
?b12                      0x00000c         Data  Gb  vregs.o [4]
?b13                      0x00000d         Data  Gb  vregs.o [4]
?b14                      0x00000e         Data  Gb  vregs.o [4]
?b15                      0x00000f         Data  Gb  vregs.o [4]
?b2                       0x000002         Data  Gb  vregs.o [4]
?b3                       0x000003         Data  Gb  vregs.o [4]
?b4                       0x000004         Data  Gb  vregs.o [4]
?b5                       0x000005         Data  Gb  vregs.o [4]
?b6                       0x000006         Data  Gb  vregs.o [4]
?b7                       0x000007         Data  Gb  vregs.o [4]
?b8                       0x000008         Data  Gb  vregs.o [4]
?b9                       0x000009         Data  Gb  vregs.o [4]
?dc32_l0                0x0000170a         Code  Gb  dc_util.o [4]
?dc32_l1                0x00001736         Code  Gb  dc_util.o [4]
?e0                       0x000001         Data  Gb  vregs.o [4]
?e1                       0x000005         Data  Gb  vregs.o [4]
?e2                       0x000009         Data  Gb  vregs.o [4]
?e3                       0x00000d         Data  Gb  vregs.o [4]
?epilogue_l2            0x000010b1         Code  Gb  vreg_util.o [4]
?epilogue_l2_l3         0x000010ad         Code  Gb  vreg_util.o [4]
?epilogue_w4            0x000010b6         Code  Gb  vreg_util.o [4]
?l0                       0x000000         Data  Gb  vregs.o [4]
?l1                       0x000004         Data  Gb  vregs.o [4]
?l2                       0x000008         Data  Gb  vregs.o [4]
?l3                       0x00000c         Data  Gb  vregs.o [4]
?load24_e1_0x           0x00001f9e         Code  Gb  far_util.o [4]
?mov_e0_e2              0x000010be         Code  Gb  vreg_util.o [4]
?mov_e0_e3              0x000010cb         Code  Gb  vreg_util.o [4]
?mov_e1_e0              0x000010d8         Code  Gb  vreg_util.o [4]
?mov_e1_e2              0x000010e5         Code  Gb  vreg_util.o [4]
?mov_e2_e0              0x000010f2         Code  Gb  vreg_util.o [4]
?mov_e3_e0              0x000010ff         Code  Gb  vreg_util.o [4]
?mov_l0_l2              0x000010bb         Code  Gb  vreg_util.o [4]
?mov_l0_l3              0x000010c8         Code  Gb  vreg_util.o [4]
?mov_l1_l0              0x000010d5         Code  Gb  vreg_util.o [4]
?mov_l1_l2              0x000010e2         Code  Gb  vreg_util.o [4]
?mov_l2_l0              0x000010ef         Code  Gb  vreg_util.o [4]
?mov_l3_l0              0x000010fc         Code  Gb  vreg_util.o [4]
?mov_w1_w5              0x000010c1         Code  Gb  vreg_util.o [4]
?mov_w1_w7              0x000010ce         Code  Gb  vreg_util.o [4]
?mov_w3_w1              0x000010db         Code  Gb  vreg_util.o [4]
?mov_w3_w5              0x000010e8         Code  Gb  vreg_util.o [4]
?mov_w5_w1              0x000010f5         Code  Gb  vreg_util.o [4]
?mov_w7_w1              0x00001102         Code  Gb  vreg_util.o [4]
?mul16_x_x_w0           0x00001d9d         Code  Gb  short.o [4]
?mul32_l0_l0_l1         0x00000ef0         Code  Gb  long.o [4]
?pop_l0                 0x00001075         Code  Gb  vreg_util.o [4]
?pop_l1                 0x00001080         Code  Gb  vreg_util.o [4]
?pop_l2                 0x0000108b         Code  Gb  vreg_util.o [4]
?pop_l3                 0x00001096         Code  Gb  vreg_util.o [4]
?pop_w4                 0x0000102d         Code  Gb  vreg_util.o [4]
?push_l0                0x00001040         Code  Gb  vreg_util.o [4]
?push_l1                0x00001045         Code  Gb  vreg_util.o [4]
?push_l2                0x0000104a         Code  Gb  vreg_util.o [4]
?push_l3                0x0000104f         Code  Gb  vreg_util.o [4]
?push_w4                0x00001011         Code  Gb  vreg_util.o [4]
?sll16_x_x_a            0x00001dbb         Code  Gb  short.o [4]
?sll32_0x_0x_a          0x00001003         Code  Gb  long.o [4]
?sll32_l0_l0_a          0x00001000         Code  Gb  long.o [4]
?srl8_a_a_5             0x00001fe4         Code  Gb  char.o [4]
?srl8_a_a_6             0x00001fe3         Code  Gb  char.o [4]
?sub32_l0_l0_0x         0x00000ed8         Code  Gb  long.o [4]
?sub32_l0_l0_l1         0x00000ed5         Code  Gb  long.o [4]
?udiv32_l0_dl_l1        0x00000f6e         Code  Gb  long.o [4]
?udiv32_l0_l0_dl        0x00000f74         Code  Gb  long.o [4]
?udiv32_l0_l0_l1        0x00000f78         Code  Gb  long.o [4]
?umod32_l1_l0_l1        0x00000f78         Code  Gb  long.o [4]
?w0                       0x000000         Data  Gb  vregs.o [4]
?w1                       0x000002         Data  Gb  vregs.o [4]
?w2                       0x000004         Data  Gb  vregs.o [4]
?w3                       0x000006         Data  Gb  vregs.o [4]
?w4                       0x000008         Data  Gb  vregs.o [4]
?w5                       0x00000a         Data  Gb  vregs.o [4]
?w6                       0x00000c         Data  Gb  vregs.o [4]
?w7                       0x00000e         Data  Gb  vregs.o [4]
ADC1_IRQHandler         0x00002038    0x1  Code  Gb  stm8s_it.o [1]
AWU_IRQHandler          0x0000202a    0x1  Code  Gb  stm8s_it.o [1]
CLK_Config              0x00001fef    0x5  Code  Lc  main.o [1]
CLK_GetClockFreq        0x000019d5   0x3c  Code  Gb  stm8s_clk.o [1]
CLK_HSIPrescalerConfig  0x00001a4a   0x36  Code  Gb  stm8s_clk.o [1]
CLK_IRQHandler          0x0000202b    0x1  Code  Gb  stm8s_it.o [1]
CSTACK$$Base              0x000300          --   Gb  - Linker created -
CSTACK$$Limit             0x000400          --   Gb  - Linker created -
ChangeDevice            0x00001762   0x57  Code  Gb  Mp3Module.o [1]
CurDevNUM                 0x000037    0x2  Data  Gb  key.o [1]
CurDevTotal               0x00002f    0x2  Data  Gb  key.o [1]
CurrentEQ                 0x000051    0x1  Data  Gb  key.o [1]
DS100MS_CNT             0x00001dc3   0x25  Code  Gb  mylib.o [1]
DS100MS_CNT::counter100ms
                          0x000066    0x1  Data  Lc  mylib.o [1]
DS10MS_CNT              0x00001cd5   0x29  Code  Gb  mylib.o [1]
DS10MS_CNT::counter10ms
                          0x000065    0x1  Data  Lc  mylib.o [1]
DS2MS_CNT               0x00001e2c   0x21  Code  Gb  mylib.o [1]
DS2MS_CNT::counter2ms     0x000064    0x1  Data  Lc  mylib.o [1]
DS500MS_CNT             0x00001fd1    0xa  Code  Gb  mylib.o [1]
DelayTime                 0x000055    0x1  Data  Gb  key.o [1]
DispModlueError         0x0000017e    0x1  Code  Gb  key.o [1]
DoSum                   0x00001b4b   0x2f  Code  Gb  Mp3Module.o [1]
EEPROM_EEC_IRQHandler   0x00002039    0x1  Code  Gb  stm8s_it.o [1]
EXTI_PORTA_IRQHandler   0x0000202c    0x1  Code  Gb  stm8s_it.o [1]
EXTI_PORTB_IRQHandler   0x0000202d    0x1  Code  Gb  stm8s_it.o [1]
EXTI_PORTC_IRQHandler   0x0000202e    0x1  Code  Gb  stm8s_it.o [1]
EXTI_PORTD_IRQHandler   0x0000202f    0x1  Code  Gb  stm8s_it.o [1]
EXTI_PORTE_IRQHandler   0x00002030    0x1  Code  Gb  stm8s_it.o [1]
FEEDBACK                  0x000047    0x1  Data  Gb  key.o [1]
FileNum                   0x000045    0x1  Data  Lc  key.o [1]
FlashCurFile              0x00003d    0x2  Data  Gb  key.o [1]
FlashTotal                0x000035    0x2  Data  Gb  key.o [1]
FolderNum                 0x000044    0x1  Data  Lc  key.o [1]
GPIO_Config             0x00001fac    0xd  Code  Lc  main.o [1]
GPIO_Init               0x00001109   0xce  Code  Gb  stm8s_gpio.o [1]
GPIO_ReadInputData      0x0000201d    0x3  Code  Gb  stm8s_gpio.o [1]
GoInitDevice            0x00001ab6   0x33  Code  Gb  Mp3Module.o [1]
HSIDivFactor            0x00002015    0x4  Data  Gb  stm8s_clk.o [1]
I2C_IRQHandler          0x00002037    0x1  Code  Gb  stm8s_it.o [1]
INTVEC$$Base              0x008000          --   Gb  - Linker created -
INTVEC$$Limit             0x008080          --   Gb  - Linker created -
IWDG_ReloadCounter      0x00001ff4    0x5  Code  Gb  stm8s_iwdg.o [1]
InputNumCnt               0x000043    0x1  Data  Lc  key.o [1]
KeyScan                 0x00000038   0x34  Code  Lc  key.o [1]
KeyScan::g_key_value      0x000059    0x1  Data  Lc  key.o [1]
Key_Init                0x00001d76   0x27  Code  Gb  key.o [1]
MP3_Init                0x000018ad   0x4e  Code  Gb  Mp3Module.o [1]
MSG_FIFO                  0x000010    0x1  Data  Lc  key.o [1]
MSG_Task                0x0000017f  0x4b6  Code  Gb  key.o [1]
MSG_Task::msg             0x00005d    0x1  Data  Lc  key.o [1]
OnlineDevice              0x000054    0x1  Data  Gb  key.o [1]
OutTimeCnt                0x00004c    0x1  Data  Gb  key.o [1]
PlayDevice                0x000053    0x1  Data  Gb  key.o [1]
PlayMode                  0x000052    0x1  Data  Gb  key.o [1]
PlayledCnt                0x00004f    0x1  Data  Gb  key.o [1]
PlayledStatus             0x000050    0x1  Data  Gb  key.o [1]
PointFunc                 0x000057    0x1  Data  Gb  key.o [1]
PointPlayFolderNum      0x0000011f   0x5f  Code  Gb  key.o [1]
PointPlayFolderNum::InputCnt
                          0x00005e    0x1  Data  Lc  key.o [1]
PointPlayNum            0x000000ed   0x32  Code  Gb  key.o [1]
QueryACKTime              0x00004d    0x1  Data  Gb  key.o [1]
RAM_Init                0x00001f7d   0x11  Code  Gb  SystemInit.o [1]
RGB_Refresh             0x00001d26   0x28  Code  Gb  WS2812B.o [1]
Recv_buf                  0x00001e    0xa  Data  Lc  Mp3Module.o [1]
Region$$Table$$Base     0x00001e6e          --   Gb  - Linker created -
Region$$Table$$Limit    0x00001e82          --   Gb  - Linker created -
ResendCount               0x000011    0x1  Data  Gb  key.o [1]
ResendDataLen             0x000061    0x1  Data  Lc  Mp3Module.o [1]
SPI_IRQHandler          0x00002031    0x1  Code  Gb  stm8s_it.o [1]
SendCmd                 0x000017b9   0x53  Code  Gb  Mp3Module.o [1]
SendDataLen               0x000060    0x1  Data  Lc  Mp3Module.o [1]
Send_buf                  0x000014    0xa  Data  Lc  Mp3Module.o [1]
Serial_init             0x0000203b    0x1  Code  Gb  SystemInit.o [1]
Status0                   0x000062    0x1  Data  Gb  mylib.o [1]
Status1                   0x000063    0x1  Data  Gb  mylib.o [1]
SysReturnTime             0x00004e    0x1  Data  Gb  key.o [1]
System_Init             0x0000185d   0x50  Code  Gb  SystemInit.o [1]
System_Status             0x00004b    0x1  Data  Gb  key.o [1]
TFCurFile                 0x00003b    0x2  Data  Gb  key.o [1]
TFTotal                   0x000033    0x2  Data  Gb  key.o [1]
TIM1_CAP_COM_IRQHandler
                        0x00002033    0x1  Code  Gb  stm8s_it.o [1]
TIM1_UPD_OVF_TRG_BRK_IRQHandler
                        0x00002032    0x1  Code  Gb  stm8s_it.o [1]
TIM2_CAP_COM_IRQHandler
                        0x00002035    0x1  Code  Gb  stm8s_it.o [1]
TIM2_UPD_OVF_BRK_IRQHandler
                        0x00002034    0x1  Code  Gb  stm8s_it.o [1]
TIM4_ClearFlag          0x00001de8   0x22  Code  Gb  stm8s_tim4.o [1]
TIM4_ClearITPendingBit  0x00001e0a   0x22  Code  Gb  stm8s_tim4.o [1]
TIM4_Cmd                0x00001ba8   0x2b  Code  Gb  stm8s_tim4.o [1]
TIM4_DeInit             0x00001ef6   0x19  Code  Gb  stm8s_tim4.o [1]
TIM4_ITConfig           0x0000180c   0x51  Code  Gb  stm8s_tim4.o [1]
TIM4_TimeBaseInit       0x00001990   0x45  Code  Gb  stm8s_tim4.o [1]
TIM4_UPD_OVF_IRQHandler
                        0x00001e4d   0x21  Code  Gb  stm8s_it.o [1]
TLI_IRQHandler          0x00002029    0x1  Code  Gb  stm8s_it.o [1]
TRAP_IRQHandler         0x00002028    0x1  Code  Gb  stm8s_it.o [1]
TimeBase_Config         0x00001cfe   0x20  Code  Lc  timebase.o [1]
TimeBase_Get1msSystemTimeDelta
                        0x00001ffd    0x4  Code  Gb  timebase.o [1]
TimeBase_HandleTimeBaseCouter
                        0x0000149b   0x7d  Code  Gb  timebase.o [1]
TimeBase_HandleTimeBaseCouter::uc10msBaseTime
                          0x00006d    0x1  Data  Lc  timebase.o [1]
TimeBase_HandleTimeBaseCouter::uc1msBaseTime
                          0x00006c    0x1  Data  Lc  timebase.o [1]
TimeBase_HandleTimeBaseCouter::ui1sBaseTime
                          0x000041    0x2  Data  Lc  timebase.o [1]
TimeBase_HandleTimeBaseCouter::ui250msBaseTime
                          0x00003f    0x2  Data  Lc  timebase.o [1]
TimeBase_IncerementCounter_UPD_IRQ
                        0x00001fdb    0x8  Code  Gb  timebase.o [1]
TimeBase_Init           0x00001d1e    0x8  Code  Gb  timebase.o [1]
Time_Task               0x00001357   0xa7  Code  Gb  key.o [1]
Timer0_Init             0x0000203a    0x1  Code  Gb  SystemInit.o [1]
UART1_ClearITPendingBit
                        0x00001a80   0x36  Code  Gb  stm8s_uart1.o [1]
UART1_Cmd               0x00001fb9    0xd  Code  Gb  stm8s_uart1.o [1]
UART1_DeInit            0x00001bd3   0x2b  Code  Gb  stm8s_uart1.o [1]
UART1_GetFlagStatus     0x00001518   0x7a  Code  Gb  stm8s_uart1.o [1]
UART1_HalfDuplexCmd     0x00001bfe   0x2b  Code  Gb  stm8s_uart1.o [1]
UART1_ITConfig          0x00001298   0xbf  Code  Gb  stm8s_uart1.o [1]
UART1_Init              0x00000b4e  0x21a  Code  Gb  stm8s_uart1.o [1]
UART1_IrDACmd           0x00001c29   0x2b  Code  Gb  stm8s_uart1.o [1]
UART1_LINCmd            0x00001c54   0x2b  Code  Gb  stm8s_uart1.o [1]
UART1_RX_IRQHandler     0x00001edb   0x1b  Code  Gb  stm8s_it.o [1]
UART1_ReceiveData9      0x00001f0f   0x18  Code  Gb  stm8s_uart1.o [1]
UART1_SendData8         0x00001ff9    0x4  Code  Gb  stm8s_uart1.o [1]
UART1_SmartCardCmd      0x00001c7f   0x2b  Code  Gb  stm8s_uart1.o [1]
UART1_SmartCardNACKCmd  0x00001caa   0x2b  Code  Gb  stm8s_uart1.o [1]
UART1_TX_IRQHandler     0x00002036    0x1  Code  Gb  stm8s_it.o [1]
UDiskCurFile              0x000039    0x2  Data  Gb  key.o [1]
UDiskTotal                0x000031    0x2  Data  Gb  key.o [1]
UartRecvACK               0x000049    0x1  Data  Gb  key.o [1]
UartRecvStatus            0x000048    0x1  Data  Gb  key.o [1]
UartRecv_100Ms            0x00004a    0x1  Data  Gb  key.o [1]
UartSend_Collide_Task   0x00001b7a   0x2e  Code  Gb  Mp3Module.o [1]
Uart_Enable             0x00002005    0x4  Code  Gb  uart.o [1]
Uart_Init               0x00001ebe   0x1d  Code  Gb  uart.o [1]
Uart_ParameterConfig    0x00002001    0x4  Code  Gb  uart.o [1]
Uart_PutByte            0x00001f8e   0x10  Code  Gb  Mp3Module.o [1]
Uart_ReadByte_RX_IRQ    0x000011d7   0xc1  Code  Gb  Mp3Module.o [1]
Uart_SendCMD            0x000013fe   0x34  Code  Gb  Mp3Module.o [1]
Uart_SendData           0x00002009    0x4  Code  Gb  uart.o [1]
Uart_Task               0x00000d68  0x16d  Code  Gb  Mp3Module.o [1]
Uart_communication      0x00001432   0x69  Code  Gb  Mp3Module.o [1]
Ws2812b_Configuration   0x00001f6b   0x12  Code  Gb  WS2812B.o [1]
Ws2812b_Write           0x00000635  0x519  Code  Gb  WS2812B.o [1]
__DebugBreak            0x0000203c    0x1  Code  Gb  __dbg_break.o [3]
__exit                  0x00001f55   0x16  Code  Gb  __dbg_xxexit.o [3]
__iar_copy_init2        0x00001d4e         Code  Gb  init_small.o [4]
__iar_data_init2        0x00001e82   0x1e  Code  Gb  init.o [4]
__iar_program_start     0x00001f3e         Code  Gb  cstartup.o [4]
__iar_unhandled_exception
                        0x00002023         Code  Gb  unhandled_exception.o [4]
__iar_zero_init2        0x00001ea0         Code  Gb  init_small.o [4]
__intvec                  0x008000         Data  Gb  interrupt.o [4]
__low_level_init        0x00002020    0x3  Code  Gb  low_level_init.o [4]
_exit                   0x00001fe9         Code  Gb  cexit.o [4]
_interrupt_1            0x00002028         Code  Gb  stm8s_it.o [1]
_interrupt_12           0x00002031         Code  Gb  stm8s_it.o [1]
_interrupt_13           0x00002032         Code  Gb  stm8s_it.o [1]
_interrupt_14           0x00002033         Code  Gb  stm8s_it.o [1]
_interrupt_15           0x00002034         Code  Gb  stm8s_it.o [1]
_interrupt_16           0x00002035         Code  Gb  stm8s_it.o [1]
_interrupt_19           0x00002036         Code  Gb  stm8s_it.o [1]
_interrupt_2            0x00002029         Code  Gb  stm8s_it.o [1]
_interrupt_20           0x00001edb         Code  Gb  stm8s_it.o [1]
_interrupt_21           0x00002037         Code  Gb  stm8s_it.o [1]
_interrupt_24           0x00002038         Code  Gb  stm8s_it.o [1]
_interrupt_25           0x00001e4d         Code  Gb  stm8s_it.o [1]
_interrupt_26           0x00002039         Code  Gb  stm8s_it.o [1]
_interrupt_3            0x0000202a         Code  Gb  stm8s_it.o [1]
_interrupt_4            0x0000202b         Code  Gb  stm8s_it.o [1]
_interrupt_5            0x0000202c         Code  Gb  stm8s_it.o [1]
_interrupt_6            0x0000202d         Code  Gb  stm8s_it.o [1]
_interrupt_7            0x0000202e         Code  Gb  stm8s_it.o [1]
_interrupt_8            0x0000202f         Code  Gb  stm8s_it.o [1]
_interrupt_9            0x00002030         Code  Gb  stm8s_it.o [1]
adkey_msg_16key_table   0x00001b1b   0x30  Data  Gb  key.o [1]
app_get_msg             0x00000004   0x16  Code  Gb  key.o [1]
app_get_msg::msg          0x000058    0x1  Data  Lc  key.o [1]
asc_number              0x00001fc6    0xb  Data  Gb  mylib.o [1]
assert_failed           0x00002026    0x2  Code  Gb  main.o [1]
bcd_number                0x000028    0x5  Data  Gb  mylib.o [1]
counter1ms                0x00005f    0x1  Data  Lc  main.o [1]
exit                    0x00002011    0x4  Code  Gb  exit.o [4]
input_number              0x00002d    0x2  Data  Gb  key.o [1]
input_vol                 0x000056    0x1  Data  Gb  key.o [1]
itoa1                   0x00001f27   0x17  Code  Gb  mylib.o [1]
itoa2                   0x00001ae9   0x32  Code  Gb  mylib.o [1]
itoa3                   0x00001a11   0x39  Code  Gb  mylib.o [1]
itoa4                   0x000018fb   0x4c  Code  Gb  mylib.o [1]
key_filter              0x0000006c   0x28  Code  Lc  key.o [1]
key_filter::key_counter
                          0x00005b    0x1  Data  Lc  key.o [1]
key_filter::old_key       0x00005a    0x1  Data  Lc  key.o [1]
key_filter::used_key      0x000012    0x1  Data  Lc  key.o [1]
key_scan                0x00000094   0x59  Code  Gb  key.o [1]
key_scan::key_press_counter
                          0x00005c    0x1  Data  Lc  key.o [1]
key_scan::last_key        0x000013    0x1  Data  Lc  key.o [1]
main                    0x00001947   0x49  Code  Gb  main.o [1]
music_msg_filter        0x0000001a   0x1e  Code  Gb  key.o [1]
put_msg_lifo            0x00000000    0x4  Code  Gb  key.o [1]
uc10msSystemTimeDelta     0x000069    0x1  Data  Lc  timebase.o [1]
uc1msSystemTimeDelta      0x000068    0x1  Data  Lc  timebase.o [1]
uc1sSystemTimeDelta       0x00006b    0x1  Data  Lc  timebase.o [1]
uc250msSystemTimeDelta    0x00006a    0x1  Data  Lc  timebase.o [1]
ucErrorStatus             0x000046    0x1  Data  Gb  key.o [1]
ucSystemTime              0x000067    0x1  Data  Lc  timebase.o [1]


[1] = E:\01_WorkSpace\software\VSCODE\Lotus-main\Lotus-main\Project\Debug\Obj
[2] = command line
[3] = dbgstm8mmd.a
[4] = dlstm8mmn.a

  7 790 bytes of readonly  code memory
    591 bytes of readonly  data memory
    366 bytes of readwrite data memory

Errors: 1
Warnings: none
