###############################################################################
#
# IAR ELF Linker V3.10.1.201 for STM8                     24/Apr/2021  15:15:50
# Copyright 2010-2017 IAR Systems AB.
#
#    Output file  =  
#        E:\01_WorkSpace\software\VSCODE\Lotus-main\Lotus-main\Project\Debug\Exe\lotus.out
#    Map file     =  
#        E:\01_WorkSpace\software\VSCODE\Lotus-main\Lotus-main\Project\Debug\List\lotus.map
#    Command line =  
#        -f C:\Users\sheol\AppData\Local\Temp\EW6EA1.tmp
#        (E:\01_WorkSpace\software\VSCODE\Lotus-main\Lotus-main\Project\Debug\Obj\ColorConvert.o
#        E:\01_WorkSpace\software\VSCODE\Lotus-main\Lotus-main\Project\Debug\Obj\extendkeys.o
#        E:\01_WorkSpace\software\VSCODE\Lotus-main\Lotus-main\Project\Debug\Obj\iwdg.o
#        E:\01_WorkSpace\software\VSCODE\Lotus-main\Lotus-main\Project\Debug\Obj\key.o
#        E:\01_WorkSpace\software\VSCODE\Lotus-main\Lotus-main\Project\Debug\Obj\LedSync.o
#        E:\01_WorkSpace\software\VSCODE\Lotus-main\Lotus-main\Project\Debug\Obj\main.o
#        E:\01_WorkSpace\software\VSCODE\Lotus-main\Lotus-main\Project\Debug\Obj\Mp3Module.o
#        E:\01_WorkSpace\software\VSCODE\Lotus-main\Lotus-main\Project\Debug\Obj\mylib.o
#        E:\01_WorkSpace\software\VSCODE\Lotus-main\Lotus-main\Project\Debug\Obj\stm8s_clk.o
#        E:\01_WorkSpace\software\VSCODE\Lotus-main\Lotus-main\Project\Debug\Obj\stm8s_gpio.o
#        E:\01_WorkSpace\software\VSCODE\Lotus-main\Lotus-main\Project\Debug\Obj\stm8s_it.o
#        E:\01_WorkSpace\software\VSCODE\Lotus-main\Lotus-main\Project\Debug\Obj\stm8s_iwdg.o
#        E:\01_WorkSpace\software\VSCODE\Lotus-main\Lotus-main\Project\Debug\Obj\stm8s_tim4.o
#        E:\01_WorkSpace\software\VSCODE\Lotus-main\Lotus-main\Project\Debug\Obj\stm8s_uart2.o
#        E:\01_WorkSpace\software\VSCODE\Lotus-main\Lotus-main\Project\Debug\Obj\SystemInit.o
#        E:\01_WorkSpace\software\VSCODE\Lotus-main\Lotus-main\Project\Debug\Obj\timebase.o
#        E:\01_WorkSpace\software\VSCODE\Lotus-main\Lotus-main\Project\Debug\Obj\uart.o
#        E:\01_WorkSpace\software\VSCODE\Lotus-main\Lotus-main\Project\Debug\Obj\WS2812B.o
#        --redirect _Printf=_PrintfFullNoMb --redirect _Scanf=_ScanfFullNoMb -o
#        E:\01_WorkSpace\software\VSCODE\Lotus-main\Lotus-main\Project\Debug\Exe\lotus.out
#        --map
#        E:\01_WorkSpace\software\VSCODE\Lotus-main\Lotus-main\Project\Debug\List\lotus.map
#        --config "D:\Program Files (x86)\IAR Systems\Embedded Workbench
#        8.0\stm8\config\lnkstm8s105k4.icf" --config_def _CSTACK_SIZE=0x100
#        --config_def _HEAP_SIZE=0x100 --entry __iar_program_start --debug_lib)
#
###############################################################################

*******************************************************************************
*** RUNTIME MODEL ATTRIBUTES
***

__SystemLibrary            = DLib
__code_model               = medium_or_large
__core                     = stm8
__data_model               = medium
__dlib_file_descriptor     = 0
__dlib_full_locale_support = 0
__rt_version               = 4


*******************************************************************************
*** PLACEMENT SUMMARY
***

"A0":  place at start of [0x000000-0x0000ff] { rw section .vregs };
"A1":  place at end of [0x000000-0x0007ff] { block CSTACK };
"P2":  place in [from 0x000000 to 0x0007ff] {
          block HEAP, rw section __DLIB_PERTHREAD, rw section .far.bss,
          rw section .far.data, rw section .far.noinit,
          rw section .far_func.textrw, rw section .huge.bss,
          rw section .huge.data, rw section .huge.noinit,
          rw section .huge_func.textrw, rw section .iar.dynexit,
          rw section .near.bss, rw section .near.data, rw section .near.noinit,
          rw section .near_func.textrw };
"A2":  place at start of [0x008000-0x00bfff] { block INTVEC };
"P3":  place in [from 0x008000 to 0x00bfff] {
          ro section __DLIB_PERTHREAD_init, ro section .far.data_init,
          ro section .far_func.textrw_init, ro section .huge.data_init,
          ro section .huge_func.textrw_init, ro section .iar.init_table,
          ro section .init_array, ro section .near.data_init,
          ro section .near.rodata, ro section .near_func.text,
          ro section .near_func.textrw_init, ro section .tiny.data_init,
          ro section .tiny.rodata_init };
"P4":  place in [from 0x008000 to 0x00bfff] {
          ro section .far.rodata, ro section .far_func.text };
"P5":  place in [from 0x008000 to 0x00bfff] {
          ro section .huge.rodata, ro section .huge_func.text };
do not initialize {
   rw section .eeprom.noinit, rw section .far.noinit, rw section .huge.noinit,
   rw section .near.noinit, rw section .tiny.noinit, rw section .vregs };
initialize by copy {
   rw section .far.bss, rw section .far.data, rw section .far_func.textrw,
   rw section .huge.bss, rw section .huge.data, rw section .huge_func.textrw,
   rw section .iar.dynexit, rw section .near.bss, rw section .near.data,
   rw section .near_func.textrw, rw section .tiny.bss, rw section .tiny.data,
   ro section .tiny.rodata };

  Section            Kind      Address    Size  Object
  -------            ----      -------    ----  ------
"A0":                                     0x10
  .vregs             uninit   0x000000    0x10  vregs.o [4]
                            - 0x000010    0x10

"P2", part 1 of 2:                         0x4
  P2-1                        0x000010     0x4  <Init block>
    .near.data       inited   0x000010     0x1  key.o [1]
    .near.data       inited   0x000011     0x1  key.o [1]
    .near.data       inited   0x000012     0x1  key.o [1]
    .near.data       inited   0x000013     0x1  key.o [1]
                            - 0x000014     0x4

"P2", part 2 of 2:                       0x164
  .near.bss          zero     0x000014    0xfa  LedSync.o [1]
  .near.bss          zero     0x00010e     0xa  Mp3Module.o [1]
  .near.bss          zero     0x000118     0xa  Mp3Module.o [1]
  .near.bss          zero     0x000122     0x5  mylib.o [1]
  .near.bss          zero     0x000127     0x4  LedSync.o [1]
  .near.bss          zero     0x00012b     0x4  LedSync.o [1]
  .near.bss          zero     0x00012f     0x4  LedSync.o [1]
  .near.bss          zero     0x000133     0x2  key.o [1]
  .near.bss          zero     0x000135     0x2  key.o [1]
  .near.bss          zero     0x000137     0x2  key.o [1]
  .near.bss          zero     0x000139     0x2  key.o [1]
  .near.bss          zero     0x00013b     0x2  key.o [1]
  .near.bss          zero     0x00013d     0x2  key.o [1]
  .near.bss          zero     0x00013f     0x2  key.o [1]
  .near.bss          zero     0x000141     0x2  key.o [1]
  .near.bss          zero     0x000143     0x2  key.o [1]
  .near.bss          zero     0x000145     0x2  LedSync.o [1]
  .near.bss          zero     0x000147     0x2  timebase.o [1]
  .near.bss          zero     0x000149     0x2  timebase.o [1]
  .near.bss          zero     0x00014b     0x1  key.o [1]
  .near.bss          zero     0x00014c     0x1  key.o [1]
  .near.bss          zero     0x00014d     0x1  key.o [1]
  .near.bss          zero     0x00014e     0x1  key.o [1]
  .near.bss          zero     0x00014f     0x1  key.o [1]
  .near.bss          zero     0x000150     0x1  key.o [1]
  .near.bss          zero     0x000151     0x1  key.o [1]
  .near.bss          zero     0x000152     0x1  key.o [1]
  .near.bss          zero     0x000153     0x1  key.o [1]
  .near.bss          zero     0x000154     0x1  key.o [1]
  .near.bss          zero     0x000155     0x1  key.o [1]
  .near.bss          zero     0x000156     0x1  key.o [1]
  .near.bss          zero     0x000157     0x1  key.o [1]
  .near.bss          zero     0x000158     0x1  key.o [1]
  .near.bss          zero     0x000159     0x1  key.o [1]
  .near.bss          zero     0x00015a     0x1  key.o [1]
  .near.bss          zero     0x00015b     0x1  key.o [1]
  .near.bss          zero     0x00015c     0x1  key.o [1]
  .near.bss          zero     0x00015d     0x1  key.o [1]
  .near.bss          zero     0x00015e     0x1  key.o [1]
  .near.bss          zero     0x00015f     0x1  key.o [1]
  .near.bss          zero     0x000160     0x1  key.o [1]
  .near.bss          zero     0x000161     0x1  key.o [1]
  .near.bss          zero     0x000162     0x1  key.o [1]
  .near.bss          zero     0x000163     0x1  key.o [1]
  .near.bss          zero     0x000164     0x1  key.o [1]
  .near.bss          zero     0x000165     0x1  key.o [1]
  .near.bss          zero     0x000166     0x1  key.o [1]
  .near.bss          zero     0x000167     0x1  LedSync.o [1]
  .near.bss          zero     0x000168     0x1  LedSync.o [1]
  .near.bss          zero     0x000169     0x1  LedSync.o [1]
  .near.bss          zero     0x00016a     0x1  main.o [1]
  .near.bss          zero     0x00016b     0x1  Mp3Module.o [1]
  .near.bss          zero     0x00016c     0x1  mylib.o [1]
  .near.bss          zero     0x00016d     0x1  mylib.o [1]
  .near.bss          zero     0x00016e     0x1  mylib.o [1]
  .near.bss          zero     0x00016f     0x1  mylib.o [1]
  .near.bss          zero     0x000170     0x1  mylib.o [1]
  .near.bss          zero     0x000171     0x1  timebase.o [1]
  .near.bss          zero     0x000172     0x1  timebase.o [1]
  .near.bss          zero     0x000173     0x1  timebase.o [1]
  .near.bss          zero     0x000174     0x1  timebase.o [1]
  .near.bss          zero     0x000175     0x1  timebase.o [1]
  .near.bss          zero     0x000176     0x1  timebase.o [1]
  .near.bss          zero     0x000177     0x1  timebase.o [1]
                            - 0x000178   0x164

"A1":                                    0x100
  CSTACK                      0x000700   0x100  <Block>
    CSTACK           uninit   0x000700   0x100  <Block tail>
                            - 0x000800   0x100

"A2":                                     0x80
  INTVEC                      0x008000    0x80  <Block>
    .intvec          const    0x008000    0x80  interrupt.o [4]
                            - 0x008080    0x80

"P3-P5":                                0x340d
  .far_func.text     ro code  0x008080   0x6d5  key.o [1]
  .far_func.text     ro code  0x008755   0x574  WS2812B.o [1]
  .far_func.text     ro code  0x008cc9   0x42e  float.o [4]
  .far_func.text     ro code  0x0090f7   0x274  ColorConvert.o [1]
  .near.rodata       const    0x00936b   0x258  LedSync.o [1]
  .far_func.text     ro code  0x0095c3   0x248  stm8s_uart2.o [1]
  .far_func.text     ro code  0x00980b   0x1db  ColorConvert.o [1]
  .far_func.text     ro code  0x0099e6   0x19a  Mp3Module.o [1]
  .far_func.text     ro code  0x009b80   0x157  long.o [4]
  .far_func.text     ro code  0x009cd7   0x154  vreg_util.o [4]
  .far_func.text     ro code  0x009e2b   0x115  stm8s_gpio.o [1]
  .far_func.text     ro code  0x009f40    0xfe  stm8s_uart2.o [1]
  .near.rodata       const    0x00a03e    0xfa  LedSync.o [1]
  .far_func.text     ro code  0x00a138    0xdd  Mp3Module.o [1]
  .far_func.text     ro code  0x00a215    0xd6  stm8s_uart2.o [1]
  .far_func.text     ro code  0x00a2eb    0xc2  Mp3Module.o [1]
  .far_func.text     ro code  0x00a3ad    0xc0  key.o [1]
  .far_func.text     ro code  0x00a46d    0xb9  LedSync.o [1]
  .far_func.text     ro code  0x00a526    0x98  long_util.o [4]
  .far_func.text     ro code  0x00a5be    0x7f  timebase.o [1]
  .far_func.text     ro code  0x00a63d    0x7c  LedSync.o [1]
  .far_func.text     ro code  0x00a6b9    0x72  LedSync.o [1]
  .far_func.text     ro code  0x00a72b    0x6b  Mp3Module.o [1]
  .far_func.text     ro code  0x00a796    0x66  LedSync.o [1]
  .far_func.text     ro code  0x00a7fc    0x64  LedSync.o [1]
  .far_func.text     ro code  0x00a860    0x63  LedSync.o [1]
  .near.rodata       const    0x00a8c3    0x5f  stm8s_uart2.o [1]
  .near.rodata       const    0x00a922    0x5e  stm8s_gpio.o [1]
  .near.rodata       const    0x00a980    0x5e  stm8s_tim4.o [1]
  .near.rodata       const    0x00a9de    0x5d  stm8s_clk.o [1]
  .far_func.text     ro code  0x00aa3b    0x5b  Mp3Module.o [1]
  .far_func.text     ro code  0x00aa96    0x58  main.o [1]
  .far_func.text     ro code  0x00aaee    0x58  stm8s_clk.o [1]
  .far_func.text     ro code  0x00ab46    0x58  dc_util.o [4]
  .far_func.text     ro code  0x00ab9e    0x55  stm8s_tim4.o [1]
  .far_func.text     ro code  0x00abf3    0x54  stm8s_tim4.o [1]
  .far_func.text     ro code  0x00ac47    0x50  stm8s_uart2.o [1]
  .far_func.text     ro code  0x00ac97    0x4f  short.o [4]
  .far_func.text     ro code  0x00ace6    0x4e  Mp3Module.o [1]
  .far_func.text     ro code  0x00ad34    0x4e  mylib.o [1]
  .far_func.text     ro code  0x00ad82    0x45  SystemInit.o [1]
  .far_func.text     ro code  0x00adc7    0x42  Mp3Module.o [1]
  .far_func.text     ro code  0x00ae09    0x3e  stm8s_clk.o [1]
  .far_func.text     ro code  0x00ae47    0x3b  Mp3Module.o [1]
  .far_func.text     ro code  0x00ae82    0x3b  mylib.o [1]
  .far_func.text     ro code  0x00aebd    0x39  ColorConvert.o [1]
  .far_func.text     ro code  0x00aef6    0x39  WS2812B.o [1]
  .far_func.text     ro code  0x00af2f    0x32  mylib.o [1]
  .far_func.text     ro code  0x00af61    0x30  stm8s_tim4.o [1]
  .far_func.text     ro code  0x00af91    0x30  stm8s_uart2.o [1]
  .far_func.text     ro code  0x00afc1    0x30  stm8s_uart2.o [1]
  .far_func.text     ro code  0x00aff1    0x30  stm8s_uart2.o [1]
  .far_func.text     ro code  0x00b021    0x30  stm8s_uart2.o [1]
  .near.rodata       const    0x00b051    0x30  key.o [1]
  .far_func.text     ro code  0x00b081    0x2b  mylib.o [1]
  .far_func.text     ro code  0x00b0ac    0x2a  mylib.o [1]
  .far_func.text     ro code  0x00b0d6    0x29  stm8s_uart2.o [1]
  .far_func.text     ro code  0x00b0ff    0x28  timebase.o [1]
  .far_func.text     ro code  0x00b127    0x28  init_small.o [4]
  .far_func.text     ro code  0x00b14f    0x27  extendkeys.o [1]
  .far_func.text     ro code  0x00b176    0x27  stm8s_uart2.o [1]
  .far_func.text     ro code  0x00b19d    0x25  stm8s_tim4.o [1]
  .far_func.text     ro code  0x00b1c2    0x25  stm8s_tim4.o [1]
  .far_func.text     ro code  0x00b1e7    0x21  mylib.o [1]
  .far_func.text     ro code  0x00b208    0x21  stm8s_it.o [1]
  .far_func.text     ro code  0x00b229    0x21  SystemInit.o [1]
  .iar.init_table    const    0x00b24a    0x14  - Linker created -
  .far_func.text     ro code  0x00b25e    0x20  memcpy.o [4]
  .far_func.text     ro code  0x00b27e    0x1e  init.o [4]
  .far_func.text     ro code  0x00b29c    0x1e  init_small.o [4]
  .far_func.text     ro code  0x00b2ba    0x1c  LedSync.o [1]
  .far_func.text     ro code  0x00b2d6    0x1b  LedSync.o [1]
  .far_func.text     ro code  0x00b2f1    0x1b  stm8s_it.o [1]
  .far_func.text     ro code  0x00b30c    0x1a  ColorConvert.o [1]
  .far_func.text     ro code  0x00b326    0x19  stm8s_tim4.o [1]
  .far_func.text     ro code  0x00b33f    0x18  uart.o [1]
  .far_func.text     ro code  0x00b357    0x17  mylib.o [1]
  .far_func.text     ro code  0x00b36e    0x17  cstartup.o [4]
  .far_func.text     ro code  0x00b385    0x16  __dbg_xxexit.o [3]
  .far_func.text     ro code  0x00b39b    0x12  WS2812B.o [1]
  .far_func.text     ro code  0x00b3ad    0x11  mylib.o [1]
  .far_func.text     ro code  0x00b3be    0x10  extendkeys.o [1]
  .far_func.text     ro code  0x00b3ce    0x10  Mp3Module.o [1]
  .far_func.text     ro code  0x00b3de     0xe  far_util.o [4]
  .far_func.text     ro code  0x00b3ec     0xd  main.o [1]
  .far_func.text     ro code  0x00b3f9     0xd  stm8s_uart2.o [1]
  .near.rodata       const    0x00b406     0xc  key.o [1]
  .near.rodata       const    0x00b412     0xb  mylib.o [1]
  .far_func.text     ro code  0x00b41d     0x8  timebase.o [1]
  .far_func.text     ro code  0x00b425     0x7  stm8s_gpio.o [1]
  .far_func.text     ro code  0x00b42c     0x6  char.o [4]
  .far_func.text     ro code  0x00b432     0x6  cexit.o [4]
  .far_func.text     ro code  0x00b438     0x5  main.o [1]
  .far_func.text     ro code  0x00b43d     0x5  stm8s_iwdg.o [1]
  .far_func.text     ro code  0x00b442     0x4  key.o [1]
  .far_func.text     ro code  0x00b446     0x4  stm8s_uart2.o [1]
  .far_func.text     ro code  0x00b44a     0x4  timebase.o [1]
  .far_func.text     ro code  0x00b44e     0x4  timebase.o [1]
  .far_func.text     ro code  0x00b452     0x4  uart.o [1]
  .far_func.text     ro code  0x00b456     0x4  uart.o [1]
  .far_func.text     ro code  0x00b45a     0x4  uart.o [1]
  .far_func.text     ro code  0x00b45e     0x4  interrupt.o [4]
  .far_func.text     ro code  0x00b462     0x4  exit.o [4]
  .near.rodata       const    0x00b466     0x4  stm8s_clk.o [1]
  Initializer bytes  const    0x00b46a     0x4  <for P2-1>
  .far_func.text     ro code  0x00b46e     0x3  low_level_init.o [4]
  .far_func.text     ro code  0x00b471     0x3  unhandled_exception.o [4]
  .far_func.text     ro code  0x00b474     0x2  main.o [1]
  .far_func.text     ro code  0x00b476     0x1  stm8s_it.o [1]
  .far_func.text     ro code  0x00b477     0x1  stm8s_it.o [1]
  .far_func.text     ro code  0x00b478     0x1  stm8s_it.o [1]
  .far_func.text     ro code  0x00b479     0x1  stm8s_it.o [1]
  .far_func.text     ro code  0x00b47a     0x1  stm8s_it.o [1]
  .far_func.text     ro code  0x00b47b     0x1  stm8s_it.o [1]
  .far_func.text     ro code  0x00b47c     0x1  stm8s_it.o [1]
  .far_func.text     ro code  0x00b47d     0x1  stm8s_it.o [1]
  .far_func.text     ro code  0x00b47e     0x1  stm8s_it.o [1]
  .far_func.text     ro code  0x00b47f     0x1  stm8s_it.o [1]
  .far_func.text     ro code  0x00b480     0x1  stm8s_it.o [1]
  .far_func.text     ro code  0x00b481     0x1  stm8s_it.o [1]
  .far_func.text     ro code  0x00b482     0x1  stm8s_it.o [1]
  .far_func.text     ro code  0x00b483     0x1  stm8s_it.o [1]
  .far_func.text     ro code  0x00b484     0x1  stm8s_it.o [1]
  .far_func.text     ro code  0x00b485     0x1  stm8s_it.o [1]
  .far_func.text     ro code  0x00b486     0x1  stm8s_it.o [1]
  .far_func.text     ro code  0x00b487     0x1  stm8s_it.o [1]
  .far_func.text     ro code  0x00b488     0x1  stm8s_it.o [1]
  .far_func.text     ro code  0x00b489     0x1  stm8s_it.o [1]
  .far_func.text     ro code  0x00b48a     0x1  SystemInit.o [1]
  .far_func.text     ro code  0x00b48b     0x1  SystemInit.o [1]
  .far_func.text     ro code  0x00b48c     0x1  __dbg_break.o [3]
                            - 0x00b48d  0x340d


*******************************************************************************
*** INIT TABLE
***

          Address   Size
          -------   ----
Zero (__iar_zero_init2)
    1 destination range, total size 0x164:
          0x000014  0x164

Copy (__iar_copy_init2)
    1 source range, total size 0x4:
          0x00b46a    0x4
    1 destination range, total size 0x4:
          0x000010    0x4



*******************************************************************************
*** MODULE SUMMARY
***

    Module                 ro code  ro data  rw data
    ------                 -------  -------  -------
E:\01_WorkSpace\software\VSCODE\Lotus-main\Lotus-main\Project\Debug\Obj: [1]
    ColorConvert.o           1 186
    LedSync.o                  779      850      267
    Mp3Module.o              1 242                21
    SystemInit.o               104
    WS2812B.o                1 471
    extendkeys.o                55
    key.o                    1 945       64       50
    main.o                     108                 1
    mylib.o                    345       11       10
    stm8s_clk.o                150       97
    stm8s_gpio.o               284       94
    stm8s_it.o                  80
    stm8s_iwdg.o                 5
    stm8s_tim4.o               316       94
    stm8s_uart2.o            1 421       95
    timebase.o                 183                11
    uart.o                      36
    ------------------------------------------------
    Total:                   9 710    1 305      360

command line: [2]
    ------------------------------------------------
    Total:

dbgstm8mmd.a: [3]
    __dbg_break.o                1
    __dbg_xxexit.o              22
    ------------------------------------------------
    Total:                      23

dlstm8mmn.a: [4]
    cexit.o                      6
    char.o                       6
    cstartup.o                  23
    dc_util.o                   88
    exit.o                       4
    far_util.o                  14
    float.o                  1 070
    init.o                      30
    init_small.o                70
    interrupt.o                  4      128
    long.o                     343
    long_util.o                152
    low_level_init.o             3
    memcpy.o                    32
    short.o                     79
    unhandled_exception.o        3
    vreg_util.o                340
    vregs.o                                       16
    ------------------------------------------------
    Total:                   2 267      128       16

    Linker created                       20      256
----------------------------------------------------
    Grand Total:            12 000    1 453      632


*******************************************************************************
*** ENTRY LIST
***

Entry                    Address   Size  Type      Object
-----                    -------   ----  ----      ------
.iar.init_table$$Base   0x00b24a          --   Gb  - Linker created -
.iar.init_table$$Limit  0x00b25e          --   Gb  - Linker created -
?and32_l0_l0_0x         0x009c93         Code  Gb  long.o [4]
?and32_l0_l0_l1         0x009c90         Code  Gb  long.o [4]
?b0                     0x000000         Data  Gb  vregs.o [4]
?b1                     0x000001         Data  Gb  vregs.o [4]
?b10                    0x00000a         Data  Gb  vregs.o [4]
?b11                    0x00000b         Data  Gb  vregs.o [4]
?b12                    0x00000c         Data  Gb  vregs.o [4]
?b13                    0x00000d         Data  Gb  vregs.o [4]
?b14                    0x00000e         Data  Gb  vregs.o [4]
?b15                    0x00000f         Data  Gb  vregs.o [4]
?b2                     0x000002         Data  Gb  vregs.o [4]
?b3                     0x000003         Data  Gb  vregs.o [4]
?b4                     0x000004         Data  Gb  vregs.o [4]
?b5                     0x000005         Data  Gb  vregs.o [4]
?b6                     0x000006         Data  Gb  vregs.o [4]
?b7                     0x000007         Data  Gb  vregs.o [4]
?b8                     0x000008         Data  Gb  vregs.o [4]
?b9                     0x000009         Data  Gb  vregs.o [4]
?dc32_l0                0x00ab46         Code  Gb  dc_util.o [4]
?dc32_l1                0x00ab72         Code  Gb  dc_util.o [4]
?e0                     0x000001         Data  Gb  vregs.o [4]
?e1                     0x000005         Data  Gb  vregs.o [4]
?e2                     0x000009         Data  Gb  vregs.o [4]
?e3                     0x00000d         Data  Gb  vregs.o [4]
?epilogue_l2            0x009d88         Code  Gb  vreg_util.o [4]
?epilogue_l2_l3         0x009d84         Code  Gb  vreg_util.o [4]
?epilogue_l2_w6         0x009d8d         Code  Gb  vreg_util.o [4]
?epilogue_w4            0x009d96         Code  Gb  vreg_util.o [4]
?fadd32_l0_l0_dc32      0x008cf3         Code  Gb  float.o [4]
?fadd32_l0_l0_l1        0x008cf9         Code  Gb  float.o [4]
?fcastf32s16_l0_x       0x008faf         Code  Gb  float.o [4]
?fcastf32u16_l0_x       0x008fb6         Code  Gb  float.o [4]
?fcasts16f32_x_l0       0x008fd4         Code  Gb  float.o [4]
?fcmpeq32_c_0x_fzero    0x008f1f         Code  Gb  float.o [4]
?fcmpeq32_c_l0_0x       0x008f2a         Code  Gb  float.o [4]
?fcmpeq32_c_l0_fzero    0x008f1c         Code  Gb  float.o [4]
?fcmpeq32_c_l0_l1       0x008f27         Code  Gb  float.o [4]
?fcmpge32_c_l0_0x       0x008f52         Code  Gb  float.o [4]
?fcmpge32_c_l0_l1       0x008f4f         Code  Gb  float.o [4]
?fcmplt32_c_l0_0x       0x008f59         Code  Gb  float.o [4]
?fcmplt32_c_l0_l1       0x008f56         Code  Gb  float.o [4]
?fdiv32_l0_l0_dc32      0x008e68         Code  Gb  float.o [4]
?fdiv32_l0_l0_l1        0x008e6e         Code  Gb  float.o [4]
?fmul32_l0_l0_dc32      0x008dc7         Code  Gb  float.o [4]
?fmul32_l0_l0_l1        0x008dcd         Code  Gb  float.o [4]
?fsub32_l0_dc32_l1      0x008ce7         Code  Gb  float.o [4]
?fsub32_l0_l0_l1        0x008ced         Code  Gb  float.o [4]
?l0                     0x000000         Data  Gb  vregs.o [4]
?l1                     0x000004         Data  Gb  vregs.o [4]
?l2                     0x000008         Data  Gb  vregs.o [4]
?l3                     0x00000c         Data  Gb  vregs.o [4]
?load24_e1_0x           0x00b3de         Code  Gb  far_util.o [4]
?load32_0x_l0           0x00a5a2         Code  Gb  long_util.o [4]
?load32_0x_l3           0x00a5b0         Code  Gb  long_util.o [4]
?load32_l0_0x           0x00a540         Code  Gb  long_util.o [4]
?load32_l0_asp          0x00a534         Code  Gb  long_util.o [4]
?load32_l0_dbsp         0x00a526         Code  Gb  long_util.o [4]
?load32_l0_xsp          0x00a536         Code  Gb  long_util.o [4]
?load32_l1_0x           0x00a566         Code  Gb  long_util.o [4]
?load32_l1_asp          0x00a55a         Code  Gb  long_util.o [4]
?load32_l1_dbsp         0x00a54c         Code  Gb  long_util.o [4]
?load32_l1_xsp          0x00a55c         Code  Gb  long_util.o [4]
?load32_l2_0x           0x00a58c         Code  Gb  long_util.o [4]
?load32_l2_asp          0x00a580         Code  Gb  long_util.o [4]
?load32_l2_dbsp         0x00a572         Code  Gb  long_util.o [4]
?load32_l2_xsp          0x00a582         Code  Gb  long_util.o [4]
?load32_xsp_l0          0x00a598         Code  Gb  long_util.o [4]
?mov_e0_e1              0x009dac         Code  Gb  vreg_util.o [4]
?mov_e0_e2              0x009db9         Code  Gb  vreg_util.o [4]
?mov_e0_e3              0x009dc6         Code  Gb  vreg_util.o [4]
?mov_e1_e0              0x009dd3         Code  Gb  vreg_util.o [4]
?mov_e1_e2              0x009de0         Code  Gb  vreg_util.o [4]
?mov_e1_e3              0x009ded         Code  Gb  vreg_util.o [4]
?mov_e2_e0              0x009dfa         Code  Gb  vreg_util.o [4]
?mov_e3_e0              0x009e07         Code  Gb  vreg_util.o [4]
?mov_e3_e1              0x009e14         Code  Gb  vreg_util.o [4]
?mov_e3_e2              0x009e21         Code  Gb  vreg_util.o [4]
?mov_l0_l1              0x009da9         Code  Gb  vreg_util.o [4]
?mov_l0_l2              0x009db6         Code  Gb  vreg_util.o [4]
?mov_l0_l3              0x009dc3         Code  Gb  vreg_util.o [4]
?mov_l1_l0              0x009dd0         Code  Gb  vreg_util.o [4]
?mov_l1_l2              0x009ddd         Code  Gb  vreg_util.o [4]
?mov_l1_l3              0x009dea         Code  Gb  vreg_util.o [4]
?mov_l2_l0              0x009df7         Code  Gb  vreg_util.o [4]
?mov_l3_l0              0x009e04         Code  Gb  vreg_util.o [4]
?mov_l3_l1              0x009e11         Code  Gb  vreg_util.o [4]
?mov_l3_l2              0x009e1e         Code  Gb  vreg_util.o [4]
?mov_w1_w3              0x009daf         Code  Gb  vreg_util.o [4]
?mov_w1_w5              0x009dbc         Code  Gb  vreg_util.o [4]
?mov_w1_w7              0x009dc9         Code  Gb  vreg_util.o [4]
?mov_w2_w1              0x009d9b         Code  Gb  vreg_util.o [4]
?mov_w2_w3              0x009da2         Code  Gb  vreg_util.o [4]
?mov_w3_w1              0x009dd6         Code  Gb  vreg_util.o [4]
?mov_w3_w5              0x009de3         Code  Gb  vreg_util.o [4]
?mov_w3_w7              0x009df0         Code  Gb  vreg_util.o [4]
?mov_w5_w1              0x009dfd         Code  Gb  vreg_util.o [4]
?mov_w7_w1              0x009e0a         Code  Gb  vreg_util.o [4]
?mov_w7_w3              0x009e17         Code  Gb  vreg_util.o [4]
?mov_w7_w5              0x009e24         Code  Gb  vreg_util.o [4]
?mul16_x_x_w0           0x00ac97         Code  Gb  short.o [4]
?mul32_l0_l0_l1         0x009b9b         Code  Gb  long.o [4]
?or32_l0_l0_0x          0x009cae         Code  Gb  long.o [4]
?or32_l0_l0_l1          0x009cab         Code  Gb  long.o [4]
?pop_l0                 0x009d4c         Code  Gb  vreg_util.o [4]
?pop_l1                 0x009d57         Code  Gb  vreg_util.o [4]
?pop_l2                 0x009d62         Code  Gb  vreg_util.o [4]
?pop_l3                 0x009d6d         Code  Gb  vreg_util.o [4]
?pop_w4                 0x009cfd         Code  Gb  vreg_util.o [4]
?pop_w6                 0x009d04         Code  Gb  vreg_util.o [4]
?push_l0                0x009d17         Code  Gb  vreg_util.o [4]
?push_l1                0x009d1c         Code  Gb  vreg_util.o [4]
?push_l2                0x009d21         Code  Gb  vreg_util.o [4]
?push_l3                0x009d26         Code  Gb  vreg_util.o [4]
?push_w1                0x009cd7         Code  Gb  vreg_util.o [4]
?push_w4                0x009cdc         Code  Gb  vreg_util.o [4]
?push_w6                0x009ce1         Code  Gb  vreg_util.o [4]
?sdiv16_x_x_y           0x00acb5         Code  Gb  short.o [4]
?sll16_x_x_a            0x00acde         Code  Gb  short.o [4]
?sll32_0x_0x_a          0x009cc9         Code  Gb  long.o [4]
?sll32_l0_l0_a          0x009cc6         Code  Gb  long.o [4]
?smod16_y_x_y           0x00acce         Code  Gb  short.o [4]
?srl8_a_a_5             0x00b42d         Code  Gb  char.o [4]
?srl8_a_a_6             0x00b42c         Code  Gb  char.o [4]
?sub32_l0_l0_0x         0x009b83         Code  Gb  long.o [4]
?sub32_l0_l0_l1         0x009b80         Code  Gb  long.o [4]
?udiv32_l0_dl_l1        0x009c19         Code  Gb  long.o [4]
?udiv32_l0_l0_dl        0x009c1f         Code  Gb  long.o [4]
?udiv32_l0_l0_l1        0x009c23         Code  Gb  long.o [4]
?umod32_l1_l0_l1        0x009c23         Code  Gb  long.o [4]
?w0                     0x000000         Data  Gb  vregs.o [4]
?w1                     0x000002         Data  Gb  vregs.o [4]
?w2                     0x000004         Data  Gb  vregs.o [4]
?w3                     0x000006         Data  Gb  vregs.o [4]
?w4                     0x000008         Data  Gb  vregs.o [4]
?w5                     0x00000a         Data  Gb  vregs.o [4]
?w6                     0x00000c         Data  Gb  vregs.o [4]
?w7                     0x00000e         Data  Gb  vregs.o [4]
ADC1_IRQHandler         0x00b488    0x1  Code  Gb  stm8s_it.o [1]
AWU_IRQHandler          0x00b478    0x1  Code  Gb  stm8s_it.o [1]
BuddistColor_Handler    0x00b2d6   0x1b  Code  Gb  LedSync.o [1]
BuddistcolorCal         0x000014   0xfa  Data  Lc  LedSync.o [1]
Buddistcolor_bk         0x00a03e   0xfa  Data  Gb  LedSync.o [1]
CLK_Config              0x00b438    0x5  Code  Lc  main.o [1]
CLK_GetClockFreq        0x00aaee   0x58  Code  Gb  stm8s_clk.o [1]
CLK_HSIPrescalerConfig  0x00ae09   0x3e  Code  Gb  stm8s_clk.o [1]
CLK_IRQHandler          0x00b479    0x1  Code  Gb  stm8s_it.o [1]
CSTACK$$Base            0x000700          --   Gb  - Linker created -
CSTACK$$Limit           0x000800          --   Gb  - Linker created -
ChangeDevice            0x00a72b   0x6b  Code  Gb  Mp3Module.o [1]
ColorChange             0x00b2ba   0x1c  Code  Gb  LedSync.o [1]
ColorWave               0x00a46d   0xb9  Code  Gb  LedSync.o [1]
CurDevNUM               0x00013d    0x2  Data  Gb  key.o [1]
CurDevTotal             0x000135    0x2  Data  Gb  key.o [1]
CurrentEQ               0x000159    0x1  Data  Gb  key.o [1]
DS100MS_CNT             0x00b081   0x2b  Code  Gb  mylib.o [1]
DS100MS_CNT::counter100ms
                        0x000170    0x1  Data  Lc  mylib.o [1]
DS10MS_CNT              0x00b0ac   0x2a  Code  Gb  mylib.o [1]
DS10MS_CNT::counter10ms
                        0x00016f    0x1  Data  Lc  mylib.o [1]
DS2MS_CNT               0x00b1e7   0x21  Code  Gb  mylib.o [1]
DS2MS_CNT::counter2ms   0x00016e    0x1  Data  Lc  mylib.o [1]
DS500MS_CNT             0x00b3ad   0x11  Code  Gb  mylib.o [1]
DelayTime               0x00015d    0x1  Data  Gb  key.o [1]
DispModlueError         0x008240   0x14  Code  Gb  key.o [1]
DoSum                   0x00adc7   0x42  Code  Gb  Mp3Module.o [1]
EEPROM_EEC_IRQHandler   0x00b489    0x1  Code  Gb  stm8s_it.o [1]
EXTI_PORTA_IRQHandler   0x00b47a    0x1  Code  Gb  stm8s_it.o [1]
EXTI_PORTB_IRQHandler   0x00b47b    0x1  Code  Gb  stm8s_it.o [1]
EXTI_PORTC_IRQHandler   0x00b47c    0x1  Code  Gb  stm8s_it.o [1]
EXTI_PORTD_IRQHandler   0x00b47d    0x1  Code  Gb  stm8s_it.o [1]
EXTI_PORTE_IRQHandler   0x00b47e    0x1  Code  Gb  stm8s_it.o [1]
ExtendKey_Init          0x00b14f   0x27  Code  Gb  extendkeys.o [1]
FEEDBACK                0x00014f    0x1  Data  Gb  key.o [1]
FileNum                 0x00014d    0x1  Data  Lc  key.o [1]
FlashCurFile            0x000143    0x2  Data  Gb  key.o [1]
FlashTotal              0x00013b    0x2  Data  Gb  key.o [1]
FolderNum               0x00014c    0x1  Data  Lc  key.o [1]
GPIO_Config             0x00b3ec    0xd  Code  Lc  main.o [1]
GPIO_Init               0x009e2b  0x115  Code  Gb  stm8s_gpio.o [1]
GPIO_ReadInputPin       0x00b425    0x7  Code  Gb  stm8s_gpio.o [1]
GoInitDevice            0x00ae47   0x3b  Code  Gb  Mp3Module.o [1]
HSIDivFactor            0x00b466    0x4  Data  Gb  stm8s_clk.o [1]
I2C_IRQHandler          0x00b486    0x1  Code  Gb  stm8s_it.o [1]
INTVEC$$Base            0x008000          --   Gb  - Linker created -
INTVEC$$Limit           0x008080          --   Gb  - Linker created -
IWDG_ReloadCounter      0x00b43d    0x5  Code  Gb  stm8s_iwdg.o [1]
InputNumCnt             0x00014b    0x1  Data  Lc  key.o [1]
KeyScan                 0x0080ba   0x66  Code  Lc  key.o [1]
KeyScan::g_key_value    0x000161    0x1  Data  Lc  key.o [1]
Key_Init                0x00b442    0x4  Code  Gb  key.o [1]
LS_Init                 0x00a860   0x63  Code  Gb  LedSync.o [1]
MP3_Init                0x00ace6   0x4e  Code  Gb  Mp3Module.o [1]
MSG_FIFO                0x000010    0x1  Data  Lc  key.o [1]
MSG_Task                0x008254  0x501  Code  Gb  key.o [1]
MSG_Task::msg           0x000165    0x1  Data  Lc  key.o [1]
OnlineDevice            0x00015c    0x1  Data  Gb  key.o [1]
OutTimeCnt              0x000154    0x1  Data  Gb  key.o [1]
PlayDevice              0x00015b    0x1  Data  Gb  key.o [1]
PlayMode                0x00015a    0x1  Data  Gb  key.o [1]
PlayledCnt              0x000157    0x1  Data  Gb  key.o [1]
PlayledStatus           0x000158    0x1  Data  Gb  key.o [1]
PointFunc               0x00015f    0x1  Data  Gb  key.o [1]
PointPlayFolderNum      0x0081db   0x65  Code  Gb  key.o [1]
PointPlayFolderNum::InputCnt
                        0x000166    0x1  Data  Lc  key.o [1]
PointPlayNum            0x0081a7   0x34  Code  Gb  key.o [1]
QueryACKTime            0x000155    0x1  Data  Gb  key.o [1]
RAM_Init                0x00b229   0x21  Code  Gb  SystemInit.o [1]
RGB_Refresh             0x00aef6   0x2a  Code  Gb  WS2812B.o [1]
Read_Extend_Key         0x00b3be   0x10  Code  Gb  extendkeys.o [1]
Recv_buf                0x000118    0xa  Data  Lc  Mp3Module.o [1]
Region$$Table$$Base     0x00b24a          --   Gb  - Linker created -
Region$$Table$$Limit    0x00b25e          --   Gb  - Linker created -
ResendCount             0x000011    0x1  Data  Gb  key.o [1]
SPI_IRQHandler          0x00b47f    0x1  Code  Gb  stm8s_it.o [1]
SendCmd                 0x00aa3b   0x5b  Code  Gb  Mp3Module.o [1]
SendDataLen             0x00016b    0x1  Data  Lc  Mp3Module.o [1]
Send_buf                0x00010e    0xa  Data  Lc  Mp3Module.o [1]
Serial_init             0x00b48b    0x1  Code  Gb  SystemInit.o [1]
Status0                 0x00016c    0x1  Data  Gb  mylib.o [1]
Status1                 0x00016d    0x1  Data  Gb  mylib.o [1]
SysReturnTime           0x000156    0x1  Data  Gb  key.o [1]
System_Init             0x00ad82   0x45  Code  Gb  SystemInit.o [1]
System_Status           0x000153    0x1  Data  Gb  key.o [1]
TFCurFile               0x000141    0x2  Data  Gb  key.o [1]
TFTotal                 0x000139    0x2  Data  Gb  key.o [1]
TIM1_CAP_COM_IRQHandler
                        0x00b481    0x1  Code  Gb  stm8s_it.o [1]
TIM1_UPD_OVF_TRG_BRK_IRQHandler
                        0x00b480    0x1  Code  Gb  stm8s_it.o [1]
TIM2_CAP_COM_IRQHandler
                        0x00b483    0x1  Code  Gb  stm8s_it.o [1]
TIM2_UPD_OVF_BRK_IRQHandler
                        0x00b482    0x1  Code  Gb  stm8s_it.o [1]
TIM3_CAP_COM_IRQHandler
                        0x00b485    0x1  Code  Gb  stm8s_it.o [1]
TIM3_UPD_OVF_BRK_IRQHandler
                        0x00b484    0x1  Code  Gb  stm8s_it.o [1]
TIM4_ClearFlag          0x00b19d   0x25  Code  Gb  stm8s_tim4.o [1]
TIM4_ClearITPendingBit  0x00b1c2   0x25  Code  Gb  stm8s_tim4.o [1]
TIM4_Cmd                0x00af61   0x30  Code  Gb  stm8s_tim4.o [1]
TIM4_DeInit             0x00b326   0x19  Code  Gb  stm8s_tim4.o [1]
TIM4_ITConfig           0x00ab9e   0x55  Code  Gb  stm8s_tim4.o [1]
TIM4_TimeBaseInit       0x00abf3   0x54  Code  Gb  stm8s_tim4.o [1]
TIM4_UPD_OVF_IRQHandler
                        0x00b208   0x21  Code  Gb  stm8s_it.o [1]
TLI_IRQHandler          0x00b477    0x1  Code  Gb  stm8s_it.o [1]
TRAP_IRQHandler         0x00b476    0x1  Code  Gb  stm8s_it.o [1]
TimeBase_Config         0x00b0ff   0x20  Code  Lc  timebase.o [1]
TimeBase_Get10msSystemTimeDelta
                        0x00b44e    0x4  Code  Gb  timebase.o [1]
TimeBase_Get1msSystemTimeDelta
                        0x00b44a    0x4  Code  Gb  timebase.o [1]
TimeBase_HandleTimeBaseCouter
                        0x00a5be   0x7f  Code  Gb  timebase.o [1]
TimeBase_HandleTimeBaseCouter::uc10msBaseTime
                        0x000177    0x1  Data  Lc  timebase.o [1]
TimeBase_HandleTimeBaseCouter::uc1msBaseTime
                        0x000176    0x1  Data  Lc  timebase.o [1]
TimeBase_HandleTimeBaseCouter::ui100msBaseTime
                        0x000147    0x2  Data  Lc  timebase.o [1]
TimeBase_HandleTimeBaseCouter::ui1sBaseTime
                        0x000149    0x2  Data  Lc  timebase.o [1]
TimeBase_IncerementCounter_UPD_IRQ
                        0x00b41d    0x8  Code  Gb  timebase.o [1]
TimeBase_Init           0x00b11f    0x8  Code  Gb  timebase.o [1]
Time_Task               0x00a3ad   0xc0  Code  Gb  key.o [1]
Timer0_Init             0x00b48a    0x1  Code  Gb  SystemInit.o [1]
UART2_ClearITPendingBit
                        0x00ac47   0x50  Code  Gb  stm8s_uart2.o [1]
UART2_Cmd               0x00b3f9    0xd  Code  Gb  stm8s_uart2.o [1]
UART2_DeInit            0x00b0d6   0x29  Code  Gb  stm8s_uart2.o [1]
UART2_GetFlagStatus     0x00a215   0xd6  Code  Gb  stm8s_uart2.o [1]
UART2_ITConfig          0x009f40   0xfe  Code  Gb  stm8s_uart2.o [1]
UART2_Init              0x0095c3  0x248  Code  Gb  stm8s_uart2.o [1]
UART2_IrDACmd           0x00af91   0x30  Code  Gb  stm8s_uart2.o [1]
UART2_LINCmd            0x00afc1   0x30  Code  Gb  stm8s_uart2.o [1]
UART2_RX_IRQHandler     0x00b2f1   0x1b  Code  Gb  stm8s_it.o [1]
UART2_ReceiveData9      0x00b176   0x27  Code  Gb  stm8s_uart2.o [1]
UART2_SendData8         0x00b446    0x4  Code  Gb  stm8s_uart2.o [1]
UART2_SmartCardCmd      0x00aff1   0x30  Code  Gb  stm8s_uart2.o [1]
UART2_SmartCardNACKCmd  0x00b021   0x30  Code  Gb  stm8s_uart2.o [1]
UART2_TX_IRQHandler     0x00b487    0x1  Code  Gb  stm8s_it.o [1]
UDiskCurFile            0x00013f    0x2  Data  Gb  key.o [1]
UDiskTotal              0x000137    0x2  Data  Gb  key.o [1]
UartRecvACK             0x000151    0x1  Data  Gb  key.o [1]
UartRecvStatus          0x000150    0x1  Data  Gb  key.o [1]
UartRecv_100Ms          0x000152    0x1  Data  Gb  key.o [1]
Uart_Enable             0x00b456    0x4  Code  Gb  uart.o [1]
Uart_Init               0x00b33f   0x18  Code  Gb  uart.o [1]
Uart_ParameterConfig    0x00b452    0x4  Code  Gb  uart.o [1]
Uart_PutByte            0x00b3ce   0x10  Code  Gb  Mp3Module.o [1]
Uart_ReadByte_RX_IRQ    0x00a138   0xdd  Code  Gb  Mp3Module.o [1]
Uart_SendCMD            0x00a2eb   0x34  Code  Gb  Mp3Module.o [1]
Uart_SendData           0x00b45a    0x4  Code  Gb  uart.o [1]
Uart_Task               0x0099e6  0x19a  Code  Gb  Mp3Module.o [1]
Uart_communication      0x00a31f   0x8e  Code  Gb  Mp3Module.o [1]
Ws2812b_Configuration   0x00b39b   0x12  Code  Gb  WS2812B.o [1]
Ws2812b_Init            0x00af20    0xf  Code  Gb  WS2812B.o [1]
Ws2812b_Write           0x008755  0x574  Code  Gb  WS2812B.o [1]
__DebugBreak            0x00b48c    0x1  Code  Gb  __dbg_break.o [3]
__exit                  0x00b385   0x16  Code  Gb  __dbg_xxexit.o [3]
__iar_copy_init2        0x00b127         Code  Gb  init_small.o [4]
__iar_data_init2        0x00b27e   0x1e  Code  Gb  init.o [4]
__iar_program_start     0x00b36e         Code  Gb  cstartup.o [4]
__iar_unhandled_exception
                        0x00b471         Code  Gb  unhandled_exception.o [4]
__iar_zero_init2        0x00b29c         Code  Gb  init_small.o [4]
__intvec                0x008000         Data  Gb  interrupt.o [4]
__low_level_init        0x00b46e    0x3  Code  Gb  low_level_init.o [4]
_exit                   0x00b432         Code  Gb  cexit.o [4]
_interrupt_1            0x00b476         Code  Gb  stm8s_it.o [1]
_interrupt_12           0x00b47f         Code  Gb  stm8s_it.o [1]
_interrupt_13           0x00b480         Code  Gb  stm8s_it.o [1]
_interrupt_14           0x00b481         Code  Gb  stm8s_it.o [1]
_interrupt_15           0x00b482         Code  Gb  stm8s_it.o [1]
_interrupt_16           0x00b483         Code  Gb  stm8s_it.o [1]
_interrupt_17           0x00b484         Code  Gb  stm8s_it.o [1]
_interrupt_18           0x00b485         Code  Gb  stm8s_it.o [1]
_interrupt_2            0x00b477         Code  Gb  stm8s_it.o [1]
_interrupt_21           0x00b486         Code  Gb  stm8s_it.o [1]
_interrupt_22           0x00b487         Code  Gb  stm8s_it.o [1]
_interrupt_23           0x00b2f1         Code  Gb  stm8s_it.o [1]
_interrupt_24           0x00b488         Code  Gb  stm8s_it.o [1]
_interrupt_25           0x00b208         Code  Gb  stm8s_it.o [1]
_interrupt_26           0x00b489         Code  Gb  stm8s_it.o [1]
_interrupt_3            0x00b478         Code  Gb  stm8s_it.o [1]
_interrupt_4            0x00b479         Code  Gb  stm8s_it.o [1]
_interrupt_5            0x00b47a         Code  Gb  stm8s_it.o [1]
_interrupt_6            0x00b47b         Code  Gb  stm8s_it.o [1]
_interrupt_7            0x00b47c         Code  Gb  stm8s_it.o [1]
_interrupt_8            0x00b47d         Code  Gb  stm8s_it.o [1]
_interrupt_9            0x00b47e         Code  Gb  stm8s_it.o [1]
adkey_msg_16key_table   0x00b051   0x30  Data  Gb  key.o [1]
app_get_msg             0x008084   0x17  Code  Gb  key.o [1]
app_get_msg::msg        0x000160    0x1  Data  Lc  key.o [1]
asc_number              0x00b412    0xb  Data  Gb  mylib.o [1]
assert_failed           0x00b474    0x2  Code  Gb  main.o [1]
b                       0x000169    0x1  Data  Lc  LedSync.o [1]
bcd_number              0x000122    0x5  Data  Gb  mylib.o [1]
count_breath            0x000145    0x2  Data  Lc  LedSync.o [1]
counter1ms              0x00016a    0x1  Data  Lc  main.o [1]
do_2x4_amituofo         0x00a6b9   0x72  Code  Gb  LedSync.o [1]
do_4_amituofo           0x00a796   0x66  Code  Gb  LedSync.o [1]
do_amituofo             0x00a7fc   0x64  Code  Gb  LedSync.o [1]
do_colorcycle           0x00a63d   0x7c  Code  Gb  LedSync.o [1]
exit                    0x00b462    0x4  Code  Gb  exit.o [4]
g                       0x000168    0x1  Data  Lc  LedSync.o [1]
h                       0x000127    0x4  Data  Lc  LedSync.o [1]
hsv2rgb                 0x0090f7  0x274  Code  Gb  ColorConvert.o [1]
index_wave              0x00936b  0x258  Data  Gb  LedSync.o [1]
input_number            0x000133    0x2  Data  Gb  key.o [1]
input_vol               0x00015e    0x1  Data  Gb  key.o [1]
itoa1                   0x00b357   0x17  Code  Gb  mylib.o [1]
itoa2                   0x00af2f   0x32  Code  Gb  mylib.o [1]
itoa3                   0x00ae82   0x3b  Code  Gb  mylib.o [1]
itoa4                   0x00ad34   0x4e  Code  Gb  mylib.o [1]
key_filter              0x008120   0x28  Code  Lc  key.o [1]
key_filter::key_counter
                        0x000163    0x1  Data  Lc  key.o [1]
key_filter::old_key     0x000162    0x1  Data  Lc  key.o [1]
key_filter::used_key    0x000012    0x1  Data  Lc  key.o [1]
key_scan                0x008148   0x5f  Code  Gb  key.o [1]
key_scan::key_press_counter
                        0x000164    0x1  Data  Lc  key.o [1]
key_scan::last_key      0x000013    0x1  Data  Lc  key.o [1]
key_table               0x00b406    0xc  Data  Gb  key.o [1]
main                    0x00aa96   0x58  Code  Gb  main.o [1]
max                     0x00aebd   0x39  Code  Lc  ColorConvert.o [1]
memcpy                  0x00b25e   0x20  Code  Gb  memcpy.o [4]
min                     0x00b30c   0x1a  Code  Lc  ColorConvert.o [1]
music_msg_filter        0x00809b   0x1f  Code  Gb  key.o [1]
put_msg_lifo            0x008080    0x4  Code  Gb  key.o [1]
r                       0x000167    0x1  Data  Lc  LedSync.o [1]
rgb2hsv                 0x00980b  0x1db  Code  Gb  ColorConvert.o [1]
s                       0x00012b    0x4  Data  Lc  LedSync.o [1]
uc100msSystemTimeDelta  0x000174    0x1  Data  Lc  timebase.o [1]
uc10msSystemTimeDelta   0x000173    0x1  Data  Lc  timebase.o [1]
uc1msSystemTimeDelta    0x000172    0x1  Data  Lc  timebase.o [1]
uc1sSystemTimeDelta     0x000175    0x1  Data  Lc  timebase.o [1]
ucErrorStatus           0x00014e    0x1  Data  Gb  key.o [1]
ucSystemTime            0x000171    0x1  Data  Lc  timebase.o [1]
v                       0x00012f    0x4  Data  Lc  LedSync.o [1]


[1] = E:\01_WorkSpace\software\VSCODE\Lotus-main\Lotus-main\Project\Debug\Obj
[2] = command line
[3] = dbgstm8mmd.a
[4] = dlstm8mmn.a

  12 000 bytes of readonly  code memory
   1 453 bytes of readonly  data memory
     632 bytes of readwrite data memory

Errors: none
Warnings: none
