###############################################################################
#
# IAR ELF Linker V3.10.1.201 for STM8                     21/Apr/2021  14:35:53
# Copyright 2010-2017 IAR Systems AB.
#
#    Output file  =  
#        E:\01_WorkSpace\software\VSCODE\Lotus-main\Lotus-main\Project\Debug\Exe\lotus.out
#    Map file     =  
#        E:\01_WorkSpace\software\VSCODE\Lotus-main\Lotus-main\Project\Debug\List\lotus.map
#    Command line =  
#        -f C:\Users\sheol\AppData\Local\Temp\EWEBCF.tmp
#        (E:\01_WorkSpace\software\VSCODE\Lotus-main\Lotus-main\Project\Debug\Obj\ColorConvert.o
#        E:\01_WorkSpace\software\VSCODE\Lotus-main\Lotus-main\Project\Debug\Obj\extendkeys.o
#        E:\01_WorkSpace\software\VSCODE\Lotus-main\Lotus-main\Project\Debug\Obj\iwdg.o
#        E:\01_WorkSpace\software\VSCODE\Lotus-main\Lotus-main\Project\Debug\Obj\key.o
#        E:\01_WorkSpace\software\VSCODE\Lotus-main\Lotus-main\Project\Debug\Obj\LedSync.o
#        E:\01_WorkSpace\software\VSCODE\Lotus-main\Lotus-main\Project\Debug\Obj\main.o
#        E:\01_WorkSpace\software\VSCODE\Lotus-main\Lotus-main\Project\Debug\Obj\Mp3Module.o
#        E:\01_WorkSpace\software\VSCODE\Lotus-main\Lotus-main\Project\Debug\Obj\mylib.o
#        E:\01_WorkSpace\software\VSCODE\Lotus-main\Lotus-main\Project\Debug\Obj\stm8s_clk.o
#        E:\01_WorkSpace\software\VSCODE\Lotus-main\Lotus-main\Project\Debug\Obj\stm8s_gpio.o
#        E:\01_WorkSpace\software\VSCODE\Lotus-main\Lotus-main\Project\Debug\Obj\stm8s_it.o
#        E:\01_WorkSpace\software\VSCODE\Lotus-main\Lotus-main\Project\Debug\Obj\stm8s_iwdg.o
#        E:\01_WorkSpace\software\VSCODE\Lotus-main\Lotus-main\Project\Debug\Obj\stm8s_tim4.o
#        E:\01_WorkSpace\software\VSCODE\Lotus-main\Lotus-main\Project\Debug\Obj\stm8s_uart2.o
#        E:\01_WorkSpace\software\VSCODE\Lotus-main\Lotus-main\Project\Debug\Obj\SystemInit.o
#        E:\01_WorkSpace\software\VSCODE\Lotus-main\Lotus-main\Project\Debug\Obj\timebase.o
#        E:\01_WorkSpace\software\VSCODE\Lotus-main\Lotus-main\Project\Debug\Obj\uart.o
#        E:\01_WorkSpace\software\VSCODE\Lotus-main\Lotus-main\Project\Debug\Obj\WS2812B.o
#        --redirect _Printf=_PrintfFullNoMb --redirect _Scanf=_ScanfFullNoMb -o
#        E:\01_WorkSpace\software\VSCODE\Lotus-main\Lotus-main\Project\Debug\Exe\lotus.out
#        --map
#        E:\01_WorkSpace\software\VSCODE\Lotus-main\Lotus-main\Project\Debug\List\lotus.map
#        --config "D:\Program Files (x86)\IAR Systems\Embedded Workbench
#        8.0\stm8\config\lnkstm8s105k4.icf" --config_def _CSTACK_SIZE=0x100
#        --config_def _HEAP_SIZE=0x100 --entry __iar_program_start --debug_lib)
#
###############################################################################

*******************************************************************************
*** RUNTIME MODEL ATTRIBUTES
***

__SystemLibrary            = DLib
__code_model               = medium_or_large
__core                     = stm8
__data_model               = medium
__dlib_file_descriptor     = 0
__dlib_full_locale_support = 0
__rt_version               = 4


*******************************************************************************
*** PLACEMENT SUMMARY
***

"A0":  place at start of [0x000000-0x0000ff] { rw section .vregs };
"A1":  place at end of [0x000000-0x0007ff] { block CSTACK };
"P2":  place in [from 0x000000 to 0x0007ff] {
          block HEAP, rw section __DLIB_PERTHREAD, rw section .far.bss,
          rw section .far.data, rw section .far.noinit,
          rw section .far_func.textrw, rw section .huge.bss,
          rw section .huge.data, rw section .huge.noinit,
          rw section .huge_func.textrw, rw section .iar.dynexit,
          rw section .near.bss, rw section .near.data, rw section .near.noinit,
          rw section .near_func.textrw };
"A2":  place at start of [0x008000-0x00bfff] { block INTVEC };
"P3":  place in [from 0x008000 to 0x00bfff] {
          ro section __DLIB_PERTHREAD_init, ro section .far.data_init,
          ro section .far_func.textrw_init, ro section .huge.data_init,
          ro section .huge_func.textrw_init, ro section .iar.init_table,
          ro section .init_array, ro section .near.data_init,
          ro section .near.rodata, ro section .near_func.text,
          ro section .near_func.textrw_init, ro section .tiny.data_init,
          ro section .tiny.rodata_init };
"P4":  place in [from 0x008000 to 0x00bfff] {
          ro section .far.rodata, ro section .far_func.text };
"P5":  place in [from 0x008000 to 0x00bfff] {
          ro section .huge.rodata, ro section .huge_func.text };
do not initialize {
   rw section .eeprom.noinit, rw section .far.noinit, rw section .huge.noinit,
   rw section .near.noinit, rw section .tiny.noinit, rw section .vregs };
initialize by copy {
   rw section .far.bss, rw section .far.data, rw section .far_func.textrw,
   rw section .huge.bss, rw section .huge.data, rw section .huge_func.textrw,
   rw section .iar.dynexit, rw section .near.bss, rw section .near.data,
   rw section .near_func.textrw, rw section .tiny.bss, rw section .tiny.data,
   ro section .tiny.rodata };

  Section            Kind      Address    Size  Object
  -------            ----      -------    ----  ------
"A0":                                     0x10
  .vregs             uninit   0x000000    0x10  vregs.o [4]
                            - 0x000010    0x10

"P2", part 1 of 2:                         0x4
  P2-1                        0x000010     0x4  <Init block>
    .near.data       inited   0x000010     0x1  key.o [1]
    .near.data       inited   0x000011     0x1  key.o [1]
    .near.data       inited   0x000012     0x1  key.o [1]
    .near.data       inited   0x000013     0x1  key.o [1]
                            - 0x000014     0x4

"P2", part 2 of 2:                        0x68
  .near.bss          zero     0x000014     0xa  Mp3Module.o [1]
  .near.bss          zero     0x00001e     0xa  Mp3Module.o [1]
  .near.bss          zero     0x000028     0x5  mylib.o [1]
  .near.bss          zero     0x00002d     0x4  LedSync.o [1]
  .near.bss          zero     0x000031     0x4  LedSync.o [1]
  .near.bss          zero     0x000035     0x4  LedSync.o [1]
  .near.bss          zero     0x000039     0x2  key.o [1]
  .near.bss          zero     0x00003b     0x2  key.o [1]
  .near.bss          zero     0x00003d     0x2  key.o [1]
  .near.bss          zero     0x00003f     0x2  key.o [1]
  .near.bss          zero     0x000041     0x2  key.o [1]
  .near.bss          zero     0x000043     0x2  key.o [1]
  .near.bss          zero     0x000045     0x2  key.o [1]
  .near.bss          zero     0x000047     0x2  key.o [1]
  .near.bss          zero     0x000049     0x2  key.o [1]
  .near.bss          zero     0x00004b     0x2  timebase.o [1]
  .near.bss          zero     0x00004d     0x2  timebase.o [1]
  .near.bss          zero     0x00004f     0x1  key.o [1]
  .near.bss          zero     0x000050     0x1  key.o [1]
  .near.bss          zero     0x000051     0x1  key.o [1]
  .near.bss          zero     0x000052     0x1  key.o [1]
  .near.bss          zero     0x000053     0x1  key.o [1]
  .near.bss          zero     0x000054     0x1  key.o [1]
  .near.bss          zero     0x000055     0x1  key.o [1]
  .near.bss          zero     0x000056     0x1  key.o [1]
  .near.bss          zero     0x000057     0x1  key.o [1]
  .near.bss          zero     0x000058     0x1  key.o [1]
  .near.bss          zero     0x000059     0x1  key.o [1]
  .near.bss          zero     0x00005a     0x1  key.o [1]
  .near.bss          zero     0x00005b     0x1  key.o [1]
  .near.bss          zero     0x00005c     0x1  key.o [1]
  .near.bss          zero     0x00005d     0x1  key.o [1]
  .near.bss          zero     0x00005e     0x1  key.o [1]
  .near.bss          zero     0x00005f     0x1  key.o [1]
  .near.bss          zero     0x000060     0x1  key.o [1]
  .near.bss          zero     0x000061     0x1  key.o [1]
  .near.bss          zero     0x000062     0x1  key.o [1]
  .near.bss          zero     0x000063     0x1  key.o [1]
  .near.bss          zero     0x000064     0x1  key.o [1]
  .near.bss          zero     0x000065     0x1  key.o [1]
  .near.bss          zero     0x000066     0x1  key.o [1]
  .near.bss          zero     0x000067     0x1  key.o [1]
  .near.bss          zero     0x000068     0x1  key.o [1]
  .near.bss          zero     0x000069     0x1  key.o [1]
  .near.bss          zero     0x00006a     0x1  key.o [1]
  .near.bss          zero     0x00006b     0x1  LedSync.o [1]
  .near.bss          zero     0x00006c     0x1  LedSync.o [1]
  .near.bss          zero     0x00006d     0x1  LedSync.o [1]
  .near.bss          zero     0x00006e     0x1  main.o [1]
  .near.bss          zero     0x00006f     0x1  Mp3Module.o [1]
  .near.bss          zero     0x000070     0x1  mylib.o [1]
  .near.bss          zero     0x000071     0x1  mylib.o [1]
  .near.bss          zero     0x000072     0x1  mylib.o [1]
  .near.bss          zero     0x000073     0x1  mylib.o [1]
  .near.bss          zero     0x000074     0x1  mylib.o [1]
  .near.bss          zero     0x000075     0x1  timebase.o [1]
  .near.bss          zero     0x000076     0x1  timebase.o [1]
  .near.bss          zero     0x000077     0x1  timebase.o [1]
  .near.bss          zero     0x000078     0x1  timebase.o [1]
  .near.bss          zero     0x000079     0x1  timebase.o [1]
  .near.bss          zero     0x00007a     0x1  timebase.o [1]
  .near.bss          zero     0x00007b     0x1  timebase.o [1]
                            - 0x00007c    0x68

"A1":                                    0x100
  CSTACK                      0x000700   0x100  <Block>
    CSTACK           uninit   0x000700   0x100  <Block tail>
                            - 0x000800   0x100

"A2":                                     0x80
  INTVEC                      0x008000    0x80  <Block>
    .intvec          const    0x008000    0x80  interrupt.o [4]
                            - 0x008080    0x80

"P3-P5":                                0x2a75
  .far_func.text     ro code  0x008080   0x6d5  key.o [1]
  .far_func.text     ro code  0x008755   0x574  WS2812B.o [1]
  .far_func.text     ro code  0x008cc9   0x3ec  float.o [4]
  .far_func.text     ro code  0x0090b5   0x248  stm8s_uart2.o [1]
  .far_func.text     ro code  0x0092fd   0x1db  ColorConvert.o [1]
  .far_func.text     ro code  0x0094d8   0x19a  Mp3Module.o [1]
  .far_func.text     ro code  0x009672   0x13c  long.o [4]
  .far_func.text     ro code  0x0097ae   0x131  vreg_util.o [4]
  .far_func.text     ro code  0x0098df   0x115  stm8s_gpio.o [1]
  .far_func.text     ro code  0x0099f4    0xfe  stm8s_uart2.o [1]
  .far_func.text     ro code  0x009af2    0xdd  Mp3Module.o [1]
  .far_func.text     ro code  0x009bcf    0xd6  stm8s_uart2.o [1]
  .far_func.text     ro code  0x009ca5    0xc2  Mp3Module.o [1]
  .far_func.text     ro code  0x009d67    0xc0  key.o [1]
  .far_func.text     ro code  0x009e27    0x7f  timebase.o [1]
  .far_func.text     ro code  0x009ea6    0x72  long_util.o [4]
  .far_func.text     ro code  0x009f18    0x6b  Mp3Module.o [1]
  .far_func.text     ro code  0x009f83    0x63  main.o [1]
  .near.rodata       const    0x009fe6    0x5f  stm8s_uart2.o [1]
  .near.rodata       const    0x00a045    0x5e  stm8s_gpio.o [1]
  .near.rodata       const    0x00a0a3    0x5e  stm8s_tim4.o [1]
  .near.rodata       const    0x00a101    0x5d  stm8s_clk.o [1]
  .far_func.text     ro code  0x00a15e    0x5b  Mp3Module.o [1]
  .far_func.text     ro code  0x00a1b9    0x58  stm8s_clk.o [1]
  .far_func.text     ro code  0x00a211    0x58  dc_util.o [4]
  .far_func.text     ro code  0x00a269    0x55  stm8s_tim4.o [1]
  .far_func.text     ro code  0x00a2be    0x54  stm8s_tim4.o [1]
  .far_func.text     ro code  0x00a312    0x50  stm8s_uart2.o [1]
  .far_func.text     ro code  0x00a362    0x4e  Mp3Module.o [1]
  .far_func.text     ro code  0x00a3b0    0x4e  mylib.o [1]
  .far_func.text     ro code  0x00a3fe    0x45  SystemInit.o [1]
  .far_func.text     ro code  0x00a443    0x42  Mp3Module.o [1]
  .far_func.text     ro code  0x00a485    0x3e  stm8s_clk.o [1]
  .far_func.text     ro code  0x00a4c3    0x3b  Mp3Module.o [1]
  .far_func.text     ro code  0x00a4fe    0x3b  mylib.o [1]
  .far_func.text     ro code  0x00a539    0x39  ColorConvert.o [1]
  .far_func.text     ro code  0x00a572    0x39  WS2812B.o [1]
  .far_func.text     ro code  0x00a5ab    0x32  mylib.o [1]
  .far_func.text     ro code  0x00a5dd    0x30  stm8s_tim4.o [1]
  .far_func.text     ro code  0x00a60d    0x30  stm8s_uart2.o [1]
  .far_func.text     ro code  0x00a63d    0x30  stm8s_uart2.o [1]
  .far_func.text     ro code  0x00a66d    0x30  stm8s_uart2.o [1]
  .far_func.text     ro code  0x00a69d    0x30  stm8s_uart2.o [1]
  .near.rodata       const    0x00a6cd    0x30  key.o [1]
  .far_func.text     ro code  0x00a6fd    0x2b  mylib.o [1]
  .far_func.text     ro code  0x00a728    0x2a  mylib.o [1]
  .far_func.text     ro code  0x00a752    0x29  stm8s_uart2.o [1]
  .far_func.text     ro code  0x00a77b    0x28  timebase.o [1]
  .far_func.text     ro code  0x00a7a3    0x28  init_small.o [4]
  .far_func.text     ro code  0x00a7cb    0x27  extendkeys.o [1]
  .far_func.text     ro code  0x00a7f2    0x27  stm8s_uart2.o [1]
  .far_func.text     ro code  0x00a819    0x26  short.o [4]
  .far_func.text     ro code  0x00a83f    0x25  stm8s_tim4.o [1]
  .far_func.text     ro code  0x00a864    0x25  stm8s_tim4.o [1]
  .far_func.text     ro code  0x00a889    0x21  mylib.o [1]
  .far_func.text     ro code  0x00a8aa    0x21  stm8s_it.o [1]
  .far_func.text     ro code  0x00a8cb    0x21  SystemInit.o [1]
  .iar.init_table    const    0x00a8ec    0x14  - Linker created -
  .far_func.text     ro code  0x00a900    0x1e  init.o [4]
  .far_func.text     ro code  0x00a91e    0x1e  init_small.o [4]
  .far_func.text     ro code  0x00a93c    0x1d  LedSync.o [1]
  .far_func.text     ro code  0x00a959    0x1b  stm8s_it.o [1]
  .far_func.text     ro code  0x00a974    0x1a  ColorConvert.o [1]
  .far_func.text     ro code  0x00a98e    0x19  stm8s_tim4.o [1]
  .far_func.text     ro code  0x00a9a7    0x18  uart.o [1]
  .far_func.text     ro code  0x00a9bf    0x17  mylib.o [1]
  .far_func.text     ro code  0x00a9d6    0x17  cstartup.o [4]
  .far_func.text     ro code  0x00a9ed    0x16  __dbg_xxexit.o [3]
  .far_func.text     ro code  0x00aa03    0x12  WS2812B.o [1]
  .far_func.text     ro code  0x00aa15    0x11  mylib.o [1]
  .far_func.text     ro code  0x00aa26    0x10  extendkeys.o [1]
  .far_func.text     ro code  0x00aa36    0x10  Mp3Module.o [1]
  .far_func.text     ro code  0x00aa46     0xe  far_util.o [4]
  .far_func.text     ro code  0x00aa54     0xd  main.o [1]
  .far_func.text     ro code  0x00aa61     0xd  stm8s_uart2.o [1]
  .near.rodata       const    0x00aa6e     0xc  key.o [1]
  .near.rodata       const    0x00aa7a     0xb  mylib.o [1]
  .far_func.text     ro code  0x00aa85     0x8  timebase.o [1]
  .far_func.text     ro code  0x00aa8d     0x7  stm8s_gpio.o [1]
  .far_func.text     ro code  0x00aa94     0x6  char.o [4]
  .far_func.text     ro code  0x00aa9a     0x6  cexit.o [4]
  .far_func.text     ro code  0x00aaa0     0x5  main.o [1]
  .far_func.text     ro code  0x00aaa5     0x5  stm8s_iwdg.o [1]
  .far_func.text     ro code  0x00aaaa     0x4  key.o [1]
  .far_func.text     ro code  0x00aaae     0x4  stm8s_uart2.o [1]
  .far_func.text     ro code  0x00aab2     0x4  timebase.o [1]
  .far_func.text     ro code  0x00aab6     0x4  timebase.o [1]
  .far_func.text     ro code  0x00aaba     0x4  uart.o [1]
  .far_func.text     ro code  0x00aabe     0x4  uart.o [1]
  .far_func.text     ro code  0x00aac2     0x4  uart.o [1]
  .far_func.text     ro code  0x00aac6     0x4  interrupt.o [4]
  .far_func.text     ro code  0x00aaca     0x4  exit.o [4]
  .near.rodata       const    0x00aace     0x4  stm8s_clk.o [1]
  Initializer bytes  const    0x00aad2     0x4  <for P2-1>
  .far_func.text     ro code  0x00aad6     0x3  low_level_init.o [4]
  .far_func.text     ro code  0x00aad9     0x3  unhandled_exception.o [4]
  .far_func.text     ro code  0x00aadc     0x2  main.o [1]
  .far_func.text     ro code  0x00aade     0x1  stm8s_it.o [1]
  .far_func.text     ro code  0x00aadf     0x1  stm8s_it.o [1]
  .far_func.text     ro code  0x00aae0     0x1  stm8s_it.o [1]
  .far_func.text     ro code  0x00aae1     0x1  stm8s_it.o [1]
  .far_func.text     ro code  0x00aae2     0x1  stm8s_it.o [1]
  .far_func.text     ro code  0x00aae3     0x1  stm8s_it.o [1]
  .far_func.text     ro code  0x00aae4     0x1  stm8s_it.o [1]
  .far_func.text     ro code  0x00aae5     0x1  stm8s_it.o [1]
  .far_func.text     ro code  0x00aae6     0x1  stm8s_it.o [1]
  .far_func.text     ro code  0x00aae7     0x1  stm8s_it.o [1]
  .far_func.text     ro code  0x00aae8     0x1  stm8s_it.o [1]
  .far_func.text     ro code  0x00aae9     0x1  stm8s_it.o [1]
  .far_func.text     ro code  0x00aaea     0x1  stm8s_it.o [1]
  .far_func.text     ro code  0x00aaeb     0x1  stm8s_it.o [1]
  .far_func.text     ro code  0x00aaec     0x1  stm8s_it.o [1]
  .far_func.text     ro code  0x00aaed     0x1  stm8s_it.o [1]
  .far_func.text     ro code  0x00aaee     0x1  stm8s_it.o [1]
  .far_func.text     ro code  0x00aaef     0x1  stm8s_it.o [1]
  .far_func.text     ro code  0x00aaf0     0x1  stm8s_it.o [1]
  .far_func.text     ro code  0x00aaf1     0x1  stm8s_it.o [1]
  .far_func.text     ro code  0x00aaf2     0x1  SystemInit.o [1]
  .far_func.text     ro code  0x00aaf3     0x1  SystemInit.o [1]
  .far_func.text     ro code  0x00aaf4     0x1  __dbg_break.o [3]
                            - 0x00aaf5  0x2a75


*******************************************************************************
*** INIT TABLE
***

          Address   Size
          -------   ----
Zero (__iar_zero_init2)
    1 destination range, total size 0x68:
          0x000014  0x68

Copy (__iar_copy_init2)
    1 source range, total size 0x4:
          0x00aad2   0x4
    1 destination range, total size 0x4:
          0x000010   0x4



*******************************************************************************
*** MODULE SUMMARY
***

    Module                 ro code  ro data  rw data
    ------                 -------  -------  -------
E:\01_WorkSpace\software\VSCODE\Lotus-main\Lotus-main\Project\Debug\Obj: [1]
    ColorConvert.o             558
    LedSync.o                   29                15
    Mp3Module.o              1 242                21
    SystemInit.o               104
    WS2812B.o                1 471
    extendkeys.o                55
    key.o                    1 945       64       50
    main.o                     119                 1
    mylib.o                    345       11       10
    stm8s_clk.o                150       97
    stm8s_gpio.o               284       94
    stm8s_it.o                  80
    stm8s_iwdg.o                 5
    stm8s_tim4.o               316       94
    stm8s_uart2.o            1 421       95
    timebase.o                 183                11
    uart.o                      36
    ------------------------------------------------
    Total:                   8 343      455      108

command line: [2]
    ------------------------------------------------
    Total:

dbgstm8mmd.a: [3]
    __dbg_break.o                1
    __dbg_xxexit.o              22
    ------------------------------------------------
    Total:                      23

dlstm8mmn.a: [4]
    cexit.o                      6
    char.o                       6
    cstartup.o                  23
    dc_util.o                   88
    exit.o                       4
    far_util.o                  14
    float.o                  1 004
    init.o                      30
    init_small.o                70
    interrupt.o                  4      128
    long.o                     316
    long_util.o                114
    low_level_init.o             3
    short.o                     38
    unhandled_exception.o        3
    vreg_util.o                305
    vregs.o                                       16
    ------------------------------------------------
    Total:                   2 028      128       16

    Linker created                       20      256
----------------------------------------------------
    Grand Total:            10 394      603      380


*******************************************************************************
*** ENTRY LIST
***

Entry                    Address   Size  Type      Object
-----                    -------   ----  ----      ------
.iar.init_table$$Base   0x00a8ec          --   Gb  - Linker created -
.iar.init_table$$Limit  0x00a900          --   Gb  - Linker created -
?and32_l0_l0_0x         0x009785         Code  Gb  long.o [4]
?and32_l0_l0_l1         0x009782         Code  Gb  long.o [4]
?b0                     0x000000         Data  Gb  vregs.o [4]
?b1                     0x000001         Data  Gb  vregs.o [4]
?b10                    0x00000a         Data  Gb  vregs.o [4]
?b11                    0x00000b         Data  Gb  vregs.o [4]
?b12                    0x00000c         Data  Gb  vregs.o [4]
?b13                    0x00000d         Data  Gb  vregs.o [4]
?b14                    0x00000e         Data  Gb  vregs.o [4]
?b15                    0x00000f         Data  Gb  vregs.o [4]
?b2                     0x000002         Data  Gb  vregs.o [4]
?b3                     0x000003         Data  Gb  vregs.o [4]
?b4                     0x000004         Data  Gb  vregs.o [4]
?b5                     0x000005         Data  Gb  vregs.o [4]
?b6                     0x000006         Data  Gb  vregs.o [4]
?b7                     0x000007         Data  Gb  vregs.o [4]
?b8                     0x000008         Data  Gb  vregs.o [4]
?b9                     0x000009         Data  Gb  vregs.o [4]
?dc32_l0                0x00a211         Code  Gb  dc_util.o [4]
?dc32_l1                0x00a23d         Code  Gb  dc_util.o [4]
?e0                     0x000001         Data  Gb  vregs.o [4]
?e1                     0x000005         Data  Gb  vregs.o [4]
?e2                     0x000009         Data  Gb  vregs.o [4]
?e3                     0x00000d         Data  Gb  vregs.o [4]
?epilogue_l2            0x009853         Code  Gb  vreg_util.o [4]
?epilogue_l2_l3         0x00984f         Code  Gb  vreg_util.o [4]
?epilogue_w4            0x009858         Code  Gb  vreg_util.o [4]
?fadd32_l0_l0_dc32      0x008ced         Code  Gb  float.o [4]
?fadd32_l0_l0_l1        0x008cf3         Code  Gb  float.o [4]
?fcastf32u16_l0_x       0x008fa9         Code  Gb  float.o [4]
?fcmpeq32_c_0x_fzero    0x008f19         Code  Gb  float.o [4]
?fcmpeq32_c_l0_0x       0x008f24         Code  Gb  float.o [4]
?fcmpeq32_c_l0_fzero    0x008f16         Code  Gb  float.o [4]
?fcmpeq32_c_l0_l1       0x008f21         Code  Gb  float.o [4]
?fcmpge32_c_l0_0x       0x008f4c         Code  Gb  float.o [4]
?fcmpge32_c_l0_l1       0x008f49         Code  Gb  float.o [4]
?fcmplt32_c_l0_0x       0x008f53         Code  Gb  float.o [4]
?fcmplt32_c_l0_l1       0x008f50         Code  Gb  float.o [4]
?fdiv32_l0_l0_dc32      0x008e62         Code  Gb  float.o [4]
?fdiv32_l0_l0_l1        0x008e68         Code  Gb  float.o [4]
?fmul32_l0_l0_dc32      0x008dc1         Code  Gb  float.o [4]
?fmul32_l0_l0_l1        0x008dc7         Code  Gb  float.o [4]
?fsub32_l0_l0_l1        0x008ce7         Code  Gb  float.o [4]
?l0                     0x000000         Data  Gb  vregs.o [4]
?l1                     0x000004         Data  Gb  vregs.o [4]
?l2                     0x000008         Data  Gb  vregs.o [4]
?l3                     0x00000c         Data  Gb  vregs.o [4]
?load24_e1_0x           0x00aa46         Code  Gb  far_util.o [4]
?load32_0x_l0           0x009efc         Code  Gb  long_util.o [4]
?load32_0x_l3           0x009f0a         Code  Gb  long_util.o [4]
?load32_l0_0x           0x009ec0         Code  Gb  long_util.o [4]
?load32_l0_asp          0x009eb4         Code  Gb  long_util.o [4]
?load32_l0_dbsp         0x009ea6         Code  Gb  long_util.o [4]
?load32_l0_xsp          0x009eb6         Code  Gb  long_util.o [4]
?load32_l1_0x           0x009ee6         Code  Gb  long_util.o [4]
?load32_l1_asp          0x009eda         Code  Gb  long_util.o [4]
?load32_l1_dbsp         0x009ecc         Code  Gb  long_util.o [4]
?load32_l1_xsp          0x009edc         Code  Gb  long_util.o [4]
?load32_xsp_l0          0x009ef2         Code  Gb  long_util.o [4]
?mov_e0_e1              0x009860         Code  Gb  vreg_util.o [4]
?mov_e0_e2              0x00986d         Code  Gb  vreg_util.o [4]
?mov_e0_e3              0x00987a         Code  Gb  vreg_util.o [4]
?mov_e1_e0              0x009887         Code  Gb  vreg_util.o [4]
?mov_e1_e2              0x009894         Code  Gb  vreg_util.o [4]
?mov_e1_e3              0x0098a1         Code  Gb  vreg_util.o [4]
?mov_e2_e0              0x0098ae         Code  Gb  vreg_util.o [4]
?mov_e3_e0              0x0098bb         Code  Gb  vreg_util.o [4]
?mov_e3_e1              0x0098c8         Code  Gb  vreg_util.o [4]
?mov_e3_e2              0x0098d5         Code  Gb  vreg_util.o [4]
?mov_l0_l1              0x00985d         Code  Gb  vreg_util.o [4]
?mov_l0_l2              0x00986a         Code  Gb  vreg_util.o [4]
?mov_l0_l3              0x009877         Code  Gb  vreg_util.o [4]
?mov_l1_l0              0x009884         Code  Gb  vreg_util.o [4]
?mov_l1_l2              0x009891         Code  Gb  vreg_util.o [4]
?mov_l1_l3              0x00989e         Code  Gb  vreg_util.o [4]
?mov_l2_l0              0x0098ab         Code  Gb  vreg_util.o [4]
?mov_l3_l0              0x0098b8         Code  Gb  vreg_util.o [4]
?mov_l3_l1              0x0098c5         Code  Gb  vreg_util.o [4]
?mov_l3_l2              0x0098d2         Code  Gb  vreg_util.o [4]
?mov_w1_w3              0x009863         Code  Gb  vreg_util.o [4]
?mov_w1_w5              0x009870         Code  Gb  vreg_util.o [4]
?mov_w1_w7              0x00987d         Code  Gb  vreg_util.o [4]
?mov_w3_w1              0x00988a         Code  Gb  vreg_util.o [4]
?mov_w3_w5              0x009897         Code  Gb  vreg_util.o [4]
?mov_w3_w7              0x0098a4         Code  Gb  vreg_util.o [4]
?mov_w5_w1              0x0098b1         Code  Gb  vreg_util.o [4]
?mov_w7_w1              0x0098be         Code  Gb  vreg_util.o [4]
?mov_w7_w3              0x0098cb         Code  Gb  vreg_util.o [4]
?mov_w7_w5              0x0098d8         Code  Gb  vreg_util.o [4]
?mul16_x_x_w0           0x00a819         Code  Gb  short.o [4]
?mul32_l0_l0_l1         0x00968d         Code  Gb  long.o [4]
?pop_l0                 0x009817         Code  Gb  vreg_util.o [4]
?pop_l1                 0x009822         Code  Gb  vreg_util.o [4]
?pop_l2                 0x00982d         Code  Gb  vreg_util.o [4]
?pop_l3                 0x009838         Code  Gb  vreg_util.o [4]
?pop_w4                 0x0097cf         Code  Gb  vreg_util.o [4]
?push_l0                0x0097e2         Code  Gb  vreg_util.o [4]
?push_l1                0x0097e7         Code  Gb  vreg_util.o [4]
?push_l2                0x0097ec         Code  Gb  vreg_util.o [4]
?push_l3                0x0097f1         Code  Gb  vreg_util.o [4]
?push_w1                0x0097ae         Code  Gb  vreg_util.o [4]
?push_w4                0x0097b3         Code  Gb  vreg_util.o [4]
?sll16_x_x_a            0x00a837         Code  Gb  short.o [4]
?sll32_0x_0x_a          0x0097a0         Code  Gb  long.o [4]
?sll32_l0_l0_a          0x00979d         Code  Gb  long.o [4]
?srl8_a_a_5             0x00aa95         Code  Gb  char.o [4]
?srl8_a_a_6             0x00aa94         Code  Gb  char.o [4]
?sub32_l0_l0_0x         0x009675         Code  Gb  long.o [4]
?sub32_l0_l0_l1         0x009672         Code  Gb  long.o [4]
?udiv32_l0_dl_l1        0x00970b         Code  Gb  long.o [4]
?udiv32_l0_l0_dl        0x009711         Code  Gb  long.o [4]
?udiv32_l0_l0_l1        0x009715         Code  Gb  long.o [4]
?umod32_l1_l0_l1        0x009715         Code  Gb  long.o [4]
?w0                     0x000000         Data  Gb  vregs.o [4]
?w1                     0x000002         Data  Gb  vregs.o [4]
?w2                     0x000004         Data  Gb  vregs.o [4]
?w3                     0x000006         Data  Gb  vregs.o [4]
?w4                     0x000008         Data  Gb  vregs.o [4]
?w5                     0x00000a         Data  Gb  vregs.o [4]
?w6                     0x00000c         Data  Gb  vregs.o [4]
?w7                     0x00000e         Data  Gb  vregs.o [4]
ADC1_IRQHandler         0x00aaf0    0x1  Code  Gb  stm8s_it.o [1]
AWU_IRQHandler          0x00aae0    0x1  Code  Gb  stm8s_it.o [1]
CLK_Config              0x00aaa0    0x5  Code  Lc  main.o [1]
CLK_GetClockFreq        0x00a1b9   0x58  Code  Gb  stm8s_clk.o [1]
CLK_HSIPrescalerConfig  0x00a485   0x3e  Code  Gb  stm8s_clk.o [1]
CLK_IRQHandler          0x00aae1    0x1  Code  Gb  stm8s_it.o [1]
CSTACK$$Base            0x000700          --   Gb  - Linker created -
CSTACK$$Limit           0x000800          --   Gb  - Linker created -
ChangeDevice            0x009f18   0x6b  Code  Gb  Mp3Module.o [1]
CurDevNUM               0x000043    0x2  Data  Gb  key.o [1]
CurDevTotal             0x00003b    0x2  Data  Gb  key.o [1]
CurrentEQ               0x00005d    0x1  Data  Gb  key.o [1]
DS100MS_CNT             0x00a6fd   0x2b  Code  Gb  mylib.o [1]
DS100MS_CNT::counter100ms
                        0x000074    0x1  Data  Lc  mylib.o [1]
DS10MS_CNT              0x00a728   0x2a  Code  Gb  mylib.o [1]
DS10MS_CNT::counter10ms
                        0x000073    0x1  Data  Lc  mylib.o [1]
DS2MS_CNT               0x00a889   0x21  Code  Gb  mylib.o [1]
DS2MS_CNT::counter2ms   0x000072    0x1  Data  Lc  mylib.o [1]
DS500MS_CNT             0x00aa15   0x11  Code  Gb  mylib.o [1]
DelayTime               0x000061    0x1  Data  Gb  key.o [1]
DispModlueError         0x008240   0x14  Code  Gb  key.o [1]
DoSum                   0x00a443   0x42  Code  Gb  Mp3Module.o [1]
EEPROM_EEC_IRQHandler   0x00aaf1    0x1  Code  Gb  stm8s_it.o [1]
EXTI_PORTA_IRQHandler   0x00aae2    0x1  Code  Gb  stm8s_it.o [1]
EXTI_PORTB_IRQHandler   0x00aae3    0x1  Code  Gb  stm8s_it.o [1]
EXTI_PORTC_IRQHandler   0x00aae4    0x1  Code  Gb  stm8s_it.o [1]
EXTI_PORTD_IRQHandler   0x00aae5    0x1  Code  Gb  stm8s_it.o [1]
EXTI_PORTE_IRQHandler   0x00aae6    0x1  Code  Gb  stm8s_it.o [1]
ExtendKey_Init          0x00a7cb   0x27  Code  Gb  extendkeys.o [1]
FEEDBACK                0x000053    0x1  Data  Gb  key.o [1]
FileNum                 0x000051    0x1  Data  Lc  key.o [1]
FlashCurFile            0x000049    0x2  Data  Gb  key.o [1]
FlashTotal              0x000041    0x2  Data  Gb  key.o [1]
FolderNum               0x000050    0x1  Data  Lc  key.o [1]
GPIO_Config             0x00aa54    0xd  Code  Lc  main.o [1]
GPIO_Init               0x0098df  0x115  Code  Gb  stm8s_gpio.o [1]
GPIO_ReadInputPin       0x00aa8d    0x7  Code  Gb  stm8s_gpio.o [1]
GoInitDevice            0x00a4c3   0x3b  Code  Gb  Mp3Module.o [1]
HSIDivFactor            0x00aace    0x4  Data  Gb  stm8s_clk.o [1]
I2C_IRQHandler          0x00aaee    0x1  Code  Gb  stm8s_it.o [1]
INTVEC$$Base            0x008000          --   Gb  - Linker created -
INTVEC$$Limit           0x008080          --   Gb  - Linker created -
IWDG_ReloadCounter      0x00aaa5    0x5  Code  Gb  stm8s_iwdg.o [1]
InputNumCnt             0x00004f    0x1  Data  Lc  key.o [1]
KeyScan                 0x0080ba   0x66  Code  Lc  key.o [1]
KeyScan::g_key_value    0x000065    0x1  Data  Lc  key.o [1]
Key_Init                0x00aaaa    0x4  Code  Gb  key.o [1]
LS_Init                 0x00a93c   0x1d  Code  Gb  LedSync.o [1]
MP3_Init                0x00a362   0x4e  Code  Gb  Mp3Module.o [1]
MSG_FIFO                0x000010    0x1  Data  Lc  key.o [1]
MSG_Task                0x008254  0x501  Code  Gb  key.o [1]
MSG_Task::msg           0x000069    0x1  Data  Lc  key.o [1]
OnlineDevice            0x000060    0x1  Data  Gb  key.o [1]
OutTimeCnt              0x000058    0x1  Data  Gb  key.o [1]
PlayDevice              0x00005f    0x1  Data  Gb  key.o [1]
PlayMode                0x00005e    0x1  Data  Gb  key.o [1]
PlayledCnt              0x00005b    0x1  Data  Gb  key.o [1]
PlayledStatus           0x00005c    0x1  Data  Gb  key.o [1]
PointFunc               0x000063    0x1  Data  Gb  key.o [1]
PointPlayFolderNum      0x0081db   0x65  Code  Gb  key.o [1]
PointPlayFolderNum::InputCnt
                        0x00006a    0x1  Data  Lc  key.o [1]
PointPlayNum            0x0081a7   0x34  Code  Gb  key.o [1]
QueryACKTime            0x000059    0x1  Data  Gb  key.o [1]
RAM_Init                0x00a8cb   0x21  Code  Gb  SystemInit.o [1]
RGB_Refresh             0x00a572   0x2a  Code  Gb  WS2812B.o [1]
Read_Extend_Key         0x00aa26   0x10  Code  Gb  extendkeys.o [1]
Recv_buf                0x00001e    0xa  Data  Lc  Mp3Module.o [1]
Region$$Table$$Base     0x00a8ec          --   Gb  - Linker created -
Region$$Table$$Limit    0x00a900          --   Gb  - Linker created -
ResendCount             0x000011    0x1  Data  Gb  key.o [1]
SPI_IRQHandler          0x00aae7    0x1  Code  Gb  stm8s_it.o [1]
SendCmd                 0x00a15e   0x5b  Code  Gb  Mp3Module.o [1]
SendDataLen             0x00006f    0x1  Data  Lc  Mp3Module.o [1]
Send_buf                0x000014    0xa  Data  Lc  Mp3Module.o [1]
Serial_init             0x00aaf3    0x1  Code  Gb  SystemInit.o [1]
Status0                 0x000070    0x1  Data  Gb  mylib.o [1]
Status1                 0x000071    0x1  Data  Gb  mylib.o [1]
SysReturnTime           0x00005a    0x1  Data  Gb  key.o [1]
System_Init             0x00a3fe   0x45  Code  Gb  SystemInit.o [1]
System_Status           0x000057    0x1  Data  Gb  key.o [1]
TFCurFile               0x000047    0x2  Data  Gb  key.o [1]
TFTotal                 0x00003f    0x2  Data  Gb  key.o [1]
TIM1_CAP_COM_IRQHandler
                        0x00aae9    0x1  Code  Gb  stm8s_it.o [1]
TIM1_UPD_OVF_TRG_BRK_IRQHandler
                        0x00aae8    0x1  Code  Gb  stm8s_it.o [1]
TIM2_CAP_COM_IRQHandler
                        0x00aaeb    0x1  Code  Gb  stm8s_it.o [1]
TIM2_UPD_OVF_BRK_IRQHandler
                        0x00aaea    0x1  Code  Gb  stm8s_it.o [1]
TIM3_CAP_COM_IRQHandler
                        0x00aaed    0x1  Code  Gb  stm8s_it.o [1]
TIM3_UPD_OVF_BRK_IRQHandler
                        0x00aaec    0x1  Code  Gb  stm8s_it.o [1]
TIM4_ClearFlag          0x00a83f   0x25  Code  Gb  stm8s_tim4.o [1]
TIM4_ClearITPendingBit  0x00a864   0x25  Code  Gb  stm8s_tim4.o [1]
TIM4_Cmd                0x00a5dd   0x30  Code  Gb  stm8s_tim4.o [1]
TIM4_DeInit             0x00a98e   0x19  Code  Gb  stm8s_tim4.o [1]
TIM4_ITConfig           0x00a269   0x55  Code  Gb  stm8s_tim4.o [1]
TIM4_TimeBaseInit       0x00a2be   0x54  Code  Gb  stm8s_tim4.o [1]
TIM4_UPD_OVF_IRQHandler
                        0x00a8aa   0x21  Code  Gb  stm8s_it.o [1]
TLI_IRQHandler          0x00aadf    0x1  Code  Gb  stm8s_it.o [1]
TRAP_IRQHandler         0x00aade    0x1  Code  Gb  stm8s_it.o [1]
TimeBase_Config         0x00a77b   0x20  Code  Lc  timebase.o [1]
TimeBase_Get1msSystemTimeDelta
                        0x00aab2    0x4  Code  Gb  timebase.o [1]
TimeBase_Get1sSystemTimeDelta
                        0x00aab6    0x4  Code  Gb  timebase.o [1]
TimeBase_HandleTimeBaseCouter
                        0x009e27   0x7f  Code  Gb  timebase.o [1]
TimeBase_HandleTimeBaseCouter::uc10msBaseTime
                        0x00007b    0x1  Data  Lc  timebase.o [1]
TimeBase_HandleTimeBaseCouter::uc1msBaseTime
                        0x00007a    0x1  Data  Lc  timebase.o [1]
TimeBase_HandleTimeBaseCouter::ui1sBaseTime
                        0x00004d    0x2  Data  Lc  timebase.o [1]
TimeBase_HandleTimeBaseCouter::ui250msBaseTime
                        0x00004b    0x2  Data  Lc  timebase.o [1]
TimeBase_IncerementCounter_UPD_IRQ
                        0x00aa85    0x8  Code  Gb  timebase.o [1]
TimeBase_Init           0x00a79b    0x8  Code  Gb  timebase.o [1]
Time_Task               0x009d67   0xc0  Code  Gb  key.o [1]
Timer0_Init             0x00aaf2    0x1  Code  Gb  SystemInit.o [1]
UART2_ClearITPendingBit
                        0x00a312   0x50  Code  Gb  stm8s_uart2.o [1]
UART2_Cmd               0x00aa61    0xd  Code  Gb  stm8s_uart2.o [1]
UART2_DeInit            0x00a752   0x29  Code  Gb  stm8s_uart2.o [1]
UART2_GetFlagStatus     0x009bcf   0xd6  Code  Gb  stm8s_uart2.o [1]
UART2_ITConfig          0x0099f4   0xfe  Code  Gb  stm8s_uart2.o [1]
UART2_Init              0x0090b5  0x248  Code  Gb  stm8s_uart2.o [1]
UART2_IrDACmd           0x00a60d   0x30  Code  Gb  stm8s_uart2.o [1]
UART2_LINCmd            0x00a63d   0x30  Code  Gb  stm8s_uart2.o [1]
UART2_RX_IRQHandler     0x00a959   0x1b  Code  Gb  stm8s_it.o [1]
UART2_ReceiveData9      0x00a7f2   0x27  Code  Gb  stm8s_uart2.o [1]
UART2_SendData8         0x00aaae    0x4  Code  Gb  stm8s_uart2.o [1]
UART2_SmartCardCmd      0x00a66d   0x30  Code  Gb  stm8s_uart2.o [1]
UART2_SmartCardNACKCmd  0x00a69d   0x30  Code  Gb  stm8s_uart2.o [1]
UART2_TX_IRQHandler     0x00aaef    0x1  Code  Gb  stm8s_it.o [1]
UDiskCurFile            0x000045    0x2  Data  Gb  key.o [1]
UDiskTotal              0x00003d    0x2  Data  Gb  key.o [1]
UartRecvACK             0x000055    0x1  Data  Gb  key.o [1]
UartRecvStatus          0x000054    0x1  Data  Gb  key.o [1]
UartRecv_100Ms          0x000056    0x1  Data  Gb  key.o [1]
Uart_Enable             0x00aabe    0x4  Code  Gb  uart.o [1]
Uart_Init               0x00a9a7   0x18  Code  Gb  uart.o [1]
Uart_ParameterConfig    0x00aaba    0x4  Code  Gb  uart.o [1]
Uart_PutByte            0x00aa36   0x10  Code  Gb  Mp3Module.o [1]
Uart_ReadByte_RX_IRQ    0x009af2   0xdd  Code  Gb  Mp3Module.o [1]
Uart_SendCMD            0x009ca5   0x34  Code  Gb  Mp3Module.o [1]
Uart_SendData           0x00aac2    0x4  Code  Gb  uart.o [1]
Uart_Task               0x0094d8  0x19a  Code  Gb  Mp3Module.o [1]
Uart_communication      0x009cd9   0x8e  Code  Gb  Mp3Module.o [1]
Ws2812b_Configuration   0x00aa03   0x12  Code  Gb  WS2812B.o [1]
Ws2812b_Init            0x00a59c    0xf  Code  Gb  WS2812B.o [1]
Ws2812b_Write           0x008755  0x574  Code  Gb  WS2812B.o [1]
__DebugBreak            0x00aaf4    0x1  Code  Gb  __dbg_break.o [3]
__exit                  0x00a9ed   0x16  Code  Gb  __dbg_xxexit.o [3]
__iar_copy_init2        0x00a7a3         Code  Gb  init_small.o [4]
__iar_data_init2        0x00a900   0x1e  Code  Gb  init.o [4]
__iar_program_start     0x00a9d6         Code  Gb  cstartup.o [4]
__iar_unhandled_exception
                        0x00aad9         Code  Gb  unhandled_exception.o [4]
__iar_zero_init2        0x00a91e         Code  Gb  init_small.o [4]
__intvec                0x008000         Data  Gb  interrupt.o [4]
__low_level_init        0x00aad6    0x3  Code  Gb  low_level_init.o [4]
_exit                   0x00aa9a         Code  Gb  cexit.o [4]
_interrupt_1            0x00aade         Code  Gb  stm8s_it.o [1]
_interrupt_12           0x00aae7         Code  Gb  stm8s_it.o [1]
_interrupt_13           0x00aae8         Code  Gb  stm8s_it.o [1]
_interrupt_14           0x00aae9         Code  Gb  stm8s_it.o [1]
_interrupt_15           0x00aaea         Code  Gb  stm8s_it.o [1]
_interrupt_16           0x00aaeb         Code  Gb  stm8s_it.o [1]
_interrupt_17           0x00aaec         Code  Gb  stm8s_it.o [1]
_interrupt_18           0x00aaed         Code  Gb  stm8s_it.o [1]
_interrupt_2            0x00aadf         Code  Gb  stm8s_it.o [1]
_interrupt_21           0x00aaee         Code  Gb  stm8s_it.o [1]
_interrupt_22           0x00aaef         Code  Gb  stm8s_it.o [1]
_interrupt_23           0x00a959         Code  Gb  stm8s_it.o [1]
_interrupt_24           0x00aaf0         Code  Gb  stm8s_it.o [1]
_interrupt_25           0x00a8aa         Code  Gb  stm8s_it.o [1]
_interrupt_26           0x00aaf1         Code  Gb  stm8s_it.o [1]
_interrupt_3            0x00aae0         Code  Gb  stm8s_it.o [1]
_interrupt_4            0x00aae1         Code  Gb  stm8s_it.o [1]
_interrupt_5            0x00aae2         Code  Gb  stm8s_it.o [1]
_interrupt_6            0x00aae3         Code  Gb  stm8s_it.o [1]
_interrupt_7            0x00aae4         Code  Gb  stm8s_it.o [1]
_interrupt_8            0x00aae5         Code  Gb  stm8s_it.o [1]
_interrupt_9            0x00aae6         Code  Gb  stm8s_it.o [1]
adkey_msg_16key_table   0x00a6cd   0x30  Data  Gb  key.o [1]
app_get_msg             0x008084   0x17  Code  Gb  key.o [1]
app_get_msg::msg        0x000064    0x1  Data  Lc  key.o [1]
asc_number              0x00aa7a    0xb  Data  Gb  mylib.o [1]
assert_failed           0x00aadc    0x2  Code  Gb  main.o [1]
b                       0x00006d    0x1  Data  Lc  LedSync.o [1]
bcd_number              0x000028    0x5  Data  Gb  mylib.o [1]
counter1ms              0x00006e    0x1  Data  Lc  main.o [1]
exit                    0x00aaca    0x4  Code  Gb  exit.o [4]
g                       0x00006c    0x1  Data  Lc  LedSync.o [1]
h                       0x00002d    0x4  Data  Lc  LedSync.o [1]
input_number            0x000039    0x2  Data  Gb  key.o [1]
input_vol               0x000062    0x1  Data  Gb  key.o [1]
itoa1                   0x00a9bf   0x17  Code  Gb  mylib.o [1]
itoa2                   0x00a5ab   0x32  Code  Gb  mylib.o [1]
itoa3                   0x00a4fe   0x3b  Code  Gb  mylib.o [1]
itoa4                   0x00a3b0   0x4e  Code  Gb  mylib.o [1]
key_filter              0x008120   0x28  Code  Lc  key.o [1]
key_filter::key_counter
                        0x000067    0x1  Data  Lc  key.o [1]
key_filter::old_key     0x000066    0x1  Data  Lc  key.o [1]
key_filter::used_key    0x000012    0x1  Data  Lc  key.o [1]
key_scan                0x008148   0x5f  Code  Gb  key.o [1]
key_scan::key_press_counter
                        0x000068    0x1  Data  Lc  key.o [1]
key_scan::last_key      0x000013    0x1  Data  Lc  key.o [1]
key_table               0x00aa6e    0xc  Data  Gb  key.o [1]
main                    0x009f83   0x63  Code  Gb  main.o [1]
max                     0x00a539   0x39  Code  Lc  ColorConvert.o [1]
min                     0x00a974   0x1a  Code  Lc  ColorConvert.o [1]
music_msg_filter        0x00809b   0x1f  Code  Gb  key.o [1]
put_msg_lifo            0x008080    0x4  Code  Gb  key.o [1]
r                       0x00006b    0x1  Data  Lc  LedSync.o [1]
rgb2hsv                 0x0092fd  0x1db  Code  Gb  ColorConvert.o [1]
s                       0x000031    0x4  Data  Lc  LedSync.o [1]
uc10msSystemTimeDelta   0x000077    0x1  Data  Lc  timebase.o [1]
uc1msSystemTimeDelta    0x000076    0x1  Data  Lc  timebase.o [1]
uc1sSystemTimeDelta     0x000079    0x1  Data  Lc  timebase.o [1]
uc250msSystemTimeDelta  0x000078    0x1  Data  Lc  timebase.o [1]
ucErrorStatus           0x000052    0x1  Data  Gb  key.o [1]
ucSystemTime            0x000075    0x1  Data  Lc  timebase.o [1]
v                       0x000035    0x4  Data  Lc  LedSync.o [1]


[1] = E:\01_WorkSpace\software\VSCODE\Lotus-main\Lotus-main\Project\Debug\Obj
[2] = command line
[3] = dbgstm8mmd.a
[4] = dlstm8mmn.a

  10 394 bytes of readonly  code memory
     603 bytes of readonly  data memory
     380 bytes of readwrite data memory

Errors: none
Warnings: none
