###############################################################################
#
# IAR ELF Linker V3.10.1.201 for STM8                     21/Apr/2021  12:36:58
# Copyright 2010-2017 IAR Systems AB.
#
#    Output file  =  
#        E:\01_WorkSpace\software\VSCODE\Lotus-main\Lotus-main\Project\Debug\Exe\lotus.out
#    Map file     =  
#        E:\01_WorkSpace\software\VSCODE\Lotus-main\Lotus-main\Project\Debug\List\lotus.map
#    Command line =  
#        -f C:\Users\sheol\AppData\Local\Temp\EW45C.tmp
#        (E:\01_WorkSpace\software\VSCODE\Lotus-main\Lotus-main\Project\Debug\Obj\ColorConvert.o
#        E:\01_WorkSpace\software\VSCODE\Lotus-main\Lotus-main\Project\Debug\Obj\iwdg.o
#        E:\01_WorkSpace\software\VSCODE\Lotus-main\Lotus-main\Project\Debug\Obj\key.o
#        E:\01_WorkSpace\software\VSCODE\Lotus-main\Lotus-main\Project\Debug\Obj\LedSync.o
#        E:\01_WorkSpace\software\VSCODE\Lotus-main\Lotus-main\Project\Debug\Obj\main.o
#        E:\01_WorkSpace\software\VSCODE\Lotus-main\Lotus-main\Project\Debug\Obj\Mp3Module.o
#        E:\01_WorkSpace\software\VSCODE\Lotus-main\Lotus-main\Project\Debug\Obj\mylib.o
#        E:\01_WorkSpace\software\VSCODE\Lotus-main\Lotus-main\Project\Debug\Obj\stm8s_clk.o
#        E:\01_WorkSpace\software\VSCODE\Lotus-main\Lotus-main\Project\Debug\Obj\stm8s_gpio.o
#        E:\01_WorkSpace\software\VSCODE\Lotus-main\Lotus-main\Project\Debug\Obj\stm8s_it.o
#        E:\01_WorkSpace\software\VSCODE\Lotus-main\Lotus-main\Project\Debug\Obj\stm8s_iwdg.o
#        E:\01_WorkSpace\software\VSCODE\Lotus-main\Lotus-main\Project\Debug\Obj\stm8s_tim4.o
#        E:\01_WorkSpace\software\VSCODE\Lotus-main\Lotus-main\Project\Debug\Obj\stm8s_uart2.o
#        E:\01_WorkSpace\software\VSCODE\Lotus-main\Lotus-main\Project\Debug\Obj\SystemInit.o
#        E:\01_WorkSpace\software\VSCODE\Lotus-main\Lotus-main\Project\Debug\Obj\timebase.o
#        E:\01_WorkSpace\software\VSCODE\Lotus-main\Lotus-main\Project\Debug\Obj\uart.o
#        E:\01_WorkSpace\software\VSCODE\Lotus-main\Lotus-main\Project\Debug\Obj\WS2812B.o
#        --redirect _Printf=_PrintfFullNoMb --redirect _Scanf=_ScanfFullNoMb -o
#        E:\01_WorkSpace\software\VSCODE\Lotus-main\Lotus-main\Project\Debug\Exe\lotus.out
#        --map
#        E:\01_WorkSpace\software\VSCODE\Lotus-main\Lotus-main\Project\Debug\List\lotus.map
#        --config "D:\Program Files (x86)\IAR Systems\Embedded Workbench
#        8.0\stm8\config\lnkstm8s105k4.icf" --config_def _CSTACK_SIZE=0x100
#        --config_def _HEAP_SIZE=0x100 --entry __iar_program_start --debug_lib)
#
###############################################################################

*******************************************************************************
*** RUNTIME MODEL ATTRIBUTES
***

__SystemLibrary            = DLib
__code_model               = medium_or_large
__core                     = stm8
__data_model               = medium
__dlib_file_descriptor     = 0
__dlib_full_locale_support = 0
__rt_version               = 4


*******************************************************************************
*** PLACEMENT SUMMARY
***

"A0":  place at start of [0x000000-0x0000ff] { rw section .vregs };
"A1":  place at end of [0x000000-0x0007ff] { block CSTACK };
"P2":  place in [from 0x000000 to 0x0007ff] {
          block HEAP, rw section __DLIB_PERTHREAD, rw section .far.bss,
          rw section .far.data, rw section .far.noinit,
          rw section .far_func.textrw, rw section .huge.bss,
          rw section .huge.data, rw section .huge.noinit,
          rw section .huge_func.textrw, rw section .iar.dynexit,
          rw section .near.bss, rw section .near.data, rw section .near.noinit,
          rw section .near_func.textrw };
"A2":  place at start of [0x008000-0x00bfff] { block INTVEC };
"P3":  place in [from 0x008000 to 0x00bfff] {
          ro section __DLIB_PERTHREAD_init, ro section .far.data_init,
          ro section .far_func.textrw_init, ro section .huge.data_init,
          ro section .huge_func.textrw_init, ro section .iar.init_table,
          ro section .init_array, ro section .near.data_init,
          ro section .near.rodata, ro section .near_func.text,
          ro section .near_func.textrw_init, ro section .tiny.data_init,
          ro section .tiny.rodata_init };
"P4":  place in [from 0x008000 to 0x00bfff] {
          ro section .far.rodata, ro section .far_func.text };
"P5":  place in [from 0x008000 to 0x00bfff] {
          ro section .huge.rodata, ro section .huge_func.text };
do not initialize {
   rw section .eeprom.noinit, rw section .far.noinit, rw section .huge.noinit,
   rw section .near.noinit, rw section .tiny.noinit, rw section .vregs };
initialize by copy {
   rw section .far.bss, rw section .far.data, rw section .far_func.textrw,
   rw section .huge.bss, rw section .huge.data, rw section .huge_func.textrw,
   rw section .iar.dynexit, rw section .near.bss, rw section .near.data,
   rw section .near_func.textrw, rw section .tiny.bss, rw section .tiny.data,
   ro section .tiny.rodata };

  Section            Kind      Address    Size  Object
  -------            ----      -------    ----  ------
"A0":                                     0x10
  .vregs             uninit   0x000000    0x10  vregs.o [4]
                            - 0x000010    0x10

"P2", part 1 of 2:                         0x1
  P2-1                        0x000010     0x1  <Init block>
    .near.data       inited   0x000010     0x1  key.o [1]
                            - 0x000011     0x1

"P2", part 2 of 2:                        0x34
  .near.bss          zero     0x000011     0x5  mylib.o [1]
  .near.bss          zero     0x000016     0x4  LedSync.o [1]
  .near.bss          zero     0x00001a     0x4  LedSync.o [1]
  .near.bss          zero     0x00001e     0x4  LedSync.o [1]
  .near.bss          zero     0x000022     0x4  LedSync.o [1]
  .near.bss          zero     0x000026     0x4  LedSync.o [1]
  .near.bss          zero     0x00002a     0x4  LedSync.o [1]
  .near.bss          zero     0x00002e     0x2  LedSync.o [1]
  .near.bss          zero     0x000030     0x2  timebase.o [1]
  .near.bss          zero     0x000032     0x2  timebase.o [1]
  .near.bss          zero     0x000034     0x1  key.o [1]
  .near.bss          zero     0x000035     0x1  key.o [1]
  .near.bss          zero     0x000036     0x1  key.o [1]
  .near.bss          zero     0x000037     0x1  key.o [1]
  .near.bss          zero     0x000038     0x1  key.o [1]
  .near.bss          zero     0x000039     0x1  LedSync.o [1]
  .near.bss          zero     0x00003a     0x1  LedSync.o [1]
  .near.bss          zero     0x00003b     0x1  LedSync.o [1]
  .near.bss          zero     0x00003c     0x1  mylib.o [1]
  .near.bss          zero     0x00003d     0x1  mylib.o [1]
  .near.bss          zero     0x00003e     0x1  timebase.o [1]
  .near.bss          zero     0x00003f     0x1  timebase.o [1]
  .near.bss          zero     0x000040     0x1  timebase.o [1]
  .near.bss          zero     0x000041     0x1  timebase.o [1]
  .near.bss          zero     0x000042     0x1  timebase.o [1]
  .near.bss          zero     0x000043     0x1  timebase.o [1]
  .near.bss          zero     0x000044     0x1  timebase.o [1]
                            - 0x000045    0x34

"A1":                                    0x100
  CSTACK                      0x000700   0x100  <Block>
    CSTACK           uninit   0x000700   0x100  <Block tail>
                            - 0x000800   0x100

"A2":                                     0x80
  INTVEC                      0x008000    0x80  <Block>
    .intvec          const    0x008000    0x80  interrupt.o [4]
                            - 0x008080    0x80

"P3-P5":                                0x2026
  .far_func.text     ro code  0x008080   0x519  WS2812B.o [1]
  .far_func.text     ro code  0x008599   0x42e  float.o [4]
  .far_func.text     ro code  0x0089c7   0x263  ColorConvert.o [1]
  .near.rodata       const    0x008c2a   0x258  LedSync.o [1]
  .far_func.text     ro code  0x008e82   0x212  stm8s_uart2.o [1]
  .far_func.text     ro code  0x009094   0x1bd  ColorConvert.o [1]
  .far_func.text     ro code  0x009251   0x157  long.o [4]
  .far_func.text     ro code  0x0093a8   0x131  vreg_util.o [4]
  .far_func.text     ro code  0x0094d9    0xdb  stm8s_uart2.o [1]
  .far_func.text     ro code  0x0095b4    0xce  stm8s_gpio.o [1]
  .far_func.text     ro code  0x009682    0xae  LedSync.o [1]
  .far_func.text     ro code  0x009730    0xa6  long_util.o [4]
  .far_func.text     ro code  0x0097d6    0x7d  timebase.o [1]
  .near.rodata       const    0x009853    0x5f  stm8s_uart2.o [1]
  .near.rodata       const    0x0098b2    0x5e  stm8s_gpio.o [1]
  .near.rodata       const    0x009910    0x5e  stm8s_tim4.o [1]
  .near.rodata       const    0x00996e    0x5d  stm8s_clk.o [1]
  .far_func.text     ro code  0x0099cb    0x58  dc_util.o [4]
  .far_func.text     ro code  0x009a23    0x51  stm8s_tim4.o [1]
  .far_func.text     ro code  0x009a74    0x4e  SystemInit.o [1]
  .far_func.text     ro code  0x009ac2    0x4d  Mp3Module.o [1]
  .far_func.text     ro code  0x009b0f    0x4c  mylib.o [1]
  .far_func.text     ro code  0x009b5b    0x45  stm8s_tim4.o [1]
  .far_func.text     ro code  0x009ba0    0x3c  stm8s_clk.o [1]
  .far_func.text     ro code  0x009bdc    0x39  ColorConvert.o [1]
  .far_func.text     ro code  0x009c15    0x39  mylib.o [1]
  .far_func.text     ro code  0x009c4e    0x36  stm8s_clk.o [1]
  .far_func.text     ro code  0x009c84    0x32  mylib.o [1]
  .far_func.text     ro code  0x009cb6    0x31  short.o [4]
  .far_func.text     ro code  0x009ce7    0x2b  stm8s_tim4.o [1]
  .far_func.text     ro code  0x009d12    0x2b  stm8s_uart2.o [1]
  .far_func.text     ro code  0x009d3d    0x2b  stm8s_uart2.o [1]
  .far_func.text     ro code  0x009d68    0x2b  stm8s_uart2.o [1]
  .far_func.text     ro code  0x009d93    0x2b  stm8s_uart2.o [1]
  .far_func.text     ro code  0x009dbe    0x28  timebase.o [1]
  .far_func.text     ro code  0x009de6    0x28  WS2812B.o [1]
  .far_func.text     ro code  0x009e0e    0x28  init_small.o [4]
  .far_func.text     ro code  0x009e36    0x27  key.o [1]
  .far_func.text     ro code  0x009e5d    0x27  stm8s_uart2.o [1]
  .far_func.text     ro code  0x009e84    0x22  main.o [1]
  .far_func.text     ro code  0x009ea6    0x22  stm8s_tim4.o [1]
  .far_func.text     ro code  0x009ec8    0x22  stm8s_tim4.o [1]
  .far_func.text     ro code  0x009eea    0x21  stm8s_it.o [1]
  .iar.init_table    const    0x009f0b    0x14  - Linker created -
  .far_func.text     ro code  0x009f1f    0x1e  init.o [4]
  .far_func.text     ro code  0x009f3d    0x1e  init_small.o [4]
  .far_func.text     ro code  0x009f5b    0x1a  ColorConvert.o [1]
  .far_func.text     ro code  0x009f75    0x19  stm8s_tim4.o [1]
  .far_func.text     ro code  0x009f8e    0x18  uart.o [1]
  .far_func.text     ro code  0x009fa6    0x17  mylib.o [1]
  .far_func.text     ro code  0x009fbd    0x17  cstartup.o [4]
  .far_func.text     ro code  0x009fd4    0x16  LedSync.o [1]
  .far_func.text     ro code  0x009fea    0x16  __dbg_xxexit.o [3]
  .far_func.text     ro code  0x00a000    0x12  WS2812B.o [1]
  .far_func.text     ro code  0x00a012    0x11  SystemInit.o [1]
  .far_func.text     ro code  0x00a023     0xe  far_util.o [4]
  .far_func.text     ro code  0x00a031     0xd  main.o [1]
  .far_func.text     ro code  0x00a03e     0xd  stm8s_uart2.o [1]
  .near.rodata       const    0x00a04b     0xb  mylib.o [1]
  .far_func.text     ro code  0x00a056     0x8  timebase.o [1]
  .far_func.text     ro code  0x00a05e     0x6  cexit.o [4]
  .far_func.text     ro code  0x00a064     0x5  main.o [1]
  .far_func.text     ro code  0x00a069     0x4  key.o [1]
  .far_func.text     ro code  0x00a06d     0x4  timebase.o [1]
  .far_func.text     ro code  0x00a071     0x4  uart.o [1]
  .far_func.text     ro code  0x00a075     0x4  uart.o [1]
  .far_func.text     ro code  0x00a079     0x4  interrupt.o [4]
  .far_func.text     ro code  0x00a07d     0x4  exit.o [4]
  .near.rodata       const    0x00a081     0x4  stm8s_clk.o [1]
  .far_func.text     ro code  0x00a085     0x3  low_level_init.o [4]
  .far_func.text     ro code  0x00a088     0x3  unhandled_exception.o [4]
  .far_func.text     ro code  0x00a08b     0x2  main.o [1]
  .far_func.text     ro code  0x00a08d     0x1  stm8s_it.o [1]
  .far_func.text     ro code  0x00a08e     0x1  stm8s_it.o [1]
  .far_func.text     ro code  0x00a08f     0x1  stm8s_it.o [1]
  .far_func.text     ro code  0x00a090     0x1  stm8s_it.o [1]
  .far_func.text     ro code  0x00a091     0x1  stm8s_it.o [1]
  .far_func.text     ro code  0x00a092     0x1  stm8s_it.o [1]
  .far_func.text     ro code  0x00a093     0x1  stm8s_it.o [1]
  .far_func.text     ro code  0x00a094     0x1  stm8s_it.o [1]
  .far_func.text     ro code  0x00a095     0x1  stm8s_it.o [1]
  .far_func.text     ro code  0x00a096     0x1  stm8s_it.o [1]
  .far_func.text     ro code  0x00a097     0x1  stm8s_it.o [1]
  .far_func.text     ro code  0x00a098     0x1  stm8s_it.o [1]
  .far_func.text     ro code  0x00a099     0x1  stm8s_it.o [1]
  .far_func.text     ro code  0x00a09a     0x1  stm8s_it.o [1]
  .far_func.text     ro code  0x00a09b     0x1  stm8s_it.o [1]
  .far_func.text     ro code  0x00a09c     0x1  stm8s_it.o [1]
  .far_func.text     ro code  0x00a09d     0x1  stm8s_it.o [1]
  .far_func.text     ro code  0x00a09e     0x1  stm8s_it.o [1]
  .far_func.text     ro code  0x00a09f     0x1  stm8s_it.o [1]
  .far_func.text     ro code  0x00a0a0     0x1  stm8s_it.o [1]
  .far_func.text     ro code  0x00a0a1     0x1  stm8s_it.o [1]
  .far_func.text     ro code  0x00a0a2     0x1  SystemInit.o [1]
  .far_func.text     ro code  0x00a0a3     0x1  SystemInit.o [1]
  .far_func.text     ro code  0x00a0a4     0x1  __dbg_break.o [3]
  Initializer bytes  const    0x00a0a5     0x1  <for P2-1>
                            - 0x00a0a6  0x2026


*******************************************************************************
*** INIT TABLE
***

          Address   Size
          -------   ----
Zero (__iar_zero_init2)
    1 destination range, total size 0x34:
          0x000011  0x34

Copy (__iar_copy_init2)
    1 source range, total size 0x1:
          0x00a0a5   0x1
    1 destination range, total size 0x1:
          0x000010   0x1



*******************************************************************************
*** MODULE SUMMARY
***

    Module                 ro code  ro data  rw data
    ------                 -------  -------  -------
E:\01_WorkSpace\software\VSCODE\Lotus-main\Lotus-main\Project\Debug\Obj: [1]
    ColorConvert.o           1 139
    LedSync.o                  196      600       29
    Mp3Module.o                 77
    SystemInit.o                97
    WS2812B.o                1 363
    key.o                       43        1        6
    main.o                      54
    mylib.o                    206       11        7
    stm8s_clk.o                114       97
    stm8s_gpio.o               206       94
    stm8s_it.o                  54
    stm8s_tim4.o               286       94
    stm8s_uart2.o              973       95
    timebase.o                 177                11
    uart.o                      32
    ------------------------------------------------
    Total:                   5 017      992       53

command line: [2]
    ------------------------------------------------
    Total:

dbgstm8mmd.a: [3]
    __dbg_break.o                1
    __dbg_xxexit.o              22
    ------------------------------------------------
    Total:                      23

dlstm8mmn.a: [4]
    cexit.o                      6
    cstartup.o                  23
    dc_util.o                   88
    exit.o                       4
    far_util.o                  14
    float.o                  1 070
    init.o                      30
    init_small.o                70
    interrupt.o                  4      128
    long.o                     343
    long_util.o                166
    low_level_init.o             3
    short.o                     49
    unhandled_exception.o        3
    vreg_util.o                305
    vregs.o                                       16
    ------------------------------------------------
    Total:                   2 178      128       16

    Linker created                       20      256
----------------------------------------------------
    Grand Total:             7 218    1 140      325


*******************************************************************************
*** ENTRY LIST
***

Entry                    Address   Size  Type      Object
-----                    -------   ----  ----      ------
.iar.init_table$$Base   0x009f0b          --   Gb  - Linker created -
.iar.init_table$$Limit  0x009f1f          --   Gb  - Linker created -
?and32_l0_l0_0x         0x009364         Code  Gb  long.o [4]
?and32_l0_l0_l1         0x009361         Code  Gb  long.o [4]
?b0                     0x000000         Data  Gb  vregs.o [4]
?b1                     0x000001         Data  Gb  vregs.o [4]
?b10                    0x00000a         Data  Gb  vregs.o [4]
?b11                    0x00000b         Data  Gb  vregs.o [4]
?b12                    0x00000c         Data  Gb  vregs.o [4]
?b13                    0x00000d         Data  Gb  vregs.o [4]
?b14                    0x00000e         Data  Gb  vregs.o [4]
?b15                    0x00000f         Data  Gb  vregs.o [4]
?b2                     0x000002         Data  Gb  vregs.o [4]
?b3                     0x000003         Data  Gb  vregs.o [4]
?b4                     0x000004         Data  Gb  vregs.o [4]
?b5                     0x000005         Data  Gb  vregs.o [4]
?b6                     0x000006         Data  Gb  vregs.o [4]
?b7                     0x000007         Data  Gb  vregs.o [4]
?b8                     0x000008         Data  Gb  vregs.o [4]
?b9                     0x000009         Data  Gb  vregs.o [4]
?dc32_l0                0x0099cb         Code  Gb  dc_util.o [4]
?dc32_l1                0x0099f7         Code  Gb  dc_util.o [4]
?e0                     0x000001         Data  Gb  vregs.o [4]
?e1                     0x000005         Data  Gb  vregs.o [4]
?e2                     0x000009         Data  Gb  vregs.o [4]
?e3                     0x00000d         Data  Gb  vregs.o [4]
?epilogue_l2            0x00944d         Code  Gb  vreg_util.o [4]
?epilogue_l2_l3         0x009449         Code  Gb  vreg_util.o [4]
?epilogue_w4            0x009452         Code  Gb  vreg_util.o [4]
?fadd32_l0_l0_dc32      0x0085c3         Code  Gb  float.o [4]
?fadd32_l0_l0_l1        0x0085c9         Code  Gb  float.o [4]
?fcastf32s16_l0_x       0x00887f         Code  Gb  float.o [4]
?fcastf32u16_l0_x       0x008886         Code  Gb  float.o [4]
?fcasts16f32_x_l0       0x0088a4         Code  Gb  float.o [4]
?fcmpeq32_c_0x_fzero    0x0087ef         Code  Gb  float.o [4]
?fcmpeq32_c_l0_0x       0x0087fa         Code  Gb  float.o [4]
?fcmpeq32_c_l0_fzero    0x0087ec         Code  Gb  float.o [4]
?fcmpeq32_c_l0_l1       0x0087f7         Code  Gb  float.o [4]
?fcmpge32_c_l0_0x       0x008822         Code  Gb  float.o [4]
?fcmpge32_c_l0_l1       0x00881f         Code  Gb  float.o [4]
?fcmplt32_c_l0_0x       0x008829         Code  Gb  float.o [4]
?fcmplt32_c_l0_l1       0x008826         Code  Gb  float.o [4]
?fdiv32_l0_l0_dc32      0x008738         Code  Gb  float.o [4]
?fdiv32_l0_l0_l1        0x00873e         Code  Gb  float.o [4]
?fmul32_l0_l0_dc32      0x008697         Code  Gb  float.o [4]
?fmul32_l0_l0_l1        0x00869d         Code  Gb  float.o [4]
?fsub32_l0_dc32_l1      0x0085b7         Code  Gb  float.o [4]
?fsub32_l0_l0_l1        0x0085bd         Code  Gb  float.o [4]
?l0                     0x000000         Data  Gb  vregs.o [4]
?l1                     0x000004         Data  Gb  vregs.o [4]
?l2                     0x000008         Data  Gb  vregs.o [4]
?l3                     0x00000c         Data  Gb  vregs.o [4]
?load24_e1_0x           0x00a023         Code  Gb  far_util.o [4]
?load32_0x_l0           0x0097ac         Code  Gb  long_util.o [4]
?load32_0x_l2           0x0097ba         Code  Gb  long_util.o [4]
?load32_0x_l3           0x0097c8         Code  Gb  long_util.o [4]
?load32_l0_0x           0x00974a         Code  Gb  long_util.o [4]
?load32_l0_asp          0x00973e         Code  Gb  long_util.o [4]
?load32_l0_dbsp         0x009730         Code  Gb  long_util.o [4]
?load32_l0_xsp          0x009740         Code  Gb  long_util.o [4]
?load32_l1_0x           0x009770         Code  Gb  long_util.o [4]
?load32_l1_asp          0x009764         Code  Gb  long_util.o [4]
?load32_l1_dbsp         0x009756         Code  Gb  long_util.o [4]
?load32_l1_xsp          0x009766         Code  Gb  long_util.o [4]
?load32_l2_0x           0x009796         Code  Gb  long_util.o [4]
?load32_l2_asp          0x00978a         Code  Gb  long_util.o [4]
?load32_l2_dbsp         0x00977c         Code  Gb  long_util.o [4]
?load32_l2_xsp          0x00978c         Code  Gb  long_util.o [4]
?load32_xsp_l0          0x0097a2         Code  Gb  long_util.o [4]
?mov_e0_e1              0x00945a         Code  Gb  vreg_util.o [4]
?mov_e0_e2              0x009467         Code  Gb  vreg_util.o [4]
?mov_e0_e3              0x009474         Code  Gb  vreg_util.o [4]
?mov_e1_e0              0x009481         Code  Gb  vreg_util.o [4]
?mov_e1_e2              0x00948e         Code  Gb  vreg_util.o [4]
?mov_e1_e3              0x00949b         Code  Gb  vreg_util.o [4]
?mov_e2_e0              0x0094a8         Code  Gb  vreg_util.o [4]
?mov_e3_e0              0x0094b5         Code  Gb  vreg_util.o [4]
?mov_e3_e1              0x0094c2         Code  Gb  vreg_util.o [4]
?mov_e3_e2              0x0094cf         Code  Gb  vreg_util.o [4]
?mov_l0_l1              0x009457         Code  Gb  vreg_util.o [4]
?mov_l0_l2              0x009464         Code  Gb  vreg_util.o [4]
?mov_l0_l3              0x009471         Code  Gb  vreg_util.o [4]
?mov_l1_l0              0x00947e         Code  Gb  vreg_util.o [4]
?mov_l1_l2              0x00948b         Code  Gb  vreg_util.o [4]
?mov_l1_l3              0x009498         Code  Gb  vreg_util.o [4]
?mov_l2_l0              0x0094a5         Code  Gb  vreg_util.o [4]
?mov_l3_l0              0x0094b2         Code  Gb  vreg_util.o [4]
?mov_l3_l1              0x0094bf         Code  Gb  vreg_util.o [4]
?mov_l3_l2              0x0094cc         Code  Gb  vreg_util.o [4]
?mov_w1_w3              0x00945d         Code  Gb  vreg_util.o [4]
?mov_w1_w5              0x00946a         Code  Gb  vreg_util.o [4]
?mov_w1_w7              0x009477         Code  Gb  vreg_util.o [4]
?mov_w3_w1              0x009484         Code  Gb  vreg_util.o [4]
?mov_w3_w5              0x009491         Code  Gb  vreg_util.o [4]
?mov_w3_w7              0x00949e         Code  Gb  vreg_util.o [4]
?mov_w5_w1              0x0094ab         Code  Gb  vreg_util.o [4]
?mov_w7_w1              0x0094b8         Code  Gb  vreg_util.o [4]
?mov_w7_w3              0x0094c5         Code  Gb  vreg_util.o [4]
?mov_w7_w5              0x0094d2         Code  Gb  vreg_util.o [4]
?mul32_l0_l0_l1         0x00926c         Code  Gb  long.o [4]
?or32_l0_l0_0x          0x00937f         Code  Gb  long.o [4]
?or32_l0_l0_l1          0x00937c         Code  Gb  long.o [4]
?pop_l0                 0x009411         Code  Gb  vreg_util.o [4]
?pop_l1                 0x00941c         Code  Gb  vreg_util.o [4]
?pop_l2                 0x009427         Code  Gb  vreg_util.o [4]
?pop_l3                 0x009432         Code  Gb  vreg_util.o [4]
?pop_w4                 0x0093c9         Code  Gb  vreg_util.o [4]
?push_l0                0x0093dc         Code  Gb  vreg_util.o [4]
?push_l1                0x0093e1         Code  Gb  vreg_util.o [4]
?push_l2                0x0093e6         Code  Gb  vreg_util.o [4]
?push_l3                0x0093eb         Code  Gb  vreg_util.o [4]
?push_w1                0x0093a8         Code  Gb  vreg_util.o [4]
?push_w4                0x0093ad         Code  Gb  vreg_util.o [4]
?sdiv16_x_x_y           0x009cb6         Code  Gb  short.o [4]
?sll16_x_x_a            0x009cdf         Code  Gb  short.o [4]
?sll32_0x_0x_a          0x00939a         Code  Gb  long.o [4]
?sll32_l0_l0_a          0x009397         Code  Gb  long.o [4]
?smod16_y_x_y           0x009ccf         Code  Gb  short.o [4]
?sub32_l0_l0_0x         0x009254         Code  Gb  long.o [4]
?sub32_l0_l0_l1         0x009251         Code  Gb  long.o [4]
?udiv32_l0_dl_l1        0x0092ea         Code  Gb  long.o [4]
?udiv32_l0_l0_dl        0x0092f0         Code  Gb  long.o [4]
?udiv32_l0_l0_l1        0x0092f4         Code  Gb  long.o [4]
?umod32_l1_l0_l1        0x0092f4         Code  Gb  long.o [4]
?w0                     0x000000         Data  Gb  vregs.o [4]
?w1                     0x000002         Data  Gb  vregs.o [4]
?w2                     0x000004         Data  Gb  vregs.o [4]
?w3                     0x000006         Data  Gb  vregs.o [4]
?w4                     0x000008         Data  Gb  vregs.o [4]
?w5                     0x00000a         Data  Gb  vregs.o [4]
?w6                     0x00000c         Data  Gb  vregs.o [4]
?w7                     0x00000e         Data  Gb  vregs.o [4]
ADC1_IRQHandler         0x00a0a0    0x1  Code  Gb  stm8s_it.o [1]
AWU_IRQHandler          0x00a08f    0x1  Code  Gb  stm8s_it.o [1]
CLK_Config              0x00a064    0x5  Code  Lc  main.o [1]
CLK_GetClockFreq        0x009ba0   0x3c  Code  Gb  stm8s_clk.o [1]
CLK_HSIPrescalerConfig  0x009c4e   0x36  Code  Gb  stm8s_clk.o [1]
CLK_IRQHandler          0x00a090    0x1  Code  Gb  stm8s_it.o [1]
CSTACK$$Base            0x000700          --   Gb  - Linker created -
CSTACK$$Limit           0x000800          --   Gb  - Linker created -
ColorWave               0x009682   0xae  Code  Gb  LedSync.o [1]
EEPROM_EEC_IRQHandler   0x00a0a1    0x1  Code  Gb  stm8s_it.o [1]
EXTI_PORTA_IRQHandler   0x00a091    0x1  Code  Gb  stm8s_it.o [1]
EXTI_PORTB_IRQHandler   0x00a092    0x1  Code  Gb  stm8s_it.o [1]
EXTI_PORTC_IRQHandler   0x00a093    0x1  Code  Gb  stm8s_it.o [1]
EXTI_PORTD_IRQHandler   0x00a094    0x1  Code  Gb  stm8s_it.o [1]
EXTI_PORTE_IRQHandler   0x00a095    0x1  Code  Gb  stm8s_it.o [1]
GPIO_Config             0x00a031    0xd  Code  Lc  main.o [1]
GPIO_Init               0x0095b4   0xce  Code  Gb  stm8s_gpio.o [1]
HSIDivFactor            0x00a081    0x4  Data  Gb  stm8s_clk.o [1]
I2C_IRQHandler          0x00a09d    0x1  Code  Gb  stm8s_it.o [1]
INTVEC$$Base            0x008000          --   Gb  - Linker created -
INTVEC$$Limit           0x008080          --   Gb  - Linker created -
Key_Init                0x009e36   0x27  Code  Gb  key.o [1]
LS_Init                 0x009fd4   0x16  Code  Gb  LedSync.o [1]
MP3_Init                0x009ac2   0x4d  Code  Gb  Mp3Module.o [1]
MSG_FIFO                0x000010    0x1  Data  Lc  key.o [1]
OnlineDevice            0x000036    0x1  Data  Gb  key.o [1]
PointFunc               0x000038    0x1  Data  Gb  key.o [1]
RAM_Init                0x00a012   0x11  Code  Gb  SystemInit.o [1]
RGB_Refresh             0x009de6   0x28  Code  Gb  WS2812B.o [1]
Region$$Table$$Base     0x009f0b          --   Gb  - Linker created -
Region$$Table$$Limit    0x009f1f          --   Gb  - Linker created -
SPI_IRQHandler          0x00a096    0x1  Code  Gb  stm8s_it.o [1]
Serial_init             0x00a0a3    0x1  Code  Gb  SystemInit.o [1]
Status0                 0x00003c    0x1  Data  Gb  mylib.o [1]
Status1                 0x00003d    0x1  Data  Gb  mylib.o [1]
SysReturnTime           0x000035    0x1  Data  Gb  key.o [1]
System_Init             0x009a74   0x4e  Code  Gb  SystemInit.o [1]
System_Status           0x000034    0x1  Data  Gb  key.o [1]
TIM1_CAP_COM_IRQHandler
                        0x00a098    0x1  Code  Gb  stm8s_it.o [1]
TIM1_UPD_OVF_TRG_BRK_IRQHandler
                        0x00a097    0x1  Code  Gb  stm8s_it.o [1]
TIM2_CAP_COM_IRQHandler
                        0x00a09a    0x1  Code  Gb  stm8s_it.o [1]
TIM2_UPD_OVF_BRK_IRQHandler
                        0x00a099    0x1  Code  Gb  stm8s_it.o [1]
TIM3_CAP_COM_IRQHandler
                        0x00a09c    0x1  Code  Gb  stm8s_it.o [1]
TIM3_UPD_OVF_BRK_IRQHandler
                        0x00a09b    0x1  Code  Gb  stm8s_it.o [1]
TIM4_ClearFlag          0x009ea6   0x22  Code  Gb  stm8s_tim4.o [1]
TIM4_ClearITPendingBit  0x009ec8   0x22  Code  Gb  stm8s_tim4.o [1]
TIM4_Cmd                0x009ce7   0x2b  Code  Gb  stm8s_tim4.o [1]
TIM4_DeInit             0x009f75   0x19  Code  Gb  stm8s_tim4.o [1]
TIM4_ITConfig           0x009a23   0x51  Code  Gb  stm8s_tim4.o [1]
TIM4_TimeBaseInit       0x009b5b   0x45  Code  Gb  stm8s_tim4.o [1]
TIM4_UPD_OVF_IRQHandler
                        0x009eea   0x21  Code  Gb  stm8s_it.o [1]
TLI_IRQHandler          0x00a08e    0x1  Code  Gb  stm8s_it.o [1]
TRAP_IRQHandler         0x00a08d    0x1  Code  Gb  stm8s_it.o [1]
TimeBase_Config         0x009dbe   0x20  Code  Lc  timebase.o [1]
TimeBase_Get10msSystemTimeDelta
                        0x00a06d    0x4  Code  Gb  timebase.o [1]
TimeBase_HandleTimeBaseCouter
                        0x0097d6   0x7d  Code  Gb  timebase.o [1]
TimeBase_HandleTimeBaseCouter::uc10msBaseTime
                        0x000044    0x1  Data  Lc  timebase.o [1]
TimeBase_HandleTimeBaseCouter::uc1msBaseTime
                        0x000043    0x1  Data  Lc  timebase.o [1]
TimeBase_HandleTimeBaseCouter::ui1sBaseTime
                        0x000032    0x2  Data  Lc  timebase.o [1]
TimeBase_HandleTimeBaseCouter::ui250msBaseTime
                        0x000030    0x2  Data  Lc  timebase.o [1]
TimeBase_IncerementCounter_UPD_IRQ
                        0x00a056    0x8  Code  Gb  timebase.o [1]
TimeBase_Init           0x009dde    0x8  Code  Gb  timebase.o [1]
Timer0_Init             0x00a0a2    0x1  Code  Gb  SystemInit.o [1]
UART2_Cmd               0x00a03e    0xd  Code  Gb  stm8s_uart2.o [1]
UART2_DeInit            0x009e5d   0x27  Code  Gb  stm8s_uart2.o [1]
UART2_ITConfig          0x0094d9   0xdb  Code  Gb  stm8s_uart2.o [1]
UART2_Init              0x008e82  0x212  Code  Gb  stm8s_uart2.o [1]
UART2_IrDACmd           0x009d12   0x2b  Code  Gb  stm8s_uart2.o [1]
UART2_LINCmd            0x009d3d   0x2b  Code  Gb  stm8s_uart2.o [1]
UART2_RX_IRQHandler     0x00a09f    0x1  Code  Gb  stm8s_it.o [1]
UART2_SmartCardCmd      0x009d68   0x2b  Code  Gb  stm8s_uart2.o [1]
UART2_SmartCardNACKCmd  0x009d93   0x2b  Code  Gb  stm8s_uart2.o [1]
UART2_TX_IRQHandler     0x00a09e    0x1  Code  Gb  stm8s_it.o [1]
Uart_Enable             0x00a075    0x4  Code  Gb  uart.o [1]
Uart_Init               0x009f8e   0x18  Code  Gb  uart.o [1]
Uart_ParameterConfig    0x00a071    0x4  Code  Gb  uart.o [1]
Ws2812b_Configuration   0x00a000   0x12  Code  Gb  WS2812B.o [1]
Ws2812b_Write           0x008080  0x519  Code  Gb  WS2812B.o [1]
__DebugBreak            0x00a0a4    0x1  Code  Gb  __dbg_break.o [3]
__exit                  0x009fea   0x16  Code  Gb  __dbg_xxexit.o [3]
__iar_copy_init2        0x009e0e         Code  Gb  init_small.o [4]
__iar_data_init2        0x009f1f   0x1e  Code  Gb  init.o [4]
__iar_program_start     0x009fbd         Code  Gb  cstartup.o [4]
__iar_unhandled_exception
                        0x00a088         Code  Gb  unhandled_exception.o [4]
__iar_zero_init2        0x009f3d         Code  Gb  init_small.o [4]
__intvec                0x008000         Data  Gb  interrupt.o [4]
__low_level_init        0x00a085    0x3  Code  Gb  low_level_init.o [4]
_exit                   0x00a05e         Code  Gb  cexit.o [4]
_interrupt_1            0x00a08d         Code  Gb  stm8s_it.o [1]
_interrupt_12           0x00a096         Code  Gb  stm8s_it.o [1]
_interrupt_13           0x00a097         Code  Gb  stm8s_it.o [1]
_interrupt_14           0x00a098         Code  Gb  stm8s_it.o [1]
_interrupt_15           0x00a099         Code  Gb  stm8s_it.o [1]
_interrupt_16           0x00a09a         Code  Gb  stm8s_it.o [1]
_interrupt_17           0x00a09b         Code  Gb  stm8s_it.o [1]
_interrupt_18           0x00a09c         Code  Gb  stm8s_it.o [1]
_interrupt_2            0x00a08e         Code  Gb  stm8s_it.o [1]
_interrupt_21           0x00a09d         Code  Gb  stm8s_it.o [1]
_interrupt_22           0x00a09e         Code  Gb  stm8s_it.o [1]
_interrupt_23           0x00a09f         Code  Gb  stm8s_it.o [1]
_interrupt_24           0x00a0a0         Code  Gb  stm8s_it.o [1]
_interrupt_25           0x009eea         Code  Gb  stm8s_it.o [1]
_interrupt_26           0x00a0a1         Code  Gb  stm8s_it.o [1]
_interrupt_3            0x00a08f         Code  Gb  stm8s_it.o [1]
_interrupt_4            0x00a090         Code  Gb  stm8s_it.o [1]
_interrupt_5            0x00a091         Code  Gb  stm8s_it.o [1]
_interrupt_6            0x00a092         Code  Gb  stm8s_it.o [1]
_interrupt_7            0x00a093         Code  Gb  stm8s_it.o [1]
_interrupt_8            0x00a094         Code  Gb  stm8s_it.o [1]
_interrupt_9            0x00a095         Code  Gb  stm8s_it.o [1]
asc_number              0x00a04b    0xb  Data  Gb  mylib.o [1]
assert_failed           0x00a08b    0x2  Code  Gb  main.o [1]
b                       0x00003b    0x1  Data  Lc  LedSync.o [1]
bcd_number              0x000011    0x5  Data  Gb  mylib.o [1]
count                   0x00002e    0x2  Data  Lc  LedSync.o [1]
exit                    0x00a07d    0x4  Code  Gb  exit.o [4]
g                       0x00003a    0x1  Data  Lc  LedSync.o [1]
h                       0x000016    0x4  Data  Lc  LedSync.o [1]
h_bak                   0x000022    0x4  Data  Lc  LedSync.o [1]
hsv2rgb                 0x0089c7  0x263  Code  Gb  ColorConvert.o [1]
index_wave              0x008c2a  0x258  Data  Gb  LedSync.o [1]
input_vol               0x000037    0x1  Data  Gb  key.o [1]
itoa1                   0x009fa6   0x17  Code  Gb  mylib.o [1]
itoa2                   0x009c84   0x32  Code  Gb  mylib.o [1]
itoa3                   0x009c15   0x39  Code  Gb  mylib.o [1]
itoa4                   0x009b0f   0x4c  Code  Gb  mylib.o [1]
main                    0x009e84   0x22  Code  Gb  main.o [1]
max                     0x009bdc   0x39  Code  Lc  ColorConvert.o [1]
min                     0x009f5b   0x1a  Code  Lc  ColorConvert.o [1]
put_msg_lifo            0x00a069    0x4  Code  Gb  key.o [1]
r                       0x000039    0x1  Data  Lc  LedSync.o [1]
rgb2hsv                 0x009094  0x1bd  Code  Gb  ColorConvert.o [1]
s                       0x00001a    0x4  Data  Lc  LedSync.o [1]
s_bak                   0x000026    0x4  Data  Lc  LedSync.o [1]
uc10msSystemTimeDelta   0x000040    0x1  Data  Lc  timebase.o [1]
uc1msSystemTimeDelta    0x00003f    0x1  Data  Lc  timebase.o [1]
uc1sSystemTimeDelta     0x000042    0x1  Data  Lc  timebase.o [1]
uc250msSystemTimeDelta  0x000041    0x1  Data  Lc  timebase.o [1]
ucSystemTime            0x00003e    0x1  Data  Lc  timebase.o [1]
v                       0x00001e    0x4  Data  Lc  LedSync.o [1]
v_bak                   0x00002a    0x4  Data  Lc  LedSync.o [1]


[1] = E:\01_WorkSpace\software\VSCODE\Lotus-main\Lotus-main\Project\Debug\Obj
[2] = command line
[3] = dbgstm8mmd.a
[4] = dlstm8mmn.a

  7 218 bytes of readonly  code memory
  1 140 bytes of readonly  data memory
    325 bytes of readwrite data memory

Errors: none
Warnings: none
