###############################################################################
#
# IAR ELF Linker V3.10.1.201 for STM8                     13/Apr/2021  22:31:48
# Copyright 2010-2017 IAR Systems AB.
#
#    Output file  =  
#        E:\01_WorkSpace\software\VSCODE\Lotus-main\Lotus-main\Project\Debug\Exe\lotus.out
#    Map file     =  
#        E:\01_WorkSpace\software\VSCODE\Lotus-main\Lotus-main\Project\Debug\List\lotus.map
#    Command line =  
#        -f C:\Users\sheol\AppData\Local\Temp\EWB2D.tmp
#        (E:\01_WorkSpace\software\VSCODE\Lotus-main\Lotus-main\Project\Debug\Obj\iwdg.o
#        E:\01_WorkSpace\software\VSCODE\Lotus-main\Lotus-main\Project\Debug\Obj\key.o
#        E:\01_WorkSpace\software\VSCODE\Lotus-main\Lotus-main\Project\Debug\Obj\main.o
#        E:\01_WorkSpace\software\VSCODE\Lotus-main\Lotus-main\Project\Debug\Obj\Mp3Module.o
#        E:\01_WorkSpace\software\VSCODE\Lotus-main\Lotus-main\Project\Debug\Obj\Mp3ModuleControl.o
#        E:\01_WorkSpace\software\VSCODE\Lotus-main\Lotus-main\Project\Debug\Obj\mylib.o
#        E:\01_WorkSpace\software\VSCODE\Lotus-main\Lotus-main\Project\Debug\Obj\stm8s_clk.o
#        E:\01_WorkSpace\software\VSCODE\Lotus-main\Lotus-main\Project\Debug\Obj\stm8s_gpio.o
#        E:\01_WorkSpace\software\VSCODE\Lotus-main\Lotus-main\Project\Debug\Obj\stm8s_it.o
#        E:\01_WorkSpace\software\VSCODE\Lotus-main\Lotus-main\Project\Debug\Obj\stm8s_iwdg.o
#        E:\01_WorkSpace\software\VSCODE\Lotus-main\Lotus-main\Project\Debug\Obj\stm8s_tim4.o
#        E:\01_WorkSpace\software\VSCODE\Lotus-main\Lotus-main\Project\Debug\Obj\stm8s_uart1.o
#        E:\01_WorkSpace\software\VSCODE\Lotus-main\Lotus-main\Project\Debug\Obj\SystemInit.o
#        E:\01_WorkSpace\software\VSCODE\Lotus-main\Lotus-main\Project\Debug\Obj\timebase.o
#        E:\01_WorkSpace\software\VSCODE\Lotus-main\Lotus-main\Project\Debug\Obj\uart.o
#        E:\01_WorkSpace\software\VSCODE\Lotus-main\Lotus-main\Project\Debug\Obj\WS2812B.o
#        --redirect _Printf=_PrintfFullNoMb --redirect _Scanf=_ScanfFullNoMb -o
#        E:\01_WorkSpace\software\VSCODE\Lotus-main\Lotus-main\Project\Debug\Exe\lotus.out
#        --map
#        E:\01_WorkSpace\software\VSCODE\Lotus-main\Lotus-main\Project\Debug\List\lotus.map
#        --config "D:\Program Files (x86)\IAR Systems\Embedded Workbench
#        8.0\stm8\config\lnkstm8s103f3.icf" --config_def _CSTACK_SIZE=0x100
#        --config_def _HEAP_SIZE=0x100 --entry __iar_program_start --debug_lib)
#
###############################################################################

*******************************************************************************
*** RUNTIME MODEL ATTRIBUTES
***

__SystemLibrary            = DLib
__code_model               = medium_or_large
__core                     = stm8
__data_model               = medium
__dlib_file_descriptor     = 0
__dlib_full_locale_support = 0
__rt_version               = 4


*******************************************************************************
*** PLACEMENT SUMMARY
***

"A0":  place at start of [0x000000-0x0000ff] { rw section .vregs };
"A1":  place at end of [0x000000-0x0003ff] { block CSTACK };
"P2":  place in [from 0x000000 to 0x0003ff] {
          block HEAP, rw section __DLIB_PERTHREAD, rw section .far.bss,
          rw section .far.data, rw section .far.noinit,
          rw section .far_func.textrw, rw section .huge.bss,
          rw section .huge.data, rw section .huge.noinit,
          rw section .huge_func.textrw, rw section .iar.dynexit,
          rw section .near.bss, rw section .near.data, rw section .near.noinit,
          rw section .near_func.textrw };
"A2":  place at start of [0x008000-0x009fff] { block INTVEC };
"P3":  place in [from 0x008000 to 0x009fff] {
          ro section __DLIB_PERTHREAD_init, ro section .far.data_init,
          ro section .far_func.textrw_init, ro section .huge.data_init,
          ro section .huge_func.textrw_init, ro section .iar.init_table,
          ro section .init_array, ro section .near.data_init,
          ro section .near.rodata, ro section .near_func.text,
          ro section .near_func.textrw_init, ro section .tiny.data_init,
          ro section .tiny.rodata_init };
"P4":  place in [from 0x008000 to 0x009fff] {
          ro section .far.rodata, ro section .far_func.text };
"P5":  place in [from 0x008000 to 0x009fff] {
          ro section .huge.rodata, ro section .huge_func.text };
do not initialize {
   rw section .eeprom.noinit, rw section .far.noinit, rw section .huge.noinit,
   rw section .near.noinit, rw section .tiny.noinit, rw section .vregs };
initialize by copy {
   rw section .far.bss, rw section .far.data, rw section .far_func.textrw,
   rw section .huge.bss, rw section .huge.data, rw section .huge_func.textrw,
   rw section .iar.dynexit, rw section .near.bss, rw section .near.data,
   rw section .near_func.textrw, rw section .tiny.bss, rw section .tiny.data,
   ro section .tiny.rodata };

  Section            Kind      Address    Size  Object
  -------            ----      -------    ----  ------
"A0":                                     0x10
  .vregs             uninit   0x000000    0x10  vregs.o [4]
                            - 0x000010    0x10

"P2", part 1 of 2:                         0x2
  P2-1                        0x000010     0x2  <Init block>
    .near.data       inited   0x000010     0x1  key.o [1]
    .near.data       inited   0x000011     0x1  key.o [1]
                            - 0x000012     0x2

"P2", part 2 of 2:                        0x50
  .near.bss          zero     0x000012     0xa  Mp3Module.o [1]
  .near.bss          zero     0x00001c     0xa  Mp3ModuleControl.o [1]
  .near.bss          zero     0x000026     0x5  mylib.o [1]
  .near.bss          zero     0x00002b     0x2  key.o [1]
  .near.bss          zero     0x00002d     0x2  key.o [1]
  .near.bss          zero     0x00002f     0x2  key.o [1]
  .near.bss          zero     0x000031     0x2  key.o [1]
  .near.bss          zero     0x000033     0x2  key.o [1]
  .near.bss          zero     0x000035     0x2  key.o [1]
  .near.bss          zero     0x000037     0x2  key.o [1]
  .near.bss          zero     0x000039     0x2  key.o [1]
  .near.bss          zero     0x00003b     0x2  key.o [1]
  .near.bss          zero     0x00003d     0x2  timebase.o [1]
  .near.bss          zero     0x00003f     0x2  timebase.o [1]
  .near.bss          zero     0x000041     0x1  key.o [1]
  .near.bss          zero     0x000042     0x1  key.o [1]
  .near.bss          zero     0x000043     0x1  key.o [1]
  .near.bss          zero     0x000044     0x1  key.o [1]
  .near.bss          zero     0x000045     0x1  key.o [1]
  .near.bss          zero     0x000046     0x1  key.o [1]
  .near.bss          zero     0x000047     0x1  key.o [1]
  .near.bss          zero     0x000048     0x1  key.o [1]
  .near.bss          zero     0x000049     0x1  key.o [1]
  .near.bss          zero     0x00004a     0x1  key.o [1]
  .near.bss          zero     0x00004b     0x1  key.o [1]
  .near.bss          zero     0x00004c     0x1  key.o [1]
  .near.bss          zero     0x00004d     0x1  key.o [1]
  .near.bss          zero     0x00004e     0x1  key.o [1]
  .near.bss          zero     0x00004f     0x1  key.o [1]
  .near.bss          zero     0x000050     0x1  key.o [1]
  .near.bss          zero     0x000051     0x1  key.o [1]
  .near.bss          zero     0x000052     0x1  key.o [1]
  .near.bss          zero     0x000053     0x1  key.o [1]
  .near.bss          zero     0x000054     0x1  main.o [1]
  .near.bss          zero     0x000055     0x1  Mp3Module.o [1]
  .near.bss          zero     0x000056     0x1  mylib.o [1]
  .near.bss          zero     0x000057     0x1  mylib.o [1]
  .near.bss          zero     0x000058     0x1  mylib.o [1]
  .near.bss          zero     0x000059     0x1  mylib.o [1]
  .near.bss          zero     0x00005a     0x1  mylib.o [1]
  .near.bss          zero     0x00005b     0x1  timebase.o [1]
  .near.bss          zero     0x00005c     0x1  timebase.o [1]
  .near.bss          zero     0x00005d     0x1  timebase.o [1]
  .near.bss          zero     0x00005e     0x1  timebase.o [1]
  .near.bss          zero     0x00005f     0x1  timebase.o [1]
  .near.bss          zero     0x000060     0x1  timebase.o [1]
  .near.bss          zero     0x000061     0x1  timebase.o [1]
                            - 0x000062    0x50

"A1":                                    0x100
  CSTACK                      0x000300   0x100  <Block>
    CSTACK           uninit   0x000300   0x100  <Block tail>
                            - 0x000400   0x100

"A2":                                     0x80
  INTVEC                      0x008000    0x80  <Block>
    .intvec          const    0x008000    0x80  interrupt.o [4]
                            - 0x008080    0x80

"P3-P5":                                0x17de
  .far_func.text     ro code  0x008080   0x52f  key.o [1]
  .far_func.text     ro code  0x0085af   0x253  stm8s_uart1.o [1]
  .far_func.text     ro code  0x008802   0x121  long.o [4]
  .far_func.text     ro code  0x008923   0x112  stm8s_gpio.o [1]
  .far_func.text     ro code  0x008a35    0xeb  vreg_util.o [4]
  .far_func.text     ro code  0x008b20    0xd8  stm8s_uart1.o [1]
  .far_func.text     ro code  0x008bf8    0x84  stm8s_clk.o [1]
  .far_func.text     ro code  0x008c7c    0x7f  timebase.o [1]
  .far_func.text     ro code  0x008cfb    0x70  key.o [1]
  .far_func.text     ro code  0x008d6b    0x6b  key.o [1]
  .near.rodata       const    0x008dd6    0x5f  stm8s_uart1.o [1]
  .near.rodata       const    0x008e35    0x5e  stm8s_gpio.o [1]
  .near.rodata       const    0x008e93    0x5e  stm8s_tim4.o [1]
  .near.rodata       const    0x008ef1    0x5d  stm8s_clk.o [1]
  .far_func.text     ro code  0x008f4e    0x58  main.o [1]
  .far_func.text     ro code  0x008fa6    0x58  dc_util.o [4]
  .far_func.text     ro code  0x008ffe    0x56  Mp3ModuleControl.o [1]
  .far_func.text     ro code  0x009054    0x54  stm8s_tim4.o [1]
  .far_func.text     ro code  0x0090a8    0x52  stm8s_tim4.o [1]
  .far_func.text     ro code  0x0090fa    0x4e  Mp3Module.o [1]
  .far_func.text     ro code  0x009148    0x4e  mylib.o [1]
  .far_func.text     ro code  0x009196    0x4d  key.o [1]
  .far_func.text     ro code  0x0091e3    0x42  Mp3Module.o [1]
  .far_func.text     ro code  0x009225    0x3f  Mp3Module.o [1]
  .far_func.text     ro code  0x009264    0x3e  stm8s_clk.o [1]
  .far_func.text     ro code  0x0092a2    0x3e  long_util.o [4]
  .far_func.text     ro code  0x0092e0    0x3c  key.o [1]
  .far_func.text     ro code  0x00931c    0x3b  mylib.o [1]
  .far_func.text     ro code  0x009357    0x35  uart.o [1]
  .far_func.text     ro code  0x00938c    0x32  mylib.o [1]
  .far_func.text     ro code  0x0093be    0x30  stm8s_tim4.o [1]
  .far_func.text     ro code  0x0093ee    0x30  stm8s_uart1.o [1]
  .far_func.text     ro code  0x00941e    0x30  stm8s_uart1.o [1]
  .far_func.text     ro code  0x00944e    0x30  stm8s_uart1.o [1]
  .far_func.text     ro code  0x00947e    0x30  stm8s_uart1.o [1]
  .far_func.text     ro code  0x0094ae    0x30  stm8s_uart1.o [1]
  .far_func.text     ro code  0x0094de    0x2d  stm8s_uart1.o [1]
  .far_func.text     ro code  0x00950b    0x28  key.o [1]
  .far_func.text     ro code  0x009533    0x28  init_small.o [4]
  .far_func.text     ro code  0x00955b    0x27  mylib.o [1]
  .far_func.text     ro code  0x009582    0x26  short.o [4]
  .far_func.text     ro code  0x0095a8    0x25  SystemInit.o [1]
  .far_func.text     ro code  0x0095cd    0x24  stm8s_tim4.o [1]
  .far_func.text     ro code  0x0095f1    0x24  stm8s_tim4.o [1]
  .far_func.text     ro code  0x009615    0x22  mylib.o [1]
  .far_func.text     ro code  0x009637    0x21  mylib.o [1]
  .far_func.text     ro code  0x009658    0x21  stm8s_it.o [1]
  .far_func.text     ro code  0x009679    0x21  timebase.o [1]
  .iar.init_table    const    0x00969a    0x14  - Linker created -
  .far_func.text     ro code  0x0096ae    0x1e  uart.o [1]
  .far_func.text     ro code  0x0096cc    0x1e  init.o [4]
  .far_func.text     ro code  0x0096ea    0x1e  init_small.o [4]
  .far_func.text     ro code  0x009708    0x1d  SystemInit.o [1]
  .far_func.text     ro code  0x009725    0x19  stm8s_tim4.o [1]
  .far_func.text     ro code  0x00973e    0x18  key.o [1]
  .far_func.text     ro code  0x009756    0x17  mylib.o [1]
  .far_func.text     ro code  0x00976d    0x17  cstartup.o [4]
  .far_func.text     ro code  0x009784    0x16  __dbg_xxexit.o [3]
  .far_func.text     ro code  0x00979a    0x12  WS2812B.o [1]
  .far_func.text     ro code  0x0097ac    0x11  mylib.o [1]
  .far_func.text     ro code  0x0097bd     0xf  uart.o [1]
  .far_func.text     ro code  0x0097cc     0xe  main.o [1]
  .far_func.text     ro code  0x0097da     0xe  stm8s_uart1.o [1]
  .far_func.text     ro code  0x0097e8     0xe  far_util.o [4]
  .near.rodata       const    0x0097f6     0xb  mylib.o [1]
  .far_func.text     ro code  0x009801     0x9  timebase.o [1]
  .far_func.text     ro code  0x00980a     0x8  timebase.o [1]
  .far_func.text     ro code  0x009812     0x6  main.o [1]
  .far_func.text     ro code  0x009818     0x6  char.o [4]
  .far_func.text     ro code  0x00981e     0x6  cexit.o [4]
  .far_func.text     ro code  0x009824     0x5  stm8s_iwdg.o [1]
  .far_func.text     ro code  0x009829     0x4  key.o [1]
  .far_func.text     ro code  0x00982d     0x4  timebase.o [1]
  .far_func.text     ro code  0x009831     0x4  interrupt.o [4]
  .far_func.text     ro code  0x009835     0x4  exit.o [4]
  .near.rodata       const    0x009839     0x4  stm8s_clk.o [1]
  .far_func.text     ro code  0x00983d     0x3  low_level_init.o [4]
  .far_func.text     ro code  0x009840     0x3  unhandled_exception.o [4]
  .far_func.text     ro code  0x009843     0x2  main.o [1]
  Initializer bytes  const    0x009845     0x2  <for P2-1>
  .far_func.text     ro code  0x009847     0x1  Mp3Module.o [1]
  .far_func.text     ro code  0x009848     0x1  stm8s_it.o [1]
  .far_func.text     ro code  0x009849     0x1  stm8s_it.o [1]
  .far_func.text     ro code  0x00984a     0x1  stm8s_it.o [1]
  .far_func.text     ro code  0x00984b     0x1  stm8s_it.o [1]
  .far_func.text     ro code  0x00984c     0x1  stm8s_it.o [1]
  .far_func.text     ro code  0x00984d     0x1  stm8s_it.o [1]
  .far_func.text     ro code  0x00984e     0x1  stm8s_it.o [1]
  .far_func.text     ro code  0x00984f     0x1  stm8s_it.o [1]
  .far_func.text     ro code  0x009850     0x1  stm8s_it.o [1]
  .far_func.text     ro code  0x009851     0x1  stm8s_it.o [1]
  .far_func.text     ro code  0x009852     0x1  stm8s_it.o [1]
  .far_func.text     ro code  0x009853     0x1  stm8s_it.o [1]
  .far_func.text     ro code  0x009854     0x1  stm8s_it.o [1]
  .far_func.text     ro code  0x009855     0x1  stm8s_it.o [1]
  .far_func.text     ro code  0x009856     0x1  stm8s_it.o [1]
  .far_func.text     ro code  0x009857     0x1  stm8s_it.o [1]
  .far_func.text     ro code  0x009858     0x1  stm8s_it.o [1]
  .far_func.text     ro code  0x009859     0x1  stm8s_it.o [1]
  .far_func.text     ro code  0x00985a     0x1  stm8s_it.o [1]
  .far_func.text     ro code  0x00985b     0x1  SystemInit.o [1]
  .far_func.text     ro code  0x00985c     0x1  SystemInit.o [1]
  .far_func.text     ro code  0x00985d     0x1  __dbg_break.o [3]
                            - 0x00985e  0x17de


*******************************************************************************
*** INIT TABLE
***

          Address   Size
          -------   ----
Zero (__iar_zero_init2)
    1 destination range, total size 0x50:
          0x000012  0x50

Copy (__iar_copy_init2)
    1 source range, total size 0x2:
          0x009845   0x2
    1 destination range, total size 0x2:
          0x000010   0x2



*******************************************************************************
*** MODULE SUMMARY
***

    Module                 ro code  ro data  rw data
    ------                 -------  -------  -------
E:\01_WorkSpace\software\VSCODE\Lotus-main\Lotus-main\Project\Debug\Obj: [1]
    Mp3Module.o                208                11
    Mp3ModuleControl.o          86                10
    SystemInit.o                68
    WS2812B.o                   18
    key.o                    1 751        2       39
    main.o                     110                 1
    mylib.o                    333       11       10
    stm8s_clk.o                194       97
    stm8s_gpio.o               274       94
    stm8s_it.o                  52
    stm8s_iwdg.o                 5
    stm8s_tim4.o               311       94
    stm8s_uart1.o            1 110       95
    timebase.o                 181                11
    uart.o                      98
    ------------------------------------------------
    Total:                   4 799      393       82

command line: [2]
    ------------------------------------------------
    Total:

dbgstm8mmd.a: [3]
    __dbg_break.o                1
    __dbg_xxexit.o              22
    ------------------------------------------------
    Total:                      23

dlstm8mmn.a: [4]
    cexit.o                      6
    char.o                       6
    cstartup.o                  23
    dc_util.o                   88
    exit.o                       4
    far_util.o                  14
    init.o                      30
    init_small.o                70
    interrupt.o                  4      128
    long.o                     289
    long_util.o                 62
    low_level_init.o             3
    short.o                     38
    unhandled_exception.o        3
    vreg_util.o                235
    vregs.o                                       16
    ------------------------------------------------
    Total:                     875      128       16

    Linker created                       20      256
----------------------------------------------------
    Grand Total:             5 697      541      354


*******************************************************************************
*** ENTRY LIST
***

Entry                    Address   Size  Type      Object
-----                    -------   ----  ----      ------
.iar.init_table$$Base   0x00969a          --   Gb  - Linker created -
.iar.init_table$$Limit  0x0096ae          --   Gb  - Linker created -
?b0                     0x000000         Data  Gb  vregs.o [4]
?b1                     0x000001         Data  Gb  vregs.o [4]
?b10                    0x00000a         Data  Gb  vregs.o [4]
?b11                    0x00000b         Data  Gb  vregs.o [4]
?b12                    0x00000c         Data  Gb  vregs.o [4]
?b13                    0x00000d         Data  Gb  vregs.o [4]
?b14                    0x00000e         Data  Gb  vregs.o [4]
?b15                    0x00000f         Data  Gb  vregs.o [4]
?b2                     0x000002         Data  Gb  vregs.o [4]
?b3                     0x000003         Data  Gb  vregs.o [4]
?b4                     0x000004         Data  Gb  vregs.o [4]
?b5                     0x000005         Data  Gb  vregs.o [4]
?b6                     0x000006         Data  Gb  vregs.o [4]
?b7                     0x000007         Data  Gb  vregs.o [4]
?b8                     0x000008         Data  Gb  vregs.o [4]
?b9                     0x000009         Data  Gb  vregs.o [4]
?dc32_l0                0x008fa6         Code  Gb  dc_util.o [4]
?dc32_l1                0x008fd2         Code  Gb  dc_util.o [4]
?e0                     0x000001         Data  Gb  vregs.o [4]
?e1                     0x000005         Data  Gb  vregs.o [4]
?e2                     0x000009         Data  Gb  vregs.o [4]
?e3                     0x00000d         Data  Gb  vregs.o [4]
?epilogue_l2            0x008ad5         Code  Gb  vreg_util.o [4]
?epilogue_l2_l3         0x008ad1         Code  Gb  vreg_util.o [4]
?epilogue_w4            0x008ada         Code  Gb  vreg_util.o [4]
?l0                     0x000000         Data  Gb  vregs.o [4]
?l1                     0x000004         Data  Gb  vregs.o [4]
?l2                     0x000008         Data  Gb  vregs.o [4]
?l3                     0x00000c         Data  Gb  vregs.o [4]
?load24_e1_0x           0x0097e8         Code  Gb  far_util.o [4]
?load32_0x_l0           0x0092d2         Code  Gb  long_util.o [4]
?load32_l0_0x           0x0092bc         Code  Gb  long_util.o [4]
?load32_l0_asp          0x0092b0         Code  Gb  long_util.o [4]
?load32_l0_dbsp         0x0092a2         Code  Gb  long_util.o [4]
?load32_l0_xsp          0x0092b2         Code  Gb  long_util.o [4]
?load32_xsp_l0          0x0092c8         Code  Gb  long_util.o [4]
?mov_e0_e2              0x008ae2         Code  Gb  vreg_util.o [4]
?mov_e0_e3              0x008aef         Code  Gb  vreg_util.o [4]
?mov_e1_e0              0x008afc         Code  Gb  vreg_util.o [4]
?mov_e2_e0              0x008b09         Code  Gb  vreg_util.o [4]
?mov_e3_e0              0x008b16         Code  Gb  vreg_util.o [4]
?mov_l0_l2              0x008adf         Code  Gb  vreg_util.o [4]
?mov_l0_l3              0x008aec         Code  Gb  vreg_util.o [4]
?mov_l1_l0              0x008af9         Code  Gb  vreg_util.o [4]
?mov_l2_l0              0x008b06         Code  Gb  vreg_util.o [4]
?mov_l3_l0              0x008b13         Code  Gb  vreg_util.o [4]
?mov_w1_w5              0x008ae5         Code  Gb  vreg_util.o [4]
?mov_w1_w7              0x008af2         Code  Gb  vreg_util.o [4]
?mov_w3_w1              0x008aff         Code  Gb  vreg_util.o [4]
?mov_w5_w1              0x008b0c         Code  Gb  vreg_util.o [4]
?mov_w7_w1              0x008b19         Code  Gb  vreg_util.o [4]
?mul16_x_x_w0           0x009582         Code  Gb  short.o [4]
?mul32_l0_l0_l1         0x00881d         Code  Gb  long.o [4]
?pop_l0                 0x008a99         Code  Gb  vreg_util.o [4]
?pop_l1                 0x008aa4         Code  Gb  vreg_util.o [4]
?pop_l2                 0x008aaf         Code  Gb  vreg_util.o [4]
?pop_l3                 0x008aba         Code  Gb  vreg_util.o [4]
?pop_w4                 0x008a51         Code  Gb  vreg_util.o [4]
?push_l0                0x008a64         Code  Gb  vreg_util.o [4]
?push_l1                0x008a69         Code  Gb  vreg_util.o [4]
?push_l2                0x008a6e         Code  Gb  vreg_util.o [4]
?push_l3                0x008a73         Code  Gb  vreg_util.o [4]
?push_w4                0x008a35         Code  Gb  vreg_util.o [4]
?sll16_x_x_a            0x0095a0         Code  Gb  short.o [4]
?sll32_0x_0x_a          0x008915         Code  Gb  long.o [4]
?sll32_l0_l0_a          0x008912         Code  Gb  long.o [4]
?srl8_a_a_5             0x009819         Code  Gb  char.o [4]
?srl8_a_a_6             0x009818         Code  Gb  char.o [4]
?sub32_l0_l0_0x         0x008805         Code  Gb  long.o [4]
?sub32_l0_l0_l1         0x008802         Code  Gb  long.o [4]
?udiv32_l0_dl_l1        0x00889b         Code  Gb  long.o [4]
?udiv32_l0_l0_dl        0x0088a1         Code  Gb  long.o [4]
?udiv32_l0_l0_l1        0x0088a5         Code  Gb  long.o [4]
?umod32_l1_l0_l1        0x0088a5         Code  Gb  long.o [4]
?w0                     0x000000         Data  Gb  vregs.o [4]
?w1                     0x000002         Data  Gb  vregs.o [4]
?w2                     0x000004         Data  Gb  vregs.o [4]
?w3                     0x000006         Data  Gb  vregs.o [4]
?w4                     0x000008         Data  Gb  vregs.o [4]
?w5                     0x00000a         Data  Gb  vregs.o [4]
?w6                     0x00000c         Data  Gb  vregs.o [4]
?w7                     0x00000e         Data  Gb  vregs.o [4]
ADC1_IRQHandler         0x009859    0x1  Code  Gb  stm8s_it.o [1]
AWU_IRQHandler          0x00984a    0x1  Code  Gb  stm8s_it.o [1]
CLK_Config              0x009812    0x6  Code  Lc  main.o [1]
CLK_GetClockFreq        0x008bf8   0x84  Code  Gb  stm8s_clk.o [1]
CLK_HSIPrescalerConfig  0x009264   0x3e  Code  Gb  stm8s_clk.o [1]
CLK_IRQHandler          0x00984b    0x1  Code  Gb  stm8s_it.o [1]
CSTACK$$Base            0x000300          --   Gb  - Linker created -
CSTACK$$Limit           0x000400          --   Gb  - Linker created -
ChangeDevice            0x008cfb   0x70  Code  Gb  key.o [1]
CurDevNUM               0x000035    0x2  Data  Gb  key.o [1]
CurDevTotal             0x00002d    0x2  Data  Gb  key.o [1]
CurrentEQ               0x00004b    0x1  Data  Gb  key.o [1]
DS100MS_CNT             0x00955b   0x27  Code  Gb  mylib.o [1]
DS100MS_CNT::counter100ms
                        0x00005a    0x1  Data  Lc  mylib.o [1]
DS10MS_CNT              0x009615   0x22  Code  Gb  mylib.o [1]
DS10MS_CNT::counter10ms
                        0x000059    0x1  Data  Lc  mylib.o [1]
DS2MS_CNT               0x009637   0x21  Code  Gb  mylib.o [1]
DS2MS_CNT::counter2ms   0x000058    0x1  Data  Lc  mylib.o [1]
DS500MS_CNT             0x0097ac   0x11  Code  Gb  mylib.o [1]
DelayTime               0x00004e    0x1  Data  Gb  key.o [1]
DispModlueError         0x00950b   0x28  Code  Gb  key.o [1]
DoSum                   0x0091e3   0x42  Code  Gb  Mp3Module.o [1]
EEPROM_EEC_IRQHandler   0x00985a    0x1  Code  Gb  stm8s_it.o [1]
EXTI_PORTA_IRQHandler   0x00984c    0x1  Code  Gb  stm8s_it.o [1]
EXTI_PORTB_IRQHandler   0x00984d    0x1  Code  Gb  stm8s_it.o [1]
EXTI_PORTC_IRQHandler   0x00984e    0x1  Code  Gb  stm8s_it.o [1]
EXTI_PORTD_IRQHandler   0x00984f    0x1  Code  Gb  stm8s_it.o [1]
EXTI_PORTE_IRQHandler   0x009850    0x1  Code  Gb  stm8s_it.o [1]
FEEDBACK                0x000045    0x1  Data  Gb  key.o [1]
FileNum                 0x000043    0x1  Data  Lc  key.o [1]
FlashCurFile            0x00003b    0x2  Data  Gb  key.o [1]
FlashTotal              0x000033    0x2  Data  Gb  key.o [1]
FolderNum               0x000042    0x1  Data  Lc  key.o [1]
GPIO_Config             0x0097cc    0xe  Code  Lc  main.o [1]
GPIO_Init               0x008923  0x112  Code  Gb  stm8s_gpio.o [1]
GoInitDevice            0x009196   0x4d  Code  Gb  key.o [1]
HSIDivFactor            0x009839    0x4  Data  Gb  stm8s_clk.o [1]
I2C_IRQHandler          0x009858    0x1  Code  Gb  stm8s_it.o [1]
INTVEC$$Base            0x008000          --   Gb  - Linker created -
INTVEC$$Limit           0x008080          --   Gb  - Linker created -
IWDG_ReloadCounter      0x009824    0x5  Code  Gb  stm8s_iwdg.o [1]
InputNumCnt             0x000041    0x1  Data  Lc  key.o [1]
MMC_Init                0x008ffe   0x56  Code  Gb  Mp3ModuleControl.o [1]
MSG_FIFO                0x000010    0x1  Data  Lc  key.o [1]
MSG_Task                0x008080  0x52f  Code  Gb  key.o [1]
MSG_Task::msg           0x000052    0x1  Data  Lc  key.o [1]
OnlineDevice            0x00004d    0x1  Data  Gb  key.o [1]
OutTimeCnt              0x000048    0x1  Data  Gb  key.o [1]
PlayDevice              0x00004c    0x1  Data  Gb  key.o [1]
PointFunc               0x000050    0x1  Data  Gb  key.o [1]
PointPlayFolderNum      0x008d6b   0x6b  Code  Gb  key.o [1]
PointPlayFolderNum::InputCnt
                        0x000053    0x1  Data  Lc  key.o [1]
PointPlayNum            0x0092e0   0x3c  Code  Gb  key.o [1]
QueryACKTime            0x000049    0x1  Data  Gb  key.o [1]
RAM_Init                0x009708   0x1d  Code  Gb  SystemInit.o [1]
Region$$Table$$Base     0x00969a          --   Gb  - Linker created -
Region$$Table$$Limit    0x0096ae          --   Gb  - Linker created -
ResendCount             0x000011    0x1  Data  Gb  key.o [1]
SPI_IRQHandler          0x009851    0x1  Code  Gb  stm8s_it.o [1]
SendCmd                 0x0090fa   0x4e  Code  Gb  Mp3Module.o [1]
SendDataLen             0x000055    0x1  Data  Lc  Mp3Module.o [1]
Send_buf                0x000012    0xa  Data  Lc  Mp3Module.o [1]
Serial_init             0x00985c    0x1  Code  Gb  SystemInit.o [1]
Status0                 0x000056    0x1  Data  Gb  mylib.o [1]
Status1                 0x000057    0x1  Data  Gb  mylib.o [1]
SysReturnTime           0x00004a    0x1  Data  Gb  key.o [1]
System_Init             0x0095a8   0x25  Code  Gb  SystemInit.o [1]
System_Status           0x000047    0x1  Data  Gb  key.o [1]
TFCurFile               0x000039    0x2  Data  Gb  key.o [1]
TFTotal                 0x000031    0x2  Data  Gb  key.o [1]
TIM1_CAP_COM_IRQHandler
                        0x009853    0x1  Code  Gb  stm8s_it.o [1]
TIM1_UPD_OVF_TRG_BRK_IRQHandler
                        0x009852    0x1  Code  Gb  stm8s_it.o [1]
TIM2_CAP_COM_IRQHandler
                        0x009855    0x1  Code  Gb  stm8s_it.o [1]
TIM2_UPD_OVF_BRK_IRQHandler
                        0x009854    0x1  Code  Gb  stm8s_it.o [1]
TIM4_ClearFlag          0x0095cd   0x24  Code  Gb  stm8s_tim4.o [1]
TIM4_ClearITPendingBit  0x0095f1   0x24  Code  Gb  stm8s_tim4.o [1]
TIM4_Cmd                0x0093be   0x30  Code  Gb  stm8s_tim4.o [1]
TIM4_DeInit             0x009725   0x19  Code  Gb  stm8s_tim4.o [1]
TIM4_ITConfig           0x0090a8   0x52  Code  Gb  stm8s_tim4.o [1]
TIM4_TimeBaseInit       0x009054   0x54  Code  Gb  stm8s_tim4.o [1]
TIM4_UPD_OVF_IRQHandler
                        0x009658   0x21  Code  Gb  stm8s_it.o [1]
TLI_IRQHandler          0x009849    0x1  Code  Gb  stm8s_it.o [1]
TRAP_IRQHandler         0x009848    0x1  Code  Gb  stm8s_it.o [1]
TimeBase_Config         0x009679   0x21  Code  Lc  timebase.o [1]
TimeBase_Get1msSystemTimeDelta
                        0x00982d    0x4  Code  Gb  timebase.o [1]
TimeBase_HandleTimeBaseCouter
                        0x008c7c   0x7f  Code  Gb  timebase.o [1]
TimeBase_HandleTimeBaseCouter::uc10msBaseTime
                        0x000061    0x1  Data  Lc  timebase.o [1]
TimeBase_HandleTimeBaseCouter::uc1msBaseTime
                        0x000060    0x1  Data  Lc  timebase.o [1]
TimeBase_HandleTimeBaseCouter::ui1sBaseTime
                        0x00003f    0x2  Data  Lc  timebase.o [1]
TimeBase_HandleTimeBaseCouter::ui250msBaseTime
                        0x00003d    0x2  Data  Lc  timebase.o [1]
TimeBase_IncerementCounter_UPD_IRQ
                        0x00980a    0x8  Code  Gb  timebase.o [1]
TimeBase_Init           0x009801    0x9  Code  Gb  timebase.o [1]
Timer0_Init             0x00985b    0x1  Code  Gb  SystemInit.o [1]
UART1_Cmd               0x0097da    0xe  Code  Gb  stm8s_uart1.o [1]
UART1_DeInit            0x0094de   0x2d  Code  Gb  stm8s_uart1.o [1]
UART1_HalfDuplexCmd     0x0093ee   0x30  Code  Gb  stm8s_uart1.o [1]
UART1_ITConfig          0x008b20   0xd8  Code  Gb  stm8s_uart1.o [1]
UART1_Init              0x0085af  0x253  Code  Gb  stm8s_uart1.o [1]
UART1_IrDACmd           0x00941e   0x30  Code  Gb  stm8s_uart1.o [1]
UART1_LINCmd            0x00944e   0x30  Code  Gb  stm8s_uart1.o [1]
UART1_RX_IRQHandler     0x009857    0x1  Code  Gb  stm8s_it.o [1]
UART1_SmartCardCmd      0x00947e   0x30  Code  Gb  stm8s_uart1.o [1]
UART1_SmartCardNACKCmd  0x0094ae   0x30  Code  Gb  stm8s_uart1.o [1]
UART1_TX_IRQHandler     0x009856    0x1  Code  Gb  stm8s_it.o [1]
UDiskCurFile            0x000037    0x2  Data  Gb  key.o [1]
UDiskTotal              0x00002f    0x2  Data  Gb  key.o [1]
UartRecvACK             0x000046    0x1  Data  Gb  key.o [1]
Uart_Enable             0x0097bd    0xf  Code  Gb  uart.o [1]
Uart_Init               0x0096ae   0x1e  Code  Gb  uart.o [1]
Uart_ParameterConfig    0x009357   0x35  Code  Gb  uart.o [1]
Uart_PutByte            0x009847    0x1  Code  Gb  Mp3Module.o [1]
Uart_SendCMD            0x009225   0x3f  Code  Gb  Mp3Module.o [1]
Ws2812b_Configuration   0x00979a   0x12  Code  Gb  WS2812B.o [1]
__DebugBreak            0x00985d    0x1  Code  Gb  __dbg_break.o [3]
__exit                  0x009784   0x16  Code  Gb  __dbg_xxexit.o [3]
__iar_copy_init2        0x009533         Code  Gb  init_small.o [4]
__iar_data_init2        0x0096cc   0x1e  Code  Gb  init.o [4]
__iar_program_start     0x00976d         Code  Gb  cstartup.o [4]
__iar_unhandled_exception
                        0x009840         Code  Gb  unhandled_exception.o [4]
__iar_zero_init2        0x0096ea         Code  Gb  init_small.o [4]
__intvec                0x008000         Data  Gb  interrupt.o [4]
__low_level_init        0x00983d    0x3  Code  Gb  low_level_init.o [4]
_exit                   0x00981e         Code  Gb  cexit.o [4]
_interrupt_1            0x009848         Code  Gb  stm8s_it.o [1]
_interrupt_12           0x009851         Code  Gb  stm8s_it.o [1]
_interrupt_13           0x009852         Code  Gb  stm8s_it.o [1]
_interrupt_14           0x009853         Code  Gb  stm8s_it.o [1]
_interrupt_15           0x009854         Code  Gb  stm8s_it.o [1]
_interrupt_16           0x009855         Code  Gb  stm8s_it.o [1]
_interrupt_19           0x009856         Code  Gb  stm8s_it.o [1]
_interrupt_2            0x009849         Code  Gb  stm8s_it.o [1]
_interrupt_20           0x009857         Code  Gb  stm8s_it.o [1]
_interrupt_21           0x009858         Code  Gb  stm8s_it.o [1]
_interrupt_24           0x009859         Code  Gb  stm8s_it.o [1]
_interrupt_25           0x009658         Code  Gb  stm8s_it.o [1]
_interrupt_26           0x00985a         Code  Gb  stm8s_it.o [1]
_interrupt_3            0x00984a         Code  Gb  stm8s_it.o [1]
_interrupt_4            0x00984b         Code  Gb  stm8s_it.o [1]
_interrupt_5            0x00984c         Code  Gb  stm8s_it.o [1]
_interrupt_6            0x00984d         Code  Gb  stm8s_it.o [1]
_interrupt_7            0x00984e         Code  Gb  stm8s_it.o [1]
_interrupt_8            0x00984f         Code  Gb  stm8s_it.o [1]
_interrupt_9            0x009850         Code  Gb  stm8s_it.o [1]
app_get_msg             0x00973e   0x18  Code  Gb  key.o [1]
app_get_msg::msg        0x000051    0x1  Data  Lc  key.o [1]
asc_number              0x0097f6    0xb  Data  Gb  mylib.o [1]
assert_failed           0x009843    0x2  Code  Gb  main.o [1]
bcd_number              0x000026    0x5  Data  Gb  mylib.o [1]
counter1ms              0x000054    0x1  Data  Lc  main.o [1]
exit                    0x009835    0x4  Code  Gb  exit.o [4]
input_number            0x00002b    0x2  Data  Gb  key.o [1]
input_vol               0x00004f    0x1  Data  Gb  key.o [1]
itoa1                   0x009756   0x17  Code  Gb  mylib.o [1]
itoa2                   0x00938c   0x32  Code  Gb  mylib.o [1]
itoa3                   0x00931c   0x3b  Code  Gb  mylib.o [1]
itoa4                   0x009148   0x4e  Code  Gb  mylib.o [1]
main                    0x008f4e   0x58  Code  Gb  main.o [1]
put_msg_lifo            0x009829    0x4  Code  Gb  key.o [1]
uc10msSystemTimeDelta   0x00005d    0x1  Data  Lc  timebase.o [1]
uc1msSystemTimeDelta    0x00005c    0x1  Data  Lc  timebase.o [1]
uc1sSystemTimeDelta     0x00005f    0x1  Data  Lc  timebase.o [1]
uc250msSystemTimeDelta  0x00005e    0x1  Data  Lc  timebase.o [1]
ucErrorStatus           0x000044    0x1  Data  Gb  key.o [1]
ucSendBuff              0x00001c    0xa  Data  Lc  Mp3ModuleControl.o [1]
ucSystemTime            0x00005b    0x1  Data  Lc  timebase.o [1]


[1] = E:\01_WorkSpace\software\VSCODE\Lotus-main\Lotus-main\Project\Debug\Obj
[2] = command line
[3] = dbgstm8mmd.a
[4] = dlstm8mmn.a

  5 697 bytes of readonly  code memory
    541 bytes of readonly  data memory
    354 bytes of readwrite data memory

Errors: none
Warnings: none
