###############################################################################
#
# IAR ELF Linker V3.10.1.201 for STM8                     12/Apr/2021  22:10:31
# Copyright 2010-2017 IAR Systems AB.
#
#    Output file  =  
#        E:\01_WorkSpace\software\VSCODE\Lotus-main\Lotus-main\Project\Debug\Exe\lotus.out
#    Map file     =  
#        E:\01_WorkSpace\software\VSCODE\Lotus-main\Lotus-main\Project\Debug\List\lotus.map
#    Command line =  
#        -f C:\Users\sheol\AppData\Local\Temp\EWEC53.tmp
#        (E:\01_WorkSpace\software\VSCODE\Lotus-main\Lotus-main\Project\Debug\Obj\FIFOManage.o
#        E:\01_WorkSpace\software\VSCODE\Lotus-main\Lotus-main\Project\Debug\Obj\iwdg.o
#        E:\01_WorkSpace\software\VSCODE\Lotus-main\Lotus-main\Project\Debug\Obj\main.o
#        E:\01_WorkSpace\software\VSCODE\Lotus-main\Lotus-main\Project\Debug\Obj\Mp3ModuleControl.o
#        E:\01_WorkSpace\software\VSCODE\Lotus-main\Lotus-main\Project\Debug\Obj\mylib.o
#        E:\01_WorkSpace\software\VSCODE\Lotus-main\Lotus-main\Project\Debug\Obj\stm8s_clk.o
#        E:\01_WorkSpace\software\VSCODE\Lotus-main\Lotus-main\Project\Debug\Obj\stm8s_gpio.o
#        E:\01_WorkSpace\software\VSCODE\Lotus-main\Lotus-main\Project\Debug\Obj\stm8s_it.o
#        E:\01_WorkSpace\software\VSCODE\Lotus-main\Lotus-main\Project\Debug\Obj\stm8s_iwdg.o
#        E:\01_WorkSpace\software\VSCODE\Lotus-main\Lotus-main\Project\Debug\Obj\stm8s_tim4.o
#        E:\01_WorkSpace\software\VSCODE\Lotus-main\Lotus-main\Project\Debug\Obj\stm8s_uart1.o
#        E:\01_WorkSpace\software\VSCODE\Lotus-main\Lotus-main\Project\Debug\Obj\SystemInit.o
#        E:\01_WorkSpace\software\VSCODE\Lotus-main\Lotus-main\Project\Debug\Obj\timebase.o
#        E:\01_WorkSpace\software\VSCODE\Lotus-main\Lotus-main\Project\Debug\Obj\uart.o
#        E:\01_WorkSpace\software\VSCODE\Lotus-main\Lotus-main\Project\Debug\Obj\WS2812B.o
#        --redirect _Printf=_PrintfFullNoMb --redirect _Scanf=_ScanfFullNoMb -o
#        E:\01_WorkSpace\software\VSCODE\Lotus-main\Lotus-main\Project\Debug\Exe\lotus.out
#        --map
#        E:\01_WorkSpace\software\VSCODE\Lotus-main\Lotus-main\Project\Debug\List\lotus.map
#        --config "D:\Program Files (x86)\IAR Systems\Embedded Workbench
#        8.0\stm8\config\lnkstm8s103f3.icf" --config_def _CSTACK_SIZE=0x100
#        --config_def _HEAP_SIZE=0x100 --entry __iar_program_start --debug_lib)
#
###############################################################################

*******************************************************************************
*** RUNTIME MODEL ATTRIBUTES
***

__SystemLibrary            = DLib
__code_model               = medium_or_large
__core                     = stm8
__data_model               = medium
__dlib_file_descriptor     = 0
__dlib_full_locale_support = 0
__rt_version               = 4


*******************************************************************************
*** PLACEMENT SUMMARY
***

"A0":  place at start of [0x000000-0x0000ff] { rw section .vregs };
"A1":  place at end of [0x000000-0x0003ff] { block CSTACK };
"P2":  place in [from 0x000000 to 0x0003ff] {
          block HEAP, rw section __DLIB_PERTHREAD, rw section .far.bss,
          rw section .far.data, rw section .far.noinit,
          rw section .far_func.textrw, rw section .huge.bss,
          rw section .huge.data, rw section .huge.noinit,
          rw section .huge_func.textrw, rw section .iar.dynexit,
          rw section .near.bss, rw section .near.data, rw section .near.noinit,
          rw section .near_func.textrw };
"A2":  place at start of [0x008000-0x009fff] { block INTVEC };
"P3":  place in [from 0x008000 to 0x009fff] {
          ro section __DLIB_PERTHREAD_init, ro section .far.data_init,
          ro section .far_func.textrw_init, ro section .huge.data_init,
          ro section .huge_func.textrw_init, ro section .iar.init_table,
          ro section .init_array, ro section .near.data_init,
          ro section .near.rodata, ro section .near_func.text,
          ro section .near_func.textrw_init, ro section .tiny.data_init,
          ro section .tiny.rodata_init };
"P4":  place in [from 0x008000 to 0x009fff] {
          ro section .far.rodata, ro section .far_func.text };
"P5":  place in [from 0x008000 to 0x009fff] {
          ro section .huge.rodata, ro section .huge_func.text };
do not initialize {
   rw section .eeprom.noinit, rw section .far.noinit, rw section .huge.noinit,
   rw section .near.noinit, rw section .tiny.noinit, rw section .vregs };

  Section          Kind      Address    Size  Object
  -------          ----      -------    ----  ------
"A0":                                   0x10
  .vregs           uninit   0x000000    0x10  vregs.o [4]
                          - 0x000010    0x10

"P2":                                   0x77
  .near.bss        zero     0x000010    0x60  FIFOManage.o [1]
  .near.bss        zero     0x000070     0xa  Mp3ModuleControl.o [1]
  .near.bss        zero     0x00007a     0x2  timebase.o [1]
  .near.bss        zero     0x00007c     0x2  timebase.o [1]
  .near.bss        zero     0x00007e     0x1  main.o [1]
  .near.bss        zero     0x00007f     0x1  main.o [1]
  .near.bss        zero     0x000080     0x1  timebase.o [1]
  .near.bss        zero     0x000081     0x1  timebase.o [1]
  .near.bss        zero     0x000082     0x1  timebase.o [1]
  .near.bss        zero     0x000083     0x1  timebase.o [1]
  .near.bss        zero     0x000084     0x1  timebase.o [1]
  .near.bss        zero     0x000085     0x1  timebase.o [1]
  .near.bss        zero     0x000086     0x1  timebase.o [1]
                          - 0x000087    0x77

"A1":                                  0x100
  CSTACK                    0x000300   0x100  <Block>
    CSTACK         uninit   0x000300   0x100  <Block tail>
                          - 0x000400   0x100

"A2":                                   0x80
  INTVEC                    0x008000    0x80  <Block>
    .intvec        const    0x008000    0x80  interrupt.o [4]
                          - 0x008080    0x80

"P3-P5":                              0x16c9
  .far_func.text   ro code  0x008080   0x575  WS2812B.o [1]
  .far_func.text   ro code  0x0085f5   0x253  stm8s_uart1.o [1]
  .far_func.text   ro code  0x008848   0x13c  long.o [4]
  .far_func.text   ro code  0x008984   0x112  stm8s_gpio.o [1]
  .far_func.text   ro code  0x008a96    0xff  main.o [1]
  .far_func.text   ro code  0x008b95    0xeb  vreg_util.o [4]
  .far_func.text   ro code  0x008c80    0xd8  stm8s_uart1.o [1]
  .far_func.text   ro code  0x008d58    0xae  stm8s_uart1.o [1]
  .far_func.text   ro code  0x008e06    0x84  stm8s_clk.o [1]
  .far_func.text   ro code  0x008e8a    0x7f  timebase.o [1]
  .far_func.text   ro code  0x008f09    0x63  FIFOManage.o [1]
  .near.rodata     const    0x008f6c    0x5f  stm8s_uart1.o [1]
  .near.rodata     const    0x008fcb    0x5e  stm8s_gpio.o [1]
  .near.rodata     const    0x009029    0x5e  stm8s_tim4.o [1]
  .near.rodata     const    0x009087    0x5d  stm8s_clk.o [1]
  .far_func.text   ro code  0x0090e4    0x58  dc_util.o [4]
  .far_func.text   ro code  0x00913c    0x56  Mp3ModuleControl.o [1]
  .far_func.text   ro code  0x009192    0x54  stm8s_tim4.o [1]
  .far_func.text   ro code  0x0091e6    0x52  stm8s_tim4.o [1]
  .far_func.text   ro code  0x009238    0x50  Mp3ModuleControl.o [1]
  .far_func.text   ro code  0x009288    0x42  Mp3ModuleControl.o [1]
  .far_func.text   ro code  0x0092ca    0x3e  stm8s_clk.o [1]
  .far_func.text   ro code  0x009308    0x3e  long_util.o [4]
  .far_func.text   ro code  0x009346    0x35  uart.o [1]
  .far_func.text   ro code  0x00937b    0x30  stm8s_tim4.o [1]
  .far_func.text   ro code  0x0093ab    0x30  stm8s_uart1.o [1]
  .far_func.text   ro code  0x0093db    0x30  stm8s_uart1.o [1]
  .far_func.text   ro code  0x00940b    0x30  stm8s_uart1.o [1]
  .far_func.text   ro code  0x00943b    0x30  stm8s_uart1.o [1]
  .far_func.text   ro code  0x00946b    0x30  stm8s_uart1.o [1]
  .far_func.text   ro code  0x00949b    0x2d  stm8s_uart1.o [1]
  .far_func.text   ro code  0x0094c8    0x2c  Mp3ModuleControl.o [1]
  .far_func.text   ro code  0x0094f4    0x2a  WS2812B.o [1]
  .far_func.text   ro code  0x00951e    0x26  short.o [4]
  .far_func.text   ro code  0x009544    0x24  stm8s_tim4.o [1]
  .far_func.text   ro code  0x009568    0x24  stm8s_tim4.o [1]
  .far_func.text   ro code  0x00958c    0x21  stm8s_it.o [1]
  .far_func.text   ro code  0x0095ad    0x21  timebase.o [1]
  .iar.init_table  const    0x0095ce     0x9  - Linker created -
  .far_func.text   ro code  0x0095d7    0x1e  uart.o [1]
  .far_func.text   ro code  0x0095f5    0x1e  init.o [4]
  .far_func.text   ro code  0x009613    0x1e  init_small.o [4]
  .far_func.text   ro code  0x009631    0x19  stm8s_tim4.o [1]
  .far_func.text   ro code  0x00964a    0x17  cstartup.o [4]
  .far_func.text   ro code  0x009661    0x16  __dbg_xxexit.o [3]
  .far_func.text   ro code  0x009677    0x14  Mp3ModuleControl.o [1]
  .far_func.text   ro code  0x00968b    0x12  WS2812B.o [1]
  .far_func.text   ro code  0x00969d     0xf  uart.o [1]
  .far_func.text   ro code  0x0096ac     0xf  uart.o [1]
  .far_func.text   ro code  0x0096bb     0xe  main.o [1]
  .far_func.text   ro code  0x0096c9     0xe  stm8s_uart1.o [1]
  .far_func.text   ro code  0x0096d7     0xe  far_util.o [4]
  .far_func.text   ro code  0x0096e5     0xc  Mp3ModuleControl.o [1]
  .far_func.text   ro code  0x0096f1     0xb  Mp3ModuleControl.o [1]
  .far_func.text   ro code  0x0096fc     0x9  timebase.o [1]
  .far_func.text   ro code  0x009705     0x8  timebase.o [1]
  .far_func.text   ro code  0x00970d     0x6  main.o [1]
  .far_func.text   ro code  0x009713     0x6  cexit.o [4]
  .far_func.text   ro code  0x009719     0x4  stm8s_uart1.o [1]
  .far_func.text   ro code  0x00971d     0x4  timebase.o [1]
  .far_func.text   ro code  0x009721     0x4  interrupt.o [4]
  .far_func.text   ro code  0x009725     0x4  exit.o [4]
  .near.rodata     const    0x009729     0x4  stm8s_clk.o [1]
  .far_func.text   ro code  0x00972d     0x3  low_level_init.o [4]
  .far_func.text   ro code  0x009730     0x3  unhandled_exception.o [4]
  .far_func.text   ro code  0x009733     0x2  main.o [1]
  .far_func.text   ro code  0x009735     0x1  stm8s_it.o [1]
  .far_func.text   ro code  0x009736     0x1  stm8s_it.o [1]
  .far_func.text   ro code  0x009737     0x1  stm8s_it.o [1]
  .far_func.text   ro code  0x009738     0x1  stm8s_it.o [1]
  .far_func.text   ro code  0x009739     0x1  stm8s_it.o [1]
  .far_func.text   ro code  0x00973a     0x1  stm8s_it.o [1]
  .far_func.text   ro code  0x00973b     0x1  stm8s_it.o [1]
  .far_func.text   ro code  0x00973c     0x1  stm8s_it.o [1]
  .far_func.text   ro code  0x00973d     0x1  stm8s_it.o [1]
  .far_func.text   ro code  0x00973e     0x1  stm8s_it.o [1]
  .far_func.text   ro code  0x00973f     0x1  stm8s_it.o [1]
  .far_func.text   ro code  0x009740     0x1  stm8s_it.o [1]
  .far_func.text   ro code  0x009741     0x1  stm8s_it.o [1]
  .far_func.text   ro code  0x009742     0x1  stm8s_it.o [1]
  .far_func.text   ro code  0x009743     0x1  stm8s_it.o [1]
  .far_func.text   ro code  0x009744     0x1  stm8s_it.o [1]
  .far_func.text   ro code  0x009745     0x1  stm8s_it.o [1]
  .far_func.text   ro code  0x009746     0x1  stm8s_it.o [1]
  .far_func.text   ro code  0x009747     0x1  stm8s_it.o [1]
  .far_func.text   ro code  0x009748     0x1  __dbg_break.o [3]
                          - 0x009749  0x16c9


*******************************************************************************
*** INIT TABLE
***

          Address   Size
          -------   ----
Zero (__iar_zero_init2)
    1 destination range, total size 0x77:
          0x000010  0x77



*******************************************************************************
*** MODULE SUMMARY
***

    Module                 ro code  ro data  rw data
    ------                 -------  -------  -------
E:\01_WorkSpace\software\VSCODE\Lotus-main\Lotus-main\Project\Debug\Obj: [1]
    FIFOManage.o                99                96
    Mp3ModuleControl.o         319                10
    WS2812B.o                1 457
    main.o                     277                 2
    stm8s_clk.o                194       97
    stm8s_gpio.o               274       94
    stm8s_it.o                  52
    stm8s_tim4.o               311       94
    stm8s_uart1.o            1 288       95
    timebase.o                 181                11
    uart.o                     113
    ------------------------------------------------
    Total:                   4 565      380      119

command line: [2]
    ------------------------------------------------
    Total:

dbgstm8mmd.a: [3]
    __dbg_break.o                1
    __dbg_xxexit.o              22
    ------------------------------------------------
    Total:                      23

dlstm8mmn.a: [4]
    cexit.o                      6
    cstartup.o                  23
    dc_util.o                   88
    exit.o                       4
    far_util.o                  14
    init.o                      30
    init_small.o                30
    interrupt.o                  4      128
    long.o                     316
    long_util.o                 62
    low_level_init.o             3
    short.o                     38
    unhandled_exception.o        3
    vreg_util.o                235
    vregs.o                                       16
    ------------------------------------------------
    Total:                     856      128       16

    Linker created                        9      256
----------------------------------------------------
    Grand Total:             5 444      517      391


*******************************************************************************
*** ENTRY LIST
***

Entry                    Address   Size  Type      Object
-----                    -------   ----  ----      ------
.iar.init_table$$Base   0x0095ce          --   Gb  - Linker created -
.iar.init_table$$Limit  0x0095d7          --   Gb  - Linker created -
?and32_l0_l0_0x         0x00895b         Code  Gb  long.o [4]
?and32_l0_l0_l1         0x008958         Code  Gb  long.o [4]
?b0                     0x000000         Data  Gb  vregs.o [4]
?b1                     0x000001         Data  Gb  vregs.o [4]
?b10                    0x00000a         Data  Gb  vregs.o [4]
?b11                    0x00000b         Data  Gb  vregs.o [4]
?b12                    0x00000c         Data  Gb  vregs.o [4]
?b13                    0x00000d         Data  Gb  vregs.o [4]
?b14                    0x00000e         Data  Gb  vregs.o [4]
?b15                    0x00000f         Data  Gb  vregs.o [4]
?b2                     0x000002         Data  Gb  vregs.o [4]
?b3                     0x000003         Data  Gb  vregs.o [4]
?b4                     0x000004         Data  Gb  vregs.o [4]
?b5                     0x000005         Data  Gb  vregs.o [4]
?b6                     0x000006         Data  Gb  vregs.o [4]
?b7                     0x000007         Data  Gb  vregs.o [4]
?b8                     0x000008         Data  Gb  vregs.o [4]
?b9                     0x000009         Data  Gb  vregs.o [4]
?dc32_l0                0x0090e4         Code  Gb  dc_util.o [4]
?dc32_l1                0x009110         Code  Gb  dc_util.o [4]
?e0                     0x000001         Data  Gb  vregs.o [4]
?e1                     0x000005         Data  Gb  vregs.o [4]
?e2                     0x000009         Data  Gb  vregs.o [4]
?e3                     0x00000d         Data  Gb  vregs.o [4]
?epilogue_l2            0x008c35         Code  Gb  vreg_util.o [4]
?epilogue_l2_l3         0x008c31         Code  Gb  vreg_util.o [4]
?epilogue_w4            0x008c3a         Code  Gb  vreg_util.o [4]
?l0                     0x000000         Data  Gb  vregs.o [4]
?l1                     0x000004         Data  Gb  vregs.o [4]
?l2                     0x000008         Data  Gb  vregs.o [4]
?l3                     0x00000c         Data  Gb  vregs.o [4]
?load24_e1_0x           0x0096d7         Code  Gb  far_util.o [4]
?load32_0x_l0           0x009338         Code  Gb  long_util.o [4]
?load32_l0_0x           0x009322         Code  Gb  long_util.o [4]
?load32_l0_asp          0x009316         Code  Gb  long_util.o [4]
?load32_l0_dbsp         0x009308         Code  Gb  long_util.o [4]
?load32_l0_xsp          0x009318         Code  Gb  long_util.o [4]
?load32_xsp_l0          0x00932e         Code  Gb  long_util.o [4]
?mov_e0_e2              0x008c42         Code  Gb  vreg_util.o [4]
?mov_e0_e3              0x008c4f         Code  Gb  vreg_util.o [4]
?mov_e1_e0              0x008c5c         Code  Gb  vreg_util.o [4]
?mov_e2_e0              0x008c69         Code  Gb  vreg_util.o [4]
?mov_e3_e0              0x008c76         Code  Gb  vreg_util.o [4]
?mov_l0_l2              0x008c3f         Code  Gb  vreg_util.o [4]
?mov_l0_l3              0x008c4c         Code  Gb  vreg_util.o [4]
?mov_l1_l0              0x008c59         Code  Gb  vreg_util.o [4]
?mov_l2_l0              0x008c66         Code  Gb  vreg_util.o [4]
?mov_l3_l0              0x008c73         Code  Gb  vreg_util.o [4]
?mov_w1_w5              0x008c45         Code  Gb  vreg_util.o [4]
?mov_w1_w7              0x008c52         Code  Gb  vreg_util.o [4]
?mov_w3_w1              0x008c5f         Code  Gb  vreg_util.o [4]
?mov_w5_w1              0x008c6c         Code  Gb  vreg_util.o [4]
?mov_w7_w1              0x008c79         Code  Gb  vreg_util.o [4]
?mul16_x_x_w0           0x00951e         Code  Gb  short.o [4]
?mul32_l0_l0_l1         0x008863         Code  Gb  long.o [4]
?pop_l0                 0x008bf9         Code  Gb  vreg_util.o [4]
?pop_l1                 0x008c04         Code  Gb  vreg_util.o [4]
?pop_l2                 0x008c0f         Code  Gb  vreg_util.o [4]
?pop_l3                 0x008c1a         Code  Gb  vreg_util.o [4]
?pop_w4                 0x008bb1         Code  Gb  vreg_util.o [4]
?push_l0                0x008bc4         Code  Gb  vreg_util.o [4]
?push_l1                0x008bc9         Code  Gb  vreg_util.o [4]
?push_l2                0x008bce         Code  Gb  vreg_util.o [4]
?push_l3                0x008bd3         Code  Gb  vreg_util.o [4]
?push_w4                0x008b95         Code  Gb  vreg_util.o [4]
?sll16_x_x_a            0x00953c         Code  Gb  short.o [4]
?sll32_0x_0x_a          0x008976         Code  Gb  long.o [4]
?sll32_l0_l0_a          0x008973         Code  Gb  long.o [4]
?sub32_l0_l0_0x         0x00884b         Code  Gb  long.o [4]
?sub32_l0_l0_l1         0x008848         Code  Gb  long.o [4]
?udiv32_l0_dl_l1        0x0088e1         Code  Gb  long.o [4]
?udiv32_l0_l0_dl        0x0088e7         Code  Gb  long.o [4]
?udiv32_l0_l0_l1        0x0088eb         Code  Gb  long.o [4]
?umod32_l1_l0_l1        0x0088eb         Code  Gb  long.o [4]
?w0                     0x000000         Data  Gb  vregs.o [4]
?w1                     0x000002         Data  Gb  vregs.o [4]
?w2                     0x000004         Data  Gb  vregs.o [4]
?w3                     0x000006         Data  Gb  vregs.o [4]
?w4                     0x000008         Data  Gb  vregs.o [4]
?w5                     0x00000a         Data  Gb  vregs.o [4]
?w6                     0x00000c         Data  Gb  vregs.o [4]
?w7                     0x00000e         Data  Gb  vregs.o [4]
ADC1_IRQHandler         0x009746    0x1  Code  Gb  stm8s_it.o [1]
AWU_IRQHandler          0x009737    0x1  Code  Gb  stm8s_it.o [1]
CLK_Config              0x00970d    0x6  Code  Lc  main.o [1]
CLK_GetClockFreq        0x008e06   0x84  Code  Gb  stm8s_clk.o [1]
CLK_HSIPrescalerConfig  0x0092ca   0x3e  Code  Gb  stm8s_clk.o [1]
CLK_IRQHandler          0x009738    0x1  Code  Gb  stm8s_it.o [1]
CSTACK$$Base            0x000300          --   Gb  - Linker created -
CSTACK$$Limit           0x000400          --   Gb  - Linker created -
EEPROM_EEC_IRQHandler   0x009747    0x1  Code  Gb  stm8s_it.o [1]
EXTI_PORTA_IRQHandler   0x009739    0x1  Code  Gb  stm8s_it.o [1]
EXTI_PORTB_IRQHandler   0x00973a    0x1  Code  Gb  stm8s_it.o [1]
EXTI_PORTC_IRQHandler   0x00973b    0x1  Code  Gb  stm8s_it.o [1]
EXTI_PORTD_IRQHandler   0x00973c    0x1  Code  Gb  stm8s_it.o [1]
EXTI_PORTE_IRQHandler   0x00973d    0x1  Code  Gb  stm8s_it.o [1]
GPIO_Config             0x0096bb    0xe  Code  Lc  main.o [1]
GPIO_Init               0x008984  0x112  Code  Gb  stm8s_gpio.o [1]
HSIDivFactor            0x009729    0x4  Data  Gb  stm8s_clk.o [1]
I2C_IRQHandler          0x009745    0x1  Code  Gb  stm8s_it.o [1]
INTVEC$$Base            0x008000          --   Gb  - Linker created -
INTVEC$$Limit           0x008080          --   Gb  - Linker created -
MMC_DoSum               0x009238   0x50  Code  Lc  Mp3ModuleControl.o [1]
MMC_Init                0x00913c   0x56  Code  Gb  Mp3ModuleControl.o [1]
MMC_SELECT_SONG         0x009677   0x14  Code  Gb  Mp3ModuleControl.o [1]
MMC_SET_SINGLE_CYCLING  0x0096f1    0xb  Code  Gb  Mp3ModuleControl.o [1]
MMC_SET_VOLUMN_Mid      0x0096e5    0xc  Code  Gb  Mp3ModuleControl.o [1]
MMC_SendCMD             0x009288   0x42  Code  Gb  Mp3ModuleControl.o [1]
MMC_SendData            0x0094c8   0x2c  Code  Lc  Mp3ModuleControl.o [1]
MessageArray            0x000010   0x60  Data  Lc  FIFOManage.o [1]
RGB_Refresh             0x0094f4   0x2a  Code  Gb  WS2812B.o [1]
Region$$Table$$Base     0x0095ce          --   Gb  - Linker created -
Region$$Table$$Limit    0x0095d7          --   Gb  - Linker created -
SPI_IRQHandler          0x00973e    0x1  Code  Gb  stm8s_it.o [1]
TIM1_CAP_COM_IRQHandler
                        0x009740    0x1  Code  Gb  stm8s_it.o [1]
TIM1_UPD_OVF_TRG_BRK_IRQHandler
                        0x00973f    0x1  Code  Gb  stm8s_it.o [1]
TIM2_CAP_COM_IRQHandler
                        0x009742    0x1  Code  Gb  stm8s_it.o [1]
TIM2_UPD_OVF_BRK_IRQHandler
                        0x009741    0x1  Code  Gb  stm8s_it.o [1]
TIM4_ClearFlag          0x009544   0x24  Code  Gb  stm8s_tim4.o [1]
TIM4_ClearITPendingBit  0x009568   0x24  Code  Gb  stm8s_tim4.o [1]
TIM4_Cmd                0x00937b   0x30  Code  Gb  stm8s_tim4.o [1]
TIM4_DeInit             0x009631   0x19  Code  Gb  stm8s_tim4.o [1]
TIM4_ITConfig           0x0091e6   0x52  Code  Gb  stm8s_tim4.o [1]
TIM4_TimeBaseInit       0x009192   0x54  Code  Gb  stm8s_tim4.o [1]
TIM4_UPD_OVF_IRQHandler
                        0x00958c   0x21  Code  Gb  stm8s_it.o [1]
TLI_IRQHandler          0x009736    0x1  Code  Gb  stm8s_it.o [1]
TRAP_IRQHandler         0x009735    0x1  Code  Gb  stm8s_it.o [1]
TimeBase_Config         0x0095ad   0x21  Code  Lc  timebase.o [1]
TimeBase_Get1sSystemTimeDelta
                        0x00971d    0x4  Code  Gb  timebase.o [1]
TimeBase_HandleTimeBaseCouter
                        0x008e8a   0x7f  Code  Gb  timebase.o [1]
TimeBase_HandleTimeBaseCouter::uc10msBaseTime
                        0x000086    0x1  Data  Lc  timebase.o [1]
TimeBase_HandleTimeBaseCouter::uc1msBaseTime
                        0x000085    0x1  Data  Lc  timebase.o [1]
TimeBase_HandleTimeBaseCouter::ui1sBaseTime
                        0x00007c    0x2  Data  Lc  timebase.o [1]
TimeBase_HandleTimeBaseCouter::ui250msBaseTime
                        0x00007a    0x2  Data  Lc  timebase.o [1]
TimeBase_IncerementCounter_UPD_IRQ
                        0x009705    0x8  Code  Gb  timebase.o [1]
TimeBase_Init           0x0096fc    0x9  Code  Gb  timebase.o [1]
UART1_Cmd               0x0096c9    0xe  Code  Gb  stm8s_uart1.o [1]
UART1_DeInit            0x00949b   0x2d  Code  Gb  stm8s_uart1.o [1]
UART1_GetFlagStatus     0x008d58   0xae  Code  Gb  stm8s_uart1.o [1]
UART1_HalfDuplexCmd     0x0093ab   0x30  Code  Gb  stm8s_uart1.o [1]
UART1_ITConfig          0x008c80   0xd8  Code  Gb  stm8s_uart1.o [1]
UART1_Init              0x0085f5  0x253  Code  Gb  stm8s_uart1.o [1]
UART1_IrDACmd           0x0093db   0x30  Code  Gb  stm8s_uart1.o [1]
UART1_LINCmd            0x00940b   0x30  Code  Gb  stm8s_uart1.o [1]
UART1_RX_IRQHandler     0x009744    0x1  Code  Gb  stm8s_it.o [1]
UART1_SendData8         0x009719    0x4  Code  Gb  stm8s_uart1.o [1]
UART1_SmartCardCmd      0x00943b   0x30  Code  Gb  stm8s_uart1.o [1]
UART1_SmartCardNACKCmd  0x00946b   0x30  Code  Gb  stm8s_uart1.o [1]
UART1_TX_IRQHandler     0x009743    0x1  Code  Gb  stm8s_it.o [1]
Uart_Enable             0x00969d    0xf  Code  Gb  uart.o [1]
Uart_Init               0x0095d7   0x1e  Code  Gb  uart.o [1]
Uart_ParameterConfig    0x009346   0x35  Code  Gb  uart.o [1]
Uart_SendData           0x0096ac    0xf  Code  Gb  uart.o [1]
Ws2812b_Configuration   0x00968b   0x12  Code  Gb  WS2812B.o [1]
Ws2812b_Write           0x008080  0x575  Code  Gb  WS2812B.o [1]
__DebugBreak            0x009748    0x1  Code  Gb  __dbg_break.o [3]
__exit                  0x009661   0x16  Code  Gb  __dbg_xxexit.o [3]
__iar_data_init2        0x0095f5   0x1e  Code  Gb  init.o [4]
__iar_program_start     0x00964a         Code  Gb  cstartup.o [4]
__iar_unhandled_exception
                        0x009730         Code  Gb  unhandled_exception.o [4]
__iar_zero_init2        0x009613         Code  Gb  init_small.o [4]
__intvec                0x008000         Data  Gb  interrupt.o [4]
__low_level_init        0x00972d    0x3  Code  Gb  low_level_init.o [4]
_exit                   0x009713         Code  Gb  cexit.o [4]
_interrupt_1            0x009735         Code  Gb  stm8s_it.o [1]
_interrupt_12           0x00973e         Code  Gb  stm8s_it.o [1]
_interrupt_13           0x00973f         Code  Gb  stm8s_it.o [1]
_interrupt_14           0x009740         Code  Gb  stm8s_it.o [1]
_interrupt_15           0x009741         Code  Gb  stm8s_it.o [1]
_interrupt_16           0x009742         Code  Gb  stm8s_it.o [1]
_interrupt_19           0x009743         Code  Gb  stm8s_it.o [1]
_interrupt_2            0x009736         Code  Gb  stm8s_it.o [1]
_interrupt_20           0x009744         Code  Gb  stm8s_it.o [1]
_interrupt_21           0x009745         Code  Gb  stm8s_it.o [1]
_interrupt_24           0x009746         Code  Gb  stm8s_it.o [1]
_interrupt_25           0x00958c         Code  Gb  stm8s_it.o [1]
_interrupt_26           0x009747         Code  Gb  stm8s_it.o [1]
_interrupt_3            0x009737         Code  Gb  stm8s_it.o [1]
_interrupt_4            0x009738         Code  Gb  stm8s_it.o [1]
_interrupt_5            0x009739         Code  Gb  stm8s_it.o [1]
_interrupt_6            0x00973a         Code  Gb  stm8s_it.o [1]
_interrupt_7            0x00973b         Code  Gb  stm8s_it.o [1]
_interrupt_8            0x00973c         Code  Gb  stm8s_it.o [1]
_interrupt_9            0x00973d         Code  Gb  stm8s_it.o [1]
app_get_msg             0x008f09   0x63  Code  Gb  FIFOManage.o [1]
assert_failed           0x009733    0x2  Code  Gb  main.o [1]
bplayed                 0x00007f    0x1  Data  Lc  main.o [1]
exit                    0x009725    0x4  Code  Gb  exit.o [4]
main                    0x008a96   0xff  Code  Gb  main.o [1]
uc10msSystemTimeDelta   0x000082    0x1  Data  Lc  timebase.o [1]
uc1msSystemTimeDelta    0x000081    0x1  Data  Lc  timebase.o [1]
uc1sSystemTimeDelta     0x000084    0x1  Data  Lc  timebase.o [1]
uc250msSystemTimeDelta  0x000083    0x1  Data  Lc  timebase.o [1]
ucSendBuff              0x000070    0xa  Data  Lc  Mp3ModuleControl.o [1]
ucSystemTime            0x000080    0x1  Data  Lc  timebase.o [1]
ucTestCounter           0x00007e    0x1  Data  Lc  main.o [1]


[1] = E:\01_WorkSpace\software\VSCODE\Lotus-main\Lotus-main\Project\Debug\Obj
[2] = command line
[3] = dbgstm8mmd.a
[4] = dlstm8mmn.a

  5 444 bytes of readonly  code memory
    517 bytes of readonly  data memory
    391 bytes of readwrite data memory

Errors: none
Warnings: none
